Archive member included to satisfy reference by file (symbol)

C:\stefan\ble_keyboard\ch583\EVT\EXAM\SRC\StdPeriphDriver\libISP583.a(ISP583.o)
                              ./StdPeriphDriver/CH58x_flash.o (FLASH_EEPROM_CMD)
C:\stefan\ble_keyboard\ch583\EVT\EXAM\BLE\LIB\libCH58xBLE.a(message.o)
                              ./Profile/hiddev.o (tmos_msg_deallocate)
C:\stefan\ble_keyboard\ch583\EVT\EXAM\BLE\LIB\libCH58xBLE.a(tmos.o)
                              ./Profile/battservice.o (tmos_memcpy)
C:\stefan\ble_keyboard\ch583\EVT\EXAM\BLE\LIB\libCH58xBLE.a(tmos_hw.o)
                              C:\stefan\ble_keyboard\ch583\EVT\EXAM\BLE\LIB\libCH58xBLE.a(tmos.o) (bleClock_t)
C:\stefan\ble_keyboard\ch583\EVT\EXAM\BLE\LIB\libCH58xBLE.a(tmos_snv.o)
                              C:\stefan\ble_keyboard\ch583\EVT\EXAM\BLE\LIB\libCH58xBLE.a(tmos.o) (tmos_snv_init)
C:\stefan\ble_keyboard\ch583\EVT\EXAM\BLE\LIB\libCH58xBLE.a(gap.o)
                              ./Profile/hiddev.o (GAP_SetParamValue)
C:\stefan\ble_keyboard\ch583\EVT\EXAM\BLE\LIB\libCH58xBLE.a(gap_central.o)
                              C:\stefan\ble_keyboard\ch583\EVT\EXAM\BLE\LIB\libCH58xBLE.a(gap.o) (gapProcessPeriodicAdvertisingSyncEstablishedEvt)
C:\stefan\ble_keyboard\ch583\EVT\EXAM\BLE\LIB\libCH58xBLE.a(gap_peripheral.o)
                              ./APP/hidkbd.o (GAP_ConfigDeviceAddr)
C:\stefan\ble_keyboard\ch583\EVT\EXAM\BLE\LIB\libCH58xBLE.a(gapgattserver.o)
                              ./APP/hidkbd.o (GGS_SetParameter)
C:\stefan\ble_keyboard\ch583\EVT\EXAM\BLE\LIB\libCH58xBLE.a(gatt.o)
                              ./Profile/battservice.o (GATT_bm_alloc)
C:\stefan\ble_keyboard\ch583\EVT\EXAM\BLE\LIB\libCH58xBLE.a(gatt_uuid.o)
                              ./Profile/battservice.o (reportRefUUID)
C:\stefan\ble_keyboard\ch583\EVT\EXAM\BLE\LIB\libCH58xBLE.a(gattclientapp.o)
                              C:\stefan\ble_keyboard\ch583\EVT\EXAM\BLE\LIB\libCH58xBLE.a(gatt.o) (gattGetClientStatus)
C:\stefan\ble_keyboard\ch583\EVT\EXAM\BLE\LIB\libCH58xBLE.a(gattservapp.o)
                              ./Profile/battservice.o (GATTServApp_ReadCharCfg)
C:\stefan\ble_keyboard\ch583\EVT\EXAM\BLE\LIB\libCH58xBLE.a(l2cap.o)
                              C:\stefan\ble_keyboard\ch583\EVT\EXAM\BLE\LIB\libCH58xBLE.a(gatt.o) (L2CAP_GetMTU)
C:\stefan\ble_keyboard\ch583\EVT\EXAM\BLE\LIB\libCH58xBLE.a(l2cap_input.o)
                              C:\stefan\ble_keyboard\ch583\EVT\EXAM\BLE\LIB\libCH58xBLE.a(l2cap.o) (l2capProcessRxData)
C:\stefan\ble_keyboard\ch583\EVT\EXAM\BLE\LIB\libCH58xBLE.a(l2cap_output.o)
                              C:\stefan\ble_keyboard\ch583\EVT\EXAM\BLE\LIB\libCH58xBLE.a(l2cap_input.o) (l2capNotifyData)
C:\stefan\ble_keyboard\ch583\EVT\EXAM\BLE\LIB\libCH58xBLE.a(l2cap_sdu.o)
                              C:\stefan\ble_keyboard\ch583\EVT\EXAM\BLE\LIB\libCH58xBLE.a(l2cap_input.o) (l2capBuildDisconnectRsp)
C:\stefan\ble_keyboard\ch583\EVT\EXAM\BLE\LIB\libCH58xBLE.a(linkdb.o)
                              C:\stefan\ble_keyboard\ch583\EVT\EXAM\BLE\LIB\libCH58xBLE.a(l2cap.o) (linkDB_Init)
C:\stefan\ble_keyboard\ch583\EVT\EXAM\BLE\LIB\libCH58xBLE.a(sm.o)
                              C:\stefan\ble_keyboard\ch583\EVT\EXAM\BLE\LIB\libCH58xBLE.a(gap.o) (smFreePairingParams)
C:\stefan\ble_keyboard\ch583\EVT\EXAM\BLE\LIB\libCH58xBLE.a(sm_initiator.o)
                              C:\stefan\ble_keyboard\ch583\EVT\EXAM\BLE\LIB\libCH58xBLE.a(sm.o) (smInitiatorSendNextKeyInfo)
C:\stefan\ble_keyboard\ch583\EVT\EXAM\BLE\LIB\libCH58xBLE.a(sm_pdu.o)
                              C:\stefan\ble_keyboard\ch583\EVT\EXAM\BLE\LIB\libCH58xBLE.a(sm.o) (smpBuildPairingReq)
C:\stefan\ble_keyboard\ch583\EVT\EXAM\BLE\LIB\libCH58xBLE.a(sm_responding.o)
                              C:\stefan\ble_keyboard\ch583\EVT\EXAM\BLE\LIB\libCH58xBLE.a(sm.o) (smResponderSendNextKeyInfo)
C:\stefan\ble_keyboard\ch583\EVT\EXAM\BLE\LIB\libCH58xBLE.a(sm_toolbox.o)
                              C:\stefan\ble_keyboard\ch583\EVT\EXAM\BLE\LIB\libCH58xBLE.a(sm.o) (sm_ah)
C:\stefan\ble_keyboard\ch583\EVT\EXAM\BLE\LIB\libCH58xBLE.a(host_input.o)
                              C:\stefan\ble_keyboard\ch583\EVT\EXAM\BLE\LIB\libCH58xBLE.a(gap.o) (gBleHostPara)
C:\stefan\ble_keyboard\ch583\EVT\EXAM\BLE\LIB\libCH58xBLE.a(host_output.o)
                              C:\stefan\ble_keyboard\ch583\EVT\EXAM\BLE\LIB\libCH58xBLE.a(gap.o) (HCI_DisconnectCmd)
C:\stefan\ble_keyboard\ch583\EVT\EXAM\BLE\LIB\libCH58xBLE.a(ll_master.o)
                              C:\stefan\ble_keyboard\ch583\EVT\EXAM\BLE\LIB\libCH58xBLE.a(gap_central.o) (LL_SetDataSendPriority)
C:\stefan\ble_keyboard\ch583\EVT\EXAM\BLE\LIB\libCH58xBLE.a(ll_pdu.o)
                              C:\stefan\ble_keyboard\ch583\EVT\EXAM\BLE\LIB\libCH58xBLE.a(ll_master.o) (LL_ConnectionUpdateInd)
C:\stefan\ble_keyboard\ch583\EVT\EXAM\BLE\LIB\libCH58xBLE.a(ll_scan.o)
[...]
Memory Configuration

Name             Origin             Length             Attributes
FLASH            0x0000000000000000 0x0000000000070000 xr
RAM              0x0000000020000000 0x0000000000008000 xrw
*default*        0x0000000000000000 0xffffffffffffffff

Linker script and memory map

LOAD ./StdPeriphDriver/CH58x_adc.o
LOAD ./StdPeriphDriver/CH58x_clk.o
LOAD ./StdPeriphDriver/CH58x_flash.o
LOAD ./StdPeriphDriver/CH58x_gpio.o
LOAD ./StdPeriphDriver/CH58x_i2c.o
LOAD ./StdPeriphDriver/CH58x_pwm.o
LOAD ./StdPeriphDriver/CH58x_pwr.o
LOAD ./StdPeriphDriver/CH58x_spi0.o
LOAD ./StdPeriphDriver/CH58x_spi1.o
LOAD ./StdPeriphDriver/CH58x_sys.o
LOAD ./StdPeriphDriver/CH58x_timer0.o
LOAD ./StdPeriphDriver/CH58x_timer1.o
LOAD ./StdPeriphDriver/CH58x_timer2.o
LOAD ./StdPeriphDriver/CH58x_timer3.o
LOAD ./StdPeriphDriver/CH58x_uart0.o
LOAD ./StdPeriphDriver/CH58x_uart1.o
LOAD ./StdPeriphDriver/CH58x_uart2.o
LOAD ./StdPeriphDriver/CH58x_uart3.o
LOAD ./StdPeriphDriver/CH58x_usb2dev.o
LOAD ./StdPeriphDriver/CH58x_usb2hostBase.o
LOAD ./StdPeriphDriver/CH58x_usb2hostClass.o
LOAD ./StdPeriphDriver/CH58x_usbdev.o
LOAD ./StdPeriphDriver/CH58x_usbhostBase.o
LOAD ./StdPeriphDriver/CH58x_usbhostClass.o
LOAD ./Startup/startup_CH583.o
LOAD ./RVMSIS/core_riscv.o
LOAD ./Profile/battservice.o
LOAD ./Profile/devinfoservice.o
LOAD ./Profile/hiddev.o
LOAD ./Profile/hidkbdservice.o
LOAD ./Profile/scanparamservice.o
LOAD ./HAL/MCU.o
LOAD ./HAL/RTC.o
LOAD ./HAL/SLEEP.o
LOAD ./APP/hidkbd.o
LOAD ./APP/hidkbd_main.o
LOAD C:\stefan\ble_keyboard\ch583\EVT\EXAM\SRC\StdPeriphDriver\libISP583.a
LOAD C:\stefan\ble_keyboard\ch583\EVT\EXAM\BLE\LIB\libCH58xBLE.a
LOAD c:/mounriver/mrs_community/toolchain/risc-v embedded gcc/bin/../lib/gcc/riscv-none-embed/8.2.0/rv32imac/ilp32\libgcc.a
LOAD c:/mounriver/mrs_community/toolchain/risc-v embedded gcc/bin/../lib/gcc/riscv-none-embed/8.2.0/../../../../riscv-none-embed/lib/rv32imac/ilp32\libg_nano.a
LOAD c:/mounriver/mrs_community/toolchain/risc-v embedded gcc/bin/../lib/gcc/riscv-none-embed/8.2.0/../../../../riscv-none-embed/lib/rv32imac/ilp32\libc_nano.a
LOAD c:/mounriver/mrs_community/toolchain/risc-v embedded gcc/bin/../lib/gcc/riscv-none-embed/8.2.0/rv32imac/ilp32\libgcc.a
START GROUP
LOAD c:/mounriver/mrs_community/toolchain/risc-v embedded gcc/bin/../lib/gcc/riscv-none-embed/8.2.0/rv32imac/ilp32\libgcc.a
LOAD c:/mounriver/mrs_community/toolchain/risc-v embedded gcc/bin/../lib/gcc/riscv-none-embed/8.2.0/../../../../riscv-none-embed/lib/rv32imac/ilp32\libc_nano.a
LOAD c:/mounriver/mrs_community/toolchain/risc-v embedded gcc/bin/../lib/gcc/riscv-none-embed/8.2.0/../../../../riscv-none-embed/lib/rv32imac/ilp32\libnosys.a
END GROUP
START GROUP
LOAD c:/mounriver/mrs_community/toolchain/risc-v embedded gcc/bin/../lib/gcc/riscv-none-embed/8.2.0/rv32imac/ilp32\libgcc.a
LOAD c:/mounriver/mrs_community/toolchain/risc-v embedded gcc/bin/../lib/gcc/riscv-none-embed/8.2.0/../../../../riscv-none-embed/lib/rv32imac/ilp32\libc_nano.a
LOAD c:/mounriver/mrs_community/toolchain/risc-v embedded gcc/bin/../lib/gcc/riscv-none-embed/8.2.0/../../../../riscv-none-embed/lib/rv32imac/ilp32\libnosys.a
END GROUP
                0x0000000000000200                __stack_size = 0x200
                [!provide]                        PROVIDE (_stack_size = __stack_size)

.init           0x0000000000000000        0x4
                0x0000000000000000                _sinit = .
                0x0000000000000000                . = ALIGN (0x4)
 *(SORT_NONE(.init))
 .init          0x0000000000000000        0x4 ./Startup/startup_CH583.o
                0x0000000000000000                _start
                0x0000000000000004                . = ALIGN (0x4)
                0x0000000000000004                _einit = .

.highcodelalign
                0x0000000000000004        0x0
                0x0000000000000004                . = ALIGN (0x4)
                0x0000000000000004                PROVIDE (_highcode_lma = .)

.highcode       0x0000000020000000     0x2200 load address 0x0000000000000004
                0x0000000020000000                . = ALIGN (0x4)
                0x0000000020000000                PROVIDE (_highcode_vma_start = .)
 *(.vector)
 .vector        0x0000000020000000       0x90 ./Startup/startup_CH583.o
 *(SORT_NONE(.vector_handler))
 .vector_handler
                0x0000000020000090        0x2 ./Startup/startup_CH583.o
                0x0000000020000090                GPIOA_IRQHandler
                0x0000000020000090                SysTick_Handler
                0x0000000020000090                NMI_Handler
                0x0000000020000090                UART1_IRQHandler
                0x0000000020000090                UART0_IRQHandler
                0x0000000020000090                BB_IRQHandler
                0x0000000020000090                Break_Point_Handler
                0x0000000020000090                Ecall_M_Mode_Handler
                0x0000000020000090                UART2_IRQHandler
                0x0000000020000090                PWMX_IRQHandler
                0x0000000020000090                ADC_IRQHandler
                0x0000000020000090                TMR2_IRQHandler
                0x0000000020000090                USB_IRQHandler
                0x0000000020000090                I2C_IRQHandler
                0x0000000020000090                USB2_IRQHandler
                0x0000000020000090                LLE_IRQHandler
                0x0000000020000090                WDOG_BAT_IRQHandler
                0x0000000020000090                Ecall_U_Mode_Handler
                0x0000000020000090                TMR3_IRQHandler
                0x0000000020000090                SW_Handler
                0x0000000020000090                SPI0_IRQHandler
                0x0000000020000090                UART3_IRQHandler
                0x0000000020000090                TMR1_IRQHandler
 *(.highcode)
 .highcode      0x0000000020000092       0x18 ./StdPeriphDriver/CH58x_clk.o
                0x0000000020000092                RTC_GetCycle32k
 .highcode      0x00000000200000aa      0x4ec ./StdPeriphDriver/CH58x_sys.o
                0x00000000200000aa                SetSysClock
                0x0000000020000430                SYS_ResetExecute
                0x00000000200004a2                HardFault_Handler
                0x0000000020000560                mDelayuS
                0x000000002000056e                mDelaymS
 .highcode      0x0000000020000596       0x16 ./HAL/RTC.o
                0x0000000020000596                RTC_IRQHandler
 .highcode      0x00000000200005ac      0x15c ./APP/hidkbd.o
                0x00000000200005ac                TMR0_IRQHandler
                0x000000002000064e                GPIOB_IRQHandler
 .highcode      0x0000000020000708        0x8 ./APP/hidkbd_main.o
                0x0000000020000708                Main_Circulation
 .highcode      0x0000000020000710      0x426 C:\stefan\ble_keyboard\ch583\EVT\EXAM\SRC\StdPeriphDriver\libISP583.a(ISP583.o)
                0x0000000020000710                FLASH_ROM_BEG
                0x0000000020000722                FLASH_ROM_END
                0x0000000020000730                FLASH_ROM_IN
                0x000000002000073e                FLASH_ROM_OUT
                0x000000002000074c                FLASH_ROM_ADDR
                0x0000000020000794                FLASH_ROM_WAIT
                0x00000000200007cc                FLASH_EEPROM_CMD
 .highcode      0x0000000020000b36      0x430 C:\stefan\ble_keyboard\ch583\EVT\EXAM\BLE\LIB\libCH58xBLE.a(tmos.o)
                0x0000000020000b36                tmos_memcpy
                0x0000000020000b56                tmos_memcpy_word
                0x0000000020000b6e                tmos_memset
                0x0000000020000b80                tmos_strlen
                0x0000000020000b94                tmos_memdup
                0x0000000020000bc6                tmos_memcmp
                0x0000000020000bf4                tmos_revmemcpy
                0x0000000020000c10                tmos_isbufset
                0x0000000020000c32                tmos_proces_system_time
                0x0000000020000d76                TMOS_SystemProcess
 .highcode      0x0000000020000f66       0x50 C:\stefan\ble_keyboard\ch583\EVT\EXAM\BLE\LIB\libCH58xBLE.a(tmos_hw.o)
                0x0000000020000fb0                TMOS_TimerIRQHandler
 .highcode      0x0000000020000fb6       0x4e C:\stefan\ble_keyboard\ch583\EVT\EXAM\BLE\LIB\libCH58xBLE.a(ll_whitelist.o)
                0x0000000020000fb6                LL_WhitelistLookup
 .highcode      0x0000000020001004      0x1b6 C:\stefan\ble_keyboard\ch583\EVT\EXAM\BLE\LIB\libCH58xBLE.a(aes.o)
                0x0000000020001004                AES_DevAESEnc
 .highcode      0x00000000200011ba      0x15a C:\stefan\ble_keyboard\ch583\EVT\EXAM\BLE\LIB\libCH58xBLE.a(bb.o)
                0x00000000200011ba                BB_IRQLibHandler
                0x00000000200012ca                BB_IRQLibFunction
 .highcode      0x0000000020001314      0x38c C:\stefan\ble_keyboard\ch583\EVT\EXAM\BLE\LIB\libCH58xBLE.a(ip.o)
                0x0000000020001314                ll_rx_wait_finish
                0x0000000020001352                ble_ll_chkcrc
                0x00000000200013f4                ll_tx_wait_finish
                0x00000000200014fc                BLE_CheckHoppingMap
 .highcode      0x00000000200016a0      0x23c C:\stefan\ble_keyboard\ch583\EVT\EXAM\BLE\LIB\libCH58xBLE.a(lle.o)
                0x00000000200016a0                LLE_IRQLibHandler
                0x0000000020001892                LLE_IRQLibFunction
 .highcode      0x00000000200018dc       0x3a C:\stefan\ble_keyboard\ch583\EVT\EXAM\BLE\LIB\libCH58xBLE.a(rfend.o)
                0x00000000200018dc                RFEND_WaitTune
 .highcode      0x0000000020001916      0x1ba C:\stefan\ble_keyboard\ch583\EVT\EXAM\BLE\LIB\libCH58xBLE.a(memory.o)
                0x0000000020001916                tmos_memory_allocate
                0x00000000200019e8                tmos_memory_free
 .highcode      0x0000000020001ad0      0x2e6 C:\stefan\ble_keyboard\ch583\EVT\EXAM\BLE\LIB\libCH58xBLE.a(ll_connect.o)
                0x0000000020001ad0                ll_connect_send_data
                0x0000000020001bfc                ll_connect_recv_data
                0x0000000020001cdc                ll_connect_event_continue
                0x0000000020001da6                ll_wait_connect_event
 .highcode      0x0000000020001db6      0x310 C:\stefan\ble_keyboard\ch583\EVT\EXAM\BLE\LIB\libCH58xBLE.a(ll_hop.o)
                0x0000000020001db6                LL_HopGetChannel
                0x0000000020001e5c                LL_HopGetChannel2
 .highcode      0x00000000200020c6      0x138 C:\stefan\ble_keyboard\ch583\EVT\EXAM\BLE\LIB\libCH58xBLE.a(ll_resolvinglist.o)
                0x00000000200020c6                ll_resolvinglist_checkRPA
                0x0000000020002132                LL_ResolvinglistPeerIdentifyAddressGetIrk
                0x0000000020002186                LL_ResolvinglistPeerRpaAddressGetIrk
                0x00000000200021c2                LL_ResolvinglistLocalRpaAddressGetIrk
 *(.highcode.*)
                0x0000000020002200                . = ALIGN (0x4)
 *fill*         0x00000000200021fe        0x2 
                0x0000000020002200                PROVIDE (_highcode_vma_end = .)

.text           0x0000000000002204    0x23b94
                0x0000000000002204                . = ALIGN (0x4)
 *(SORT_NONE(.handle_reset))
 .handle_reset  0x0000000000002204       0xae ./Startup/startup_CH583.o
                0x0000000000002204                handle_reset
 *(.text)
 .text          0x00000000000022b2       0xa8 c:/mounriver/mrs_community/toolchain/risc-v embedded gcc/bin/../lib/gcc/riscv-none-embed/8.2.0/../../../../riscv-none-embed/lib/rv32imac/ilp32\libg_nano.a(lib_a-memset.o)
                0x00000000000022b2                memset
 *(.text.*)
 .text.ADC_InterTSSampInit
                0x000000000000235a       0x28 ./StdPeriphDriver/CH58x_adc.o
                0x000000000000235a                ADC_InterTSSampInit
 .text.LSECFG_Current
                0x0000000000002382       0x68 ./StdPeriphDriver/CH58x_clk.o
                0x0000000000002382                LSECFG_Current
 .text.RTC_InitTime
                0x00000000000023ea      0x204 ./StdPeriphDriver/CH58x_clk.o
                0x00000000000023ea                RTC_InitTime
 .text.Calibration_LSI
                0x00000000000025ee      0x8de ./StdPeriphDriver/CH58x_clk.o
                0x00000000000025ee                Calibration_LSI
 .text.GPIOA_ModeCfg
                0x0000000000002ecc       0xa6 ./StdPeriphDriver/CH58x_gpio.o
                0x0000000000002ecc                GPIOA_ModeCfg
 .text.GPIOB_ModeCfg
                0x0000000000002f72       0xa6 ./StdPeriphDriver/CH58x_gpio.o
                0x0000000000002f72                GPIOB_ModeCfg
 .text.GPIOB_ITModeCfg
                0x0000000000003018       0x8a ./StdPeriphDriver/CH58x_gpio.o
                0x0000000000003018                GPIOB_ITModeCfg
 .text.GetSysClock
                0x00000000000030a2       0x42 ./StdPeriphDriver/CH58x_sys.o
                0x00000000000030a2                GetSysClock
 .text.SYS_DisableAllIrq
                0x00000000000030e4       0x1c ./StdPeriphDriver/CH58x_sys.o
                0x00000000000030e4                SYS_DisableAllIrq
 .text.SYS_RecoverIrq
                0x0000000000003100       0x14 ./StdPeriphDriver/CH58x_sys.o
                0x0000000000003100                SYS_RecoverIrq
 .text.SYS_GetSysTickCnt
                0x0000000000003114        0xa ./StdPeriphDriver/CH58x_sys.o
                0x0000000000003114                SYS_GetSysTickCnt
 .text._write   0x000000000000311e       0x28 ./StdPeriphDriver/CH58x_sys.o
                0x000000000000311e                _write
 .text._sbrk    0x0000000000003146       0x34 ./StdPeriphDriver/CH58x_sys.o
                0x0000000000003146                _sbrk
 .text.TMR0_TimerInit
                0x000000000000317a       0x14 ./StdPeriphDriver/CH58x_timer0.o
                0x000000000000317a                TMR0_TimerInit
 .text.UART1_BaudRateCfg
                0x000000000000318e       0x30 ./StdPeriphDriver/CH58x_uart1.o
                0x000000000000318e                UART1_BaudRateCfg
 .text.UART1_DefInit
                0x00000000000031be       0x32 ./StdPeriphDriver/CH58x_uart1.o
                0x00000000000031be                UART1_DefInit
 .text.battMeasure
                0x00000000000031f0       0x78 ./Profile/battservice.o
 .text.battWriteAttrCB
                0x0000000000003268       0x5e ./Profile/battservice.o
 .text.battReadAttrCB
                0x00000000000032c6       0x72 ./Profile/battservice.o
 .text.battNotifyCB
                0x0000000000003338       0x72 ./Profile/battservice.o
 .text.Batt_AddService
                0x00000000000033aa       0x2c ./Profile/battservice.o
                0x00000000000033aa                Batt_AddService
 .text.Batt_Register
                0x00000000000033d6        0x6 ./Profile/battservice.o
                0x00000000000033d6                Batt_Register
 .text.Batt_SetParameter
                0x00000000000033dc       0x36 ./Profile/battservice.o
                0x00000000000033dc                Batt_SetParameter
 .text.Batt_GetParameter
                0x0000000000003412       0x66 ./Profile/battservice.o
                0x0000000000003412                Batt_GetParameter
 .text.Batt_MeasLevel
                0x0000000000003478       0x26 ./Profile/battservice.o
                0x0000000000003478                Batt_MeasLevel
 .text.Batt_HandleConnStatusCB
                0x000000000000349e       0x3e ./Profile/battservice.o
                0x000000000000349e                Batt_HandleConnStatusCB
 .text.devInfo_ReadAttrCB
                0x00000000000034dc      0x196 ./Profile/devinfoservice.o
 .text.DevInfo_AddService
                0x0000000000003672       0x18 ./Profile/devinfoservice.o
                0x0000000000003672                DevInfo_AddService
 .text.hidDevScanParamCB
                0x000000000000368a        0x2 ./Profile/hiddev.o
 .text.hidDevRptByHandle
                0x000000000000368c       0x30 ./Profile/hiddev.o
 .text.hidDevParamUpdateCB
                0x00000000000036bc       0x12 ./Profile/hiddev.o
 .text.hidDevInitialAdvertising
                0x00000000000036ce       0x3c ./Profile/hiddev.o
 .text.hidDevBattCB
                0x000000000000370a       0x28 ./Profile/hiddev.o
 .text.hidDevPairStateCB
                0x0000000000003732       0x28 ./Profile/hiddev.o
 .text.hidDevPasscodeCB
                0x000000000000375a       0x34 ./Profile/hiddev.o
 .text.HidDev_ProcessEvent
                0x000000000000378e       0xee ./Profile/hiddev.o
                0x000000000000378e                HidDev_ProcessEvent
 .text.hidDevGapStateCB
                0x000000000000387c      0x124 ./Profile/hiddev.o
 .text.HidDev_Init
                0x00000000000039a0       0x66 ./Profile/hiddev.o
                0x00000000000039a0                HidDev_Init
 .text.HidDev_Register
                0x0000000000003a06        0xa ./Profile/hiddev.o
                0x0000000000003a06                HidDev_Register
 .text.HidDev_RegisterReports
                0x0000000000003a10        0xa ./Profile/hiddev.o
                0x0000000000003a10                HidDev_RegisterReports
 .text.HidDev_Report
                0x0000000000003a1a      0x12c ./Profile/hiddev.o
                0x0000000000003a1a                HidDev_Report
 .text.HidDev_ReadAttrCB
                0x0000000000003b46      0x104 ./Profile/hiddev.o
                0x0000000000003b46                HidDev_ReadAttrCB
 .text.HidDev_WriteAttrCB
                0x0000000000003c4a      0x146 ./Profile/hiddev.o
                0x0000000000003c4a                HidDev_WriteAttrCB
 .text.Hid_AddService
                0x0000000000003d90      0x108 ./Profile/hidkbdservice.o
                0x0000000000003d90                Hid_AddService
 .text.Hid_SetParameter
                0x0000000000003e98       0x5a ./Profile/hidkbdservice.o
                0x0000000000003e98                Hid_SetParameter
 .text.Hid_GetParameter
                0x0000000000003ef2       0x42 ./Profile/hidkbdservice.o
                0x0000000000003ef2                Hid_GetParameter
 .text.scanParamReadAttrCB
                0x0000000000003f34        0x4 ./Profile/scanparamservice.o
 .text.scanParamWriteAttrCB
                0x0000000000003f38       0x66 ./Profile/scanparamservice.o
 .text.ScanParam_AddService
                0x0000000000003f9e       0x2c ./Profile/scanparamservice.o
                0x0000000000003f9e                ScanParam_AddService
 .text.ScanParam_Register
                0x0000000000003fca        0x6 ./Profile/scanparamservice.o
                0x0000000000003fca                ScanParam_Register
 .text.ScanParam_RefreshNotify
                0x0000000000003fd0       0x5c ./Profile/scanparamservice.o
                0x0000000000003fd0                ScanParam_RefreshNotify
 .text.ScanParam_HandleConnStatusCB
                0x000000000000402c       0x3e ./Profile/scanparamservice.o
                0x000000000000402c                ScanParam_HandleConnStatusCB
 .text.Lib_Calibration_LSI
                0x000000000000406a        0x6 ./HAL/MCU.o
                0x000000000000406a                Lib_Calibration_LSI
 .text.Lib_Read_Flash
                0x0000000000004070       0x1c ./HAL/MCU.o
                0x0000000000004070                Lib_Read_Flash
 .text.Lib_Write_Flash
                0x000000000000408c       0x40 ./HAL/MCU.o
                0x000000000000408c                Lib_Write_Flash
 .text.HAL_GetInterTempValue
                0x00000000000040cc       0x72 ./HAL/MCU.o
                0x00000000000040cc                HAL_GetInterTempValue
 .text.HAL_ProcessEvent
                0x000000000000413e       0x7e ./HAL/MCU.o
                0x000000000000413e                HAL_ProcessEvent
 .text.CH58X_BLEInit
                0x00000000000041bc      0x132 ./HAL/MCU.o
                0x00000000000041bc                CH58X_BLEInit
 .text.HAL_Init
                0x00000000000042ee       0x30 ./HAL/MCU.o
                0x00000000000042ee                HAL_Init
 .text.HAL_TimeInit
                0x000000000000431e       0xe0 ./HAL/RTC.o
                0x000000000000431e                HAL_TimeInit
 .text.hidEmuEvtCB
                0x00000000000043fe        0x2 ./APP/hidkbd.o
 .text.hidEmuStateCB
                0x0000000000004400       0xfc ./APP/hidkbd.o
 .text.hidEmuSendKbdReport
                0x00000000000044fc       0x24 ./APP/hidkbd.o
 .text.hidEmuRptCB
                0x0000000000004520       0x70 ./APP/hidkbd.o
 .text.HidEmu_ProcessEvent
                0x0000000000004590       0xc4 ./APP/hidkbd.o
                0x0000000000004590                HidEmu_ProcessEvent
 .text.HidEmu_Init
                0x0000000000004654       0xee ./APP/hidkbd.o
                0x0000000000004654                HidEmu_Init
 .text.startup.main
                0x0000000000004742      0x1d8 ./APP/hidkbd_main.o
                0x0000000000004742                main
 .text.tmos_msg_enqueue
                0x000000000000491a       0x1e C:\stefan\ble_keyboard\ch583\EVT\EXAM\BLE\LIB\libCH58xBLE.a(message.o)
                0x000000000000491a                tmos_msg_enqueue
 .text.tmos_msg_deallocate
                0x0000000000004938       0x2c C:\stefan\ble_keyboard\ch583\EVT\EXAM\BLE\LIB\libCH58xBLE.a(message.o)
                0x0000000000004938                tmos_msg_deallocate
 .text.tmos_msg_allocate
                0x0000000000004964       0x46 C:\stefan\ble_keyboard\ch583\EVT\EXAM\BLE\LIB\libCH58xBLE.a(message.o)
                0x0000000000004964                tmos_msg_allocate
 .text.tmos_msg_receive
                0x00000000000049aa       0x70 C:\stefan\ble_keyboard\ch583\EVT\EXAM\BLE\LIB\libCH58xBLE.a(message.o)
                0x00000000000049aa                tmos_msg_receive
 .text.tmos_msg_send
                0x0000000000004a1a       0x60 C:\stefan\ble_keyboard\ch583\EVT\EXAM\BLE\LIB\libCH58xBLE.a(message.o)
                0x0000000000004a1a                tmos_msg_send
 .text.tmos_msg_init
                0x0000000000004a7a        0xa C:\stefan\ble_keyboard\ch583\EVT\EXAM\BLE\LIB\libCH58xBLE.a(message.o)
                0x0000000000004a7a                tmos_msg_init
 .text.tmosFindTask
                0x0000000000004a84       0x24 C:\stefan\ble_keyboard\ch583\EVT\EXAM\BLE\LIB\libCH58xBLE.a(tmos.o)
 .text.TMOS_CB_PeriodicProcessEvent
                0x0000000000004aa8       0x86 C:\stefan\ble_keyboard\ch583\EVT\EXAM\BLE\LIB\libCH58xBLE.a(tmos.o)
                0x0000000000004aa8                TMOS_CB_PeriodicProcessEvent
 .text.TMOS_CB_ProcessEvent
                0x0000000000004b2e       0x80 C:\stefan\ble_keyboard\ch583\EVT\EXAM\BLE\LIB\libCH58xBLE.a(tmos.o)
                0x0000000000004b2e                TMOS_CB_ProcessEvent
 .text.tmos_rand
                0x0000000000004bae       0x52 C:\stefan\ble_keyboard\ch583\EVT\EXAM\BLE\LIB\libCH58xBLE.a(tmos.o)
                0x0000000000004bae                tmos_rand
 .text.tmos_start_periodic_callback_task
                0x0000000000004c00       0xea C:\stefan\ble_keyboard\ch583\EVT\EXAM\BLE\LIB\libCH58xBLE.a(tmos.o)
                0x0000000000004c00                tmos_start_periodic_callback_task
 .text.tmos_set_event
                0x0000000000004cea       0x2e C:\stefan\ble_keyboard\ch583\EVT\EXAM\BLE\LIB\libCH58xBLE.a(tmos.o)
                0x0000000000004cea                tmos_set_event
 .text.tmos_clear_event
                0x0000000000004d18       0x32 C:\stefan\ble_keyboard\ch583\EVT\EXAM\BLE\LIB\libCH58xBLE.a(tmos.o)
                0x0000000000004d18                tmos_clear_event
 .text.tmos_update_callback_timer
                0x0000000000004d4a       0xc2 C:\stefan\ble_keyboard\ch583\EVT\EXAM\BLE\LIB\libCH58xBLE.a(tmos.o)
                0x0000000000004d4a                tmos_update_callback_timer
 .text.tmos_update_periodic_callback_timer
                0x0000000000004e0c       0x5e C:\stefan\ble_keyboard\ch583\EVT\EXAM\BLE\LIB\libCH58xBLE.a(tmos.o)
                0x0000000000004e0c                tmos_update_periodic_callback_timer
 .text.tmos_start_task
                0x0000000000004e6a      0x132 C:\stefan\ble_keyboard\ch583\EVT\EXAM\BLE\LIB\libCH58xBLE.a(tmos.o)
                0x0000000000004e6a                tmos_start_task
 .text.tmos_start_callback_task
                0x0000000000004f9c       0x9a C:\stefan\ble_keyboard\ch583\EVT\EXAM\BLE\LIB\libCH58xBLE.a(tmos.o)
                0x0000000000004f9c                tmos_start_callback_task
 .text.tmos_start_reload_task
                0x0000000000005036       0x56 C:\stefan\ble_keyboard\ch583\EVT\EXAM\BLE\LIB\libCH58xBLE.a(tmos.o)
                0x0000000000005036                tmos_start_reload_task
 .text.tmos_stop_task
                0x000000000000508c       0x50 C:\stefan\ble_keyboard\ch583\EVT\EXAM\BLE\LIB\libCH58xBLE.a(tmos.o)
                0x000000000000508c                tmos_stop_task
 .text.tmos_stop_callback_task
                0x00000000000050dc       0x5a C:\stefan\ble_keyboard\ch583\EVT\EXAM\BLE\LIB\libCH58xBLE.a(tmos.o)
                0x00000000000050dc                tmos_stop_callback_task
 .text.tmos_get_task_timer
                0x0000000000005136       0x62 C:\stefan\ble_keyboard\ch583\EVT\EXAM\BLE\LIB\libCH58xBLE.a(tmos.o)
                0x0000000000005136                tmos_get_task_timer
 .text.tmos_proces_sleep
                0x0000000000005198       0xd0 C:\stefan\ble_keyboard\ch583\EVT\EXAM\BLE\LIB\libCH58xBLE.a(tmos.o)
                0x0000000000005198                tmos_proces_sleep
 .text.TMOS_TimerRegister
                0x0000000000005268       0x1e C:\stefan\ble_keyboard\ch583\EVT\EXAM\BLE\LIB\libCH58xBLE.a(tmos.o)
                0x0000000000005268                TMOS_TimerRegister
 .text.TMOS_ProcessRegister
                0x0000000000005286       0x16 C:\stefan\ble_keyboard\ch583\EVT\EXAM\BLE\LIB\libCH58xBLE.a(tmos.o)
                0x0000000000005286                TMOS_ProcessRegister
 .text.TMOS_Init
                0x000000000000529c      0x12e C:\stefan\ble_keyboard\ch583\EVT\EXAM\BLE\LIB\libCH58xBLE.a(tmos.o)
                0x000000000000529c                TMOS_Init
 .text.TMOS_ProcessEventRegister
                0x00000000000053ca       0x3c C:\stefan\ble_keyboard\ch583\EVT\EXAM\BLE\LIB\libCH58xBLE.a(tmos.o)
                0x00000000000053ca                TMOS_ProcessEventRegister
 .text.BLE_LibInit
                0x0000000000005406      0x17c C:\stefan\ble_keyboard\ch583\EVT\EXAM\BLE\LIB\libCH58xBLE.a(tmos.o)
                0x0000000000005406                BLE_LibInit
 .text.clockGetTickValve
                0x0000000000005582       0x7e C:\stefan\ble_keyboard\ch583\EVT\EXAM\BLE\LIB\libCH58xBLE.a(tmos_hw.o)
 .text.ll_get_sca_divisor
                0x0000000000005600       0x40 C:\stefan\ble_keyboard\ch583\EVT\EXAM\BLE\LIB\libCH58xBLE.a(tmos_hw.o)
                0x0000000000005600                ll_get_sca_divisor
 .text.ll_get_sca_own
                0x0000000000005640       0x46 C:\stefan\ble_keyboard\ch583\EVT\EXAM\BLE\LIB\libCH58xBLE.a(tmos_hw.o)
                0x0000000000005640                ll_get_sca_own
 .text.ble_ll_common_rand8
                0x0000000000005686       0x24 C:\stefan\ble_keyboard\ch583\EVT\EXAM\BLE\LIB\libCH58xBLE.a(tmos_hw.o)
                0x0000000000005686                ble_ll_common_rand8
 .text.ble_ll_common_rand16
                0x00000000000056aa       0x24 C:\stefan\ble_keyboard\ch583\EVT\EXAM\BLE\LIB\libCH58xBLE.a(tmos_hw.o)
                0x00000000000056aa                ble_ll_common_rand16
 .text.ble_ll_common_rand32
                0x00000000000056ce       0x20 C:\stefan\ble_keyboard\ch583\EVT\EXAM\BLE\LIB\libCH58xBLE.a(tmos_hw.o)
                0x00000000000056ce                ble_ll_common_rand32
 .text.TMOS_TempSample
                0x00000000000056ee       0x62 C:\stefan\ble_keyboard\ch583\EVT\EXAM\BLE\LIB\libCH58xBLE.a(tmos_hw.o)
                0x00000000000056ee                TMOS_TempSample
 .text.TMOS_TimerInit
                0x0000000000005750      0x152 C:\stefan\ble_keyboard\ch583\EVT\EXAM\BLE\LIB\libCH58xBLE.a(tmos_hw.o)
                0x0000000000005750                TMOS_TimerInit
 .text.tmos_snv_init
                0x00000000000058a2       0xc0 C:\stefan\ble_keyboard\ch583\EVT\EXAM\BLE\LIB\libCH58xBLE.a(tmos_snv.o)
                0x00000000000058a2                tmos_snv_init
 .text.tmos_snv_read
                0x0000000000005962      0x292 C:\stefan\ble_keyboard\ch583\EVT\EXAM\BLE\LIB\libCH58xBLE.a(tmos_snv.o)
                0x0000000000005962                tmos_snv_read
 .text.tmos_snv_notify
                0x0000000000005bf4       0x5a C:\stefan\ble_keyboard\ch583\EVT\EXAM\BLE\LIB\libCH58xBLE.a(tmos_snv.o)
                0x0000000000005bf4                tmos_snv_notify
 .text.tmos_snv_write
                0x0000000000005c4e      0x2ce C:\stefan\ble_keyboard\ch583\EVT\EXAM\BLE\LIB\libCH58xBLE.a(tmos_snv.o)
                0x0000000000005c4e                tmos_snv_write
 .text.tmos_snv_compact
                0x0000000000005f1c        0x4 C:\stefan\ble_keyboard\ch583\EVT\EXAM\BLE\LIB\libCH58xBLE.a(tmos_snv.o)
                0x0000000000005f1c                tmos_snv_compact
 .text.disconnectNext
                0x0000000000005f20       0x22 C:\stefan\ble_keyboard\ch583\EVT\EXAM\BLE\LIB\libCH58xBLE.a(gap.o)
 .text.GAP_ParamInit
                0x0000000000005f42      0x16c C:\stefan\ble_keyboard\ch583\EVT\EXAM\BLE\LIB\libCH58xBLE.a(gap.o)
                0x0000000000005f42                GAP_ParamInit
 .text.sendTerminateEvent
                0x00000000000060ae       0x58 C:\stefan\ble_keyboard\ch583\EVT\EXAM\BLE\LIB\libCH58xBLE.a(gap.o)
                0x00000000000060ae                sendTerminateEvent
 .text.gapRegisterCentral
                0x0000000000006106        0x6 C:\stefan\ble_keyboard\ch583\EVT\EXAM\BLE\LIB\libCH58xBLE.a(gap.o)
                0x0000000000006106                gapRegisterCentral
 .text.gapRegisterCentralConn
                0x000000000000610c        0x6 C:\stefan\ble_keyboard\ch583\EVT\EXAM\BLE\LIB\libCH58xBLE.a(gap.o)
                0x000000000000610c                gapRegisterCentralConn
 .text.gapRegisterPeripheral
                0x0000000000006112        0x6 C:\stefan\ble_keyboard\ch583\EVT\EXAM\BLE\LIB\libCH58xBLE.a(gap.o)
                0x0000000000006112                gapRegisterPeripheral
 .text.gapRegisterPeripheralConn
                0x0000000000006118        0x6 C:\stefan\ble_keyboard\ch583\EVT\EXAM\BLE\LIB\libCH58xBLE.a(gap.o)
                0x0000000000006118                gapRegisterPeripheralConn
 .text.smGenerateRandBuf
                0x000000000000611e       0x56 C:\stefan\ble_keyboard\ch583\EVT\EXAM\BLE\LIB\libCH58xBLE.a(gap.o)
                0x000000000000611e                smGenerateRandBuf
 .text.gapL2capConnParamUpdateReq
                0x0000000000006174       0x36 C:\stefan\ble_keyboard\ch583\EVT\EXAM\BLE\LIB\libCH58xBLE.a(gap.o)
                0x0000000000006174                gapL2capConnParamUpdateReq
 .text.gapValidADType
                0x00000000000061aa       0x16 C:\stefan\ble_keyboard\ch583\EVT\EXAM\BLE\LIB\libCH58xBLE.a(gap.o)
                0x00000000000061aa                gapValidADType
 .text.gapFindADType
                0x00000000000061c0       0x92 C:\stefan\ble_keyboard\ch583\EVT\EXAM\BLE\LIB\libCH58xBLE.a(gap.o)
                0x00000000000061c0                gapFindADType
 .text.GAP_SecParamsInit
                0x0000000000006252       0xaa C:\stefan\ble_keyboard\ch583\EVT\EXAM\BLE\LIB\libCH58xBLE.a(gap.o)
                0x0000000000006252                GAP_SecParamsInit
 .text.GAP_ParamsInit
                0x00000000000062fc       0x50 C:\stefan\ble_keyboard\ch583\EVT\EXAM\BLE\LIB\libCH58xBLE.a(gap.o)
                0x00000000000062fc                GAP_ParamsInit
 .text.gapAddAddrAdj
                0x000000000000634c       0x48 C:\stefan\ble_keyboard\ch583\EVT\EXAM\BLE\LIB\libCH58xBLE.a(gap.o)
                0x000000000000634c                gapAddAddrAdj
 .text.gapDetermineAddrType
                0x0000000000006394       0x28 C:\stefan\ble_keyboard\ch583\EVT\EXAM\BLE\LIB\libCH58xBLE.a(gap.o)
                0x0000000000006394                gapDetermineAddrType
 .text.gapFreeAuthLink
                0x00000000000063bc       0x4a C:\stefan\ble_keyboard\ch583\EVT\EXAM\BLE\LIB\libCH58xBLE.a(gap.o)
                0x00000000000063bc                gapFreeAuthLink
 .text.gapGetDevAddress
                0x0000000000006406       0x24 C:\stefan\ble_keyboard\ch583\EVT\EXAM\BLE\LIB\libCH58xBLE.a(gap.o)
                0x0000000000006406                gapGetDevAddress
 .text.gapGetDevAddressMode
                0x000000000000642a        0xa C:\stefan\ble_keyboard\ch583\EVT\EXAM\BLE\LIB\libCH58xBLE.a(gap.o)
                0x000000000000642a                gapGetDevAddressMode
 .text.gapGetIRK
                0x0000000000006434        0xc C:\stefan\ble_keyboard\ch583\EVT\EXAM\BLE\LIB\libCH58xBLE.a(gap.o)
                0x0000000000006434                gapGetIRK
 .text.gapGetSRK
                0x0000000000006440        0xc C:\stefan\ble_keyboard\ch583\EVT\EXAM\BLE\LIB\libCH58xBLE.a(gap.o)
                0x0000000000006440                gapGetSRK
 .text.gapGetSignCounter
                0x000000000000644c        0xe C:\stefan\ble_keyboard\ch583\EVT\EXAM\BLE\LIB\libCH58xBLE.a(gap.o)
                0x000000000000644c                gapGetSignCounter
 .text.gapIncSignCounter
                0x000000000000645a       0x28 C:\stefan\ble_keyboard\ch583\EVT\EXAM\BLE\LIB\libCH58xBLE.a(gap.o)
                0x000000000000645a                gapIncSignCounter
 .text.gapProcessConnEvt
                0x0000000000006482       0x48 C:\stefan\ble_keyboard\ch583\EVT\EXAM\BLE\LIB\libCH58xBLE.a(gap.o)
                0x0000000000006482                gapProcessConnEvt
 .text.gapProcessDisconnectCompleteEvt
                0x00000000000064ca       0xa8 C:\stefan\ble_keyboard\ch583\EVT\EXAM\BLE\LIB\libCH58xBLE.a(gap.o)
                0x00000000000064ca                gapProcessDisconnectCompleteEvt
 .text.sendAuthEvent
                0x0000000000006572      0x11e C:\stefan\ble_keyboard\ch583\EVT\EXAM\BLE\LIB\libCH58xBLE.a(gap.o)
                0x0000000000006572                sendAuthEvent
 .text.gapSendBondCompleteEvent
                0x0000000000006690       0x74 C:\stefan\ble_keyboard\ch583\EVT\EXAM\BLE\LIB\libCH58xBLE.a(gap.o)
                0x0000000000006690                gapSendBondCompleteEvent
 .text.gapSendPairingReqEvent
                0x0000000000006704       0x96 C:\stefan\ble_keyboard\ch583\EVT\EXAM\BLE\LIB\libCH58xBLE.a(gap.o)
                0x0000000000006704                gapSendPairingReqEvent
 .text.gapSendSlaveSecurityReqEvent
                0x000000000000679a       0x68 C:\stefan\ble_keyboard\ch583\EVT\EXAM\BLE\LIB\libCH58xBLE.a(gap.o)
                0x000000000000679a                gapSendSlaveSecurityReqEvent
 .text.gapSendDeviceInitDoneEvent
                0x0000000000006802       0x88 C:\stefan\ble_keyboard\ch583\EVT\EXAM\BLE\LIB\libCH58xBLE.a(gap.o)
                0x0000000000006802                gapSendDeviceInitDoneEvent
 .text.gapSendLinkUpdateEvent
                0x000000000000688a       0xb2 C:\stefan\ble_keyboard\ch583\EVT\EXAM\BLE\LIB\libCH58xBLE.a(gap.o)
                0x000000000000688a                gapSendLinkUpdateEvent
 .text.gapSendPhyUpdateEvent
                0x000000000000693c       0x58 C:\stefan\ble_keyboard\ch583\EVT\EXAM\BLE\LIB\libCH58xBLE.a(gap.o)
                0x000000000000693c                gapSendPhyUpdateEvent
 .text.gapSendEstLinkEvent
                0x0000000000006994       0xbc C:\stefan\ble_keyboard\ch583\EVT\EXAM\BLE\LIB\libCH58xBLE.a(gap.o)
                0x0000000000006994                gapSendEstLinkEvent
 .text.gapProcessNewAddr
                0x0000000000006a50       0x3e C:\stefan\ble_keyboard\ch583\EVT\EXAM\BLE\LIB\libCH58xBLE.a(gap.o)
                0x0000000000006a50                gapProcessNewAddr
 .text.gapProcessRandomAddrComplete
                0x0000000000006a8e       0xb6 C:\stefan\ble_keyboard\ch583\EVT\EXAM\BLE\LIB\libCH58xBLE.a(gap.o)
                0x0000000000006a8e                gapProcessRandomAddrComplete
 .text.GAP_Authenticate
                0x0000000000006b44       0xde C:\stefan\ble_keyboard\ch583\EVT\EXAM\BLE\LIB\libCH58xBLE.a(gap.o)
                0x0000000000006b44                GAP_Authenticate
 .text.GAP_Bond
                0x0000000000006c22       0xaa C:\stefan\ble_keyboard\ch583\EVT\EXAM\BLE\LIB\libCH58xBLE.a(gap.o)
                0x0000000000006c22                GAP_Bond
 .text.GAP_GetParamValue
                0x0000000000006ccc       0x20 C:\stefan\ble_keyboard\ch583\EVT\EXAM\BLE\LIB\libCH58xBLE.a(gap.o)
                0x0000000000006ccc                GAP_GetParamValue
 .text.GAP_PasscodeUpdate
                0x0000000000006cec       0x54 C:\stefan\ble_keyboard\ch583\EVT\EXAM\BLE\LIB\libCH58xBLE.a(gap.o)
                0x0000000000006cec                GAP_PasscodeUpdate
 .text.GAP_RegisterForMsgs
                0x0000000000006d40        0xa C:\stefan\ble_keyboard\ch583\EVT\EXAM\BLE\LIB\libCH58xBLE.a(gap.o)
                0x0000000000006d40                GAP_RegisterForMsgs
 .text.GAP_ResolvePrivateAddr
                0x0000000000006d4a        0x4 C:\stefan\ble_keyboard\ch583\EVT\EXAM\BLE\LIB\libCH58xBLE.a(gap.o)
                0x0000000000006d4a                GAP_ResolvePrivateAddr
 .text.gapPairingCompleteCB
                0x0000000000006d4e      0x18c C:\stefan\ble_keyboard\ch583\EVT\EXAM\BLE\LIB\libCH58xBLE.a(gap.o)
                0x0000000000006d4e                gapPairingCompleteCB
 .text.gapPasskeyNeededCB
                0x0000000000006eda       0x8e C:\stefan\ble_keyboard\ch583\EVT\EXAM\BLE\LIB\libCH58xBLE.a(gap.o)
                0x0000000000006eda                gapPasskeyNeededCB
 .text.gapOobNeededCB
                0x0000000000006f68       0xa6 C:\stefan\ble_keyboard\ch583\EVT\EXAM\BLE\LIB\libCH58xBLE.a(gap.o)
                0x0000000000006f68                gapOobNeededCB
 .text.gapFreeEstLink
                0x000000000000700e       0x20 C:\stefan\ble_keyboard\ch583\EVT\EXAM\BLE\LIB\libCH58xBLE.a(gap.o)
                0x000000000000700e                gapFreeEstLink
 .text.gapUpdateConnSignCounter
                0x000000000000702e       0x7a C:\stefan\ble_keyboard\ch583\EVT\EXAM\BLE\LIB\libCH58xBLE.a(gap.o)
                0x000000000000702e                gapUpdateConnSignCounter
 .text.GAP_SendSlaveSecurityRequest
                0x00000000000070a8       0x4a C:\stefan\ble_keyboard\ch583\EVT\EXAM\BLE\LIB\libCH58xBLE.a(gap.o)
                0x00000000000070a8                GAP_SendSlaveSecurityRequest
 .text.GAP_Signable
                0x00000000000070f2       0x6a C:\stefan\ble_keyboard\ch583\EVT\EXAM\BLE\LIB\libCH58xBLE.a(gap.o)
                0x00000000000070f2                GAP_Signable
 .text.GAP_TerminateAuth
                0x000000000000715c       0x2a C:\stefan\ble_keyboard\ch583\EVT\EXAM\BLE\LIB\libCH58xBLE.a(gap.o)
                0x000000000000715c                GAP_TerminateAuth
 .text.GAP_NumActiveConnections
                0x0000000000007186        0x4 C:\stefan\ble_keyboard\ch583\EVT\EXAM\BLE\LIB\libCH58xBLE.a(gap.o)
                0x0000000000007186                GAP_NumActiveConnections
 .text.GAP_TerminateLinkReq
                0x000000000000718a       0x8e C:\stefan\ble_keyboard\ch583\EVT\EXAM\BLE\LIB\libCH58xBLE.a(gap.o)
                0x000000000000718a                GAP_TerminateLinkReq
 .text.GAP_SetParamValue
                0x0000000000007218       0x6c C:\stefan\ble_keyboard\ch583\EVT\EXAM\BLE\LIB\libCH58xBLE.a(gap.o)
                0x0000000000007218                GAP_SetParamValue
 .text.GAP_Init
                0x0000000000007284       0x48 C:\stefan\ble_keyboard\ch583\EVT\EXAM\BLE\LIB\libCH58xBLE.a(gap.o)
                0x0000000000007284                GAP_Init
 .text.GAP_ProcessEvent
                0x00000000000072cc      0x66a C:\stefan\ble_keyboard\ch583\EVT\EXAM\BLE\LIB\libCH58xBLE.a(gap.o)
                0x00000000000072cc                GAP_ProcessEvent
 .text.gapSendScanEnable
                0x0000000000007936       0x3a C:\stefan\ble_keyboard\ch583\EVT\EXAM\BLE\LIB\libCH58xBLE.a(gap_central.o)
 .text.gapCentProcessConnEvt
                0x0000000000007970      0x168 C:\stefan\ble_keyboard\ch583\EVT\EXAM\BLE\LIB\libCH58xBLE.a(gap_central.o)
                0x0000000000007970                gapCentProcessConnEvt
 .text.gapProcessScanningPeriodicAdvEvt
                0x0000000000007ad8       0xa0 C:\stefan\ble_keyboard\ch583\EVT\EXAM\BLE\LIB\libCH58xBLE.a(gap_central.o)
                0x0000000000007ad8                gapProcessScanningPeriodicAdvEvt
 .text.gapCancelLinkReq
                0x0000000000007b78       0x38 C:\stefan\ble_keyboard\ch583\EVT\EXAM\BLE\LIB\libCH58xBLE.a(gap_central.o)
                0x0000000000007b78                gapCancelLinkReq
 .text.gapProcessAdvertDevInfo
                0x0000000000007bb0      0x242 C:\stefan\ble_keyboard\ch583\EVT\EXAM\BLE\LIB\libCH58xBLE.a(gap_central.o)
                0x0000000000007bb0                gapProcessAdvertDevInfo
 .text.gapProcessExtAdvertDevInfo
                0x0000000000007df2      0x260 C:\stefan\ble_keyboard\ch583\EVT\EXAM\BLE\LIB\libCH58xBLE.a(gap_central.o)
                0x0000000000007df2                gapProcessExtAdvertDevInfo
 .text.gapProcessPeriodicAdvertisingSyncEstablishedEvt
                0x0000000000008052       0xae C:\stefan\ble_keyboard\ch583\EVT\EXAM\BLE\LIB\libCH58xBLE.a(gap_central.o)
                0x0000000000008052                gapProcessPeriodicAdvertisingSyncEstablishedEvt
 .text.gapProcessPeriodicAdvertisingSyncLostEvt
                0x0000000000008100       0x56 C:\stefan\ble_keyboard\ch583\EVT\EXAM\BLE\LIB\libCH58xBLE.a(gap_central.o)
                0x0000000000008100                gapProcessPeriodicAdvertisingSyncLostEvt
 .text.gapFreeScanRecs
                0x0000000000008156       0xa6 C:\stefan\ble_keyboard\ch583\EVT\EXAM\BLE\LIB\libCH58xBLE.a(gap_central.o)
                0x0000000000008156                gapFreeScanRecs
 .text.gapSendDevDiscEvent
                0x00000000000081fc      0x124 C:\stefan\ble_keyboard\ch583\EVT\EXAM\BLE\LIB\libCH58xBLE.a(gap_central.o)
                0x00000000000081fc                gapSendDevDiscEvent
 .text.gapSetScanParamStatus
                0x0000000000008320       0x56 C:\stefan\ble_keyboard\ch583\EVT\EXAM\BLE\LIB\libCH58xBLE.a(gap_central.o)
 .text.gapCentProcessHCICmdEvt
                0x0000000000008376       0x3c C:\stefan\ble_keyboard\ch583\EVT\EXAM\BLE\LIB\libCH58xBLE.a(gap_central.o)
                0x0000000000008376                gapCentProcessHCICmdEvt
 .text.gapProcessScanningEvt
                0x00000000000083b2      0x110 C:\stefan\ble_keyboard\ch583\EVT\EXAM\BLE\LIB\libCH58xBLE.a(gap_central.o)
                0x00000000000083b2                gapProcessScanningEvt
 .text.gapProcessScanningDirectEvt
                0x00000000000084c2       0xfe C:\stefan\ble_keyboard\ch583\EVT\EXAM\BLE\LIB\libCH58xBLE.a(gap_central.o)
                0x00000000000084c2                gapProcessScanningDirectEvt
 .text.gapProcessScanningExtAdvEvt
                0x00000000000085c0      0x2c4 C:\stefan\ble_keyboard\ch583\EVT\EXAM\BLE\LIB\libCH58xBLE.a(gap_central.o)
                0x00000000000085c0                gapProcessScanningExtAdvEvt
 .text.GAP_CentConnRegister
                0x0000000000008884       0x1a C:\stefan\ble_keyboard\ch583\EVT\EXAM\BLE\LIB\libCH58xBLE.a(gap_central.o)
                0x0000000000008884                GAP_CentConnRegister
 .text.GAP_CentralParamInit
                0x000000000000889e       0x6e C:\stefan\ble_keyboard\ch583\EVT\EXAM\BLE\LIB\libCH58xBLE.a(gap_central.o)
                0x000000000000889e                GAP_CentralParamInit
 .text.GAP_CentDevMgrInit
                0x000000000000890c       0x9c C:\stefan\ble_keyboard\ch583\EVT\EXAM\BLE\LIB\libCH58xBLE.a(gap_central.o)
                0x000000000000890c                GAP_CentDevMgrInit
 .text.gapFreeAdvertState
                0x00000000000089a8       0x20 C:\stefan\ble_keyboard\ch583\EVT\EXAM\BLE\LIB\libCH58xBLE.a(gap_peripheral.o)
 .text.gapSetPeriodicAdvParams
                0x00000000000089c8       0x30 C:\stefan\ble_keyboard\ch583\EVT\EXAM\BLE\LIB\libCH58xBLE.a(gap_peripheral.o)
 .text.gapSetConnectionlessCTEParams
                0x00000000000089f8       0x54 C:\stefan\ble_keyboard\ch583\EVT\EXAM\BLE\LIB\libCH58xBLE.a(gap_peripheral.o)
 .text.gapSetAdvParams
                0x0000000000008a4c      0x126 C:\stefan\ble_keyboard\ch583\EVT\EXAM\BLE\LIB\libCH58xBLE.a(gap_peripheral.o)
 .text.gapPeriProcessConnEvt
                0x0000000000008b72       0xd0 C:\stefan\ble_keyboard\ch583\EVT\EXAM\BLE\LIB\libCH58xBLE.a(gap_peripheral.o)
 .text.gapWriteAdvDataStatus
                0x0000000000008c42       0x8a C:\stefan\ble_keyboard\ch583\EVT\EXAM\BLE\LIB\libCH58xBLE.a(gap_peripheral.o)
 .text.GAP_MakeDiscoverable
                0x0000000000008ccc      0x174 C:\stefan\ble_keyboard\ch583\EVT\EXAM\BLE\LIB\libCH58xBLE.a(gap_peripheral.o)
                0x0000000000008ccc                GAP_MakeDiscoverable
 .text.GAP_EndDiscoverable
                0x0000000000008e40       0x66 C:\stefan\ble_keyboard\ch583\EVT\EXAM\BLE\LIB\libCH58xBLE.a(gap_peripheral.o)
                0x0000000000008e40                GAP_EndDiscoverable
 .text.gapProcessAdvertisingEvt
                0x0000000000008ea6      0x116 C:\stefan\ble_keyboard\ch583\EVT\EXAM\BLE\LIB\libCH58xBLE.a(gap_peripheral.o)
 .text.GAP_MakePeriodic
                0x0000000000008fbc       0x26 C:\stefan\ble_keyboard\ch583\EVT\EXAM\BLE\LIB\libCH58xBLE.a(gap_peripheral.o)
                0x0000000000008fbc                GAP_MakePeriodic
 .text.GAP_EndPeriodic
                0x0000000000008fe2        0xc C:\stefan\ble_keyboard\ch583\EVT\EXAM\BLE\LIB\libCH58xBLE.a(gap_peripheral.o)
                0x0000000000008fe2                GAP_EndPeriodic
 .text.GAP_MakeConnecttionlessCTE
                0x0000000000008fee       0x1a C:\stefan\ble_keyboard\ch583\EVT\EXAM\BLE\LIB\libCH58xBLE.a(gap_peripheral.o)
                0x0000000000008fee                GAP_MakeConnecttionlessCTE
 .text.GAP_EndConnecttionlessCTE
                0x0000000000009008        0xc C:\stefan\ble_keyboard\ch583\EVT\EXAM\BLE\LIB\libCH58xBLE.a(gap_peripheral.o)
                0x0000000000009008                GAP_EndConnecttionlessCTE
 .text.GAP_SetAdvertisingAdvData
                0x0000000000009014      0x102 C:\stefan\ble_keyboard\ch583\EVT\EXAM\BLE\LIB\libCH58xBLE.a(gap_peripheral.o)
                0x0000000000009014                GAP_SetAdvertisingAdvData
 .text.GAP_SetAdvertisingRspData
                0x0000000000009116      0x102 C:\stefan\ble_keyboard\ch583\EVT\EXAM\BLE\LIB\libCH58xBLE.a(gap_peripheral.o)
                0x0000000000009116                GAP_SetAdvertisingRspData
 .text.GAP_SetPeriodicAdvertisingData
                0x0000000000009218       0xc6 C:\stefan\ble_keyboard\ch583\EVT\EXAM\BLE\LIB\libCH58xBLE.a(gap_peripheral.o)
                0x0000000000009218                GAP_SetPeriodicAdvertisingData
 .text.GAP_GetAdvertisingAdvData
                0x00000000000092de       0x26 C:\stefan\ble_keyboard\ch583\EVT\EXAM\BLE\LIB\libCH58xBLE.a(gap_peripheral.o)
                0x00000000000092de                GAP_GetAdvertisingAdvData
 .text.GAP_GetAdvertisingRspData
                0x0000000000009304       0x34 C:\stefan\ble_keyboard\ch583\EVT\EXAM\BLE\LIB\libCH58xBLE.a(gap_peripheral.o)
                0x0000000000009304                GAP_GetAdvertisingRspData
 .text.GAP_GetPeriodicAdvertisingData
                0x0000000000009338       0x34 C:\stefan\ble_keyboard\ch583\EVT\EXAM\BLE\LIB\libCH58xBLE.a(gap_peripheral.o)
                0x0000000000009338                GAP_GetPeriodicAdvertisingData
 .text.GAP_ConfigDeviceAddr
                0x000000000000936c      0x124 C:\stefan\ble_keyboard\ch583\EVT\EXAM\BLE\LIB\libCH58xBLE.a(gap_peripheral.o)
                0x000000000000936c                GAP_ConfigDeviceAddr
 .text.GAP_PeriConnRegister
                0x0000000000009490       0x2e C:\stefan\ble_keyboard\ch583\EVT\EXAM\BLE\LIB\libCH58xBLE.a(gap_peripheral.o)
                0x0000000000009490                GAP_PeriConnRegister
 .text.GAP_PeripheralParamInit
                0x00000000000094be       0x6c C:\stefan\ble_keyboard\ch583\EVT\EXAM\BLE\LIB\libCH58xBLE.a(gap_peripheral.o)
                0x00000000000094be                GAP_PeripheralParamInit
 .text.gapSendMakeDiscEvent
                0x000000000000952a       0x50 C:\stefan\ble_keyboard\ch583\EVT\EXAM\BLE\LIB\libCH58xBLE.a(gap_peripheral.o)
                0x000000000000952a                gapSendMakeDiscEvent
 .text.gapWriteAdvEnableStatus
                0x000000000000957a      0x110 C:\stefan\ble_keyboard\ch583\EVT\EXAM\BLE\LIB\libCH58xBLE.a(gap_peripheral.o)
 .text.gapSendMakePeriodicEvent
                0x000000000000968a       0x3a C:\stefan\ble_keyboard\ch583\EVT\EXAM\BLE\LIB\libCH58xBLE.a(gap_peripheral.o)
                0x000000000000968a                gapSendMakePeriodicEvent
 .text.gapSendMakeConnectionlessCTEEvent
                0x00000000000096c4       0x3a C:\stefan\ble_keyboard\ch583\EVT\EXAM\BLE\LIB\libCH58xBLE.a(gap_peripheral.o)
                0x00000000000096c4                gapSendMakeConnectionlessCTEEvent
 .text.gapPeriProcessHCICmdCompleteEvt
                0x00000000000096fe      0x22e C:\stefan\ble_keyboard\ch583\EVT\EXAM\BLE\LIB\libCH58xBLE.a(gap_peripheral.o)
 .text.GAP_PeriDevMgrInit
                0x000000000000992c       0x2e C:\stefan\ble_keyboard\ch583\EVT\EXAM\BLE\LIB\libCH58xBLE.a(gap_peripheral.o)
                0x000000000000992c                GAP_PeriDevMgrInit
 .text.ggs_SetAttrWPermit
                0x000000000000995a       0x68 C:\stefan\ble_keyboard\ch583\EVT\EXAM\BLE\LIB\libCH58xBLE.a(gapgattserver.o)
 .text.ggs_ReadAttrCB
                0x00000000000099c2      0x156 C:\stefan\ble_keyboard\ch583\EVT\EXAM\BLE\LIB\libCH58xBLE.a(gapgattserver.o)
 .text.ggs_WriteAttrCB
                0x0000000000009b18      0x162 C:\stefan\ble_keyboard\ch583\EVT\EXAM\BLE\LIB\libCH58xBLE.a(gapgattserver.o)
 .text.GGS_ParamInit
                0x0000000000009c7a      0x15c C:\stefan\ble_keyboard\ch583\EVT\EXAM\BLE\LIB\libCH58xBLE.a(gapgattserver.o)
                0x0000000000009c7a                GGS_ParamInit
 .text.GGS_SetParameter
                0x0000000000009dd6      0x116 C:\stefan\ble_keyboard\ch583\EVT\EXAM\BLE\LIB\libCH58xBLE.a(gapgattserver.o)
                0x0000000000009dd6                GGS_SetParameter
 .text.GGS_AddService
                0x0000000000009eec       0x2c C:\stefan\ble_keyboard\ch583\EVT\EXAM\BLE\LIB\libCH58xBLE.a(gapgattserver.o)
                0x0000000000009eec                GGS_AddService
 .text.GAP_DeviceInit
                0x0000000000009f18       0xd8 C:\stefan\ble_keyboard\ch583\EVT\EXAM\BLE\LIB\libCH58xBLE.a(gapgattserver.o)
                0x0000000000009f18                GAP_DeviceInit
 .text.gattGetPayload
                0x0000000000009ff0       0x7e C:\stefan\ble_keyboard\ch583\EVT\EXAM\BLE\LIB\libCH58xBLE.a(gatt.o)
                0x0000000000009ff0                gattGetPayload
 .text.gattNotifyEvent
                0x000000000000a06e       0x84 C:\stefan\ble_keyboard\ch583\EVT\EXAM\BLE\LIB\libCH58xBLE.a(gatt.o)
                0x000000000000a06e                gattNotifyEvent
 .text.gattSendFlowCtrlEvt
                0x000000000000a0f2       0x52 C:\stefan\ble_keyboard\ch583\EVT\EXAM\BLE\LIB\libCH58xBLE.a(gatt.o)
                0x000000000000a0f2                gattSendFlowCtrlEvt
 .text.gattStartTimer
                0x000000000000a144        0xc C:\stefan\ble_keyboard\ch583\EVT\EXAM\BLE\LIB\libCH58xBLE.a(gatt.o)
                0x000000000000a144                gattStartTimer
 .text.gattStopTimer
                0x000000000000a150       0x32 C:\stefan\ble_keyboard\ch583\EVT\EXAM\BLE\LIB\libCH58xBLE.a(gatt.o)
                0x000000000000a150                gattStopTimer
 .text.GATT_AppCompletedMsg
                0x000000000000a182       0x30 C:\stefan\ble_keyboard\ch583\EVT\EXAM\BLE\LIB\libCH58xBLE.a(gatt.o)
                0x000000000000a182                GATT_AppCompletedMsg
 .text.GATT_NotifyEvent
                0x000000000000a1b2       0x56 C:\stefan\ble_keyboard\ch583\EVT\EXAM\BLE\LIB\libCH58xBLE.a(gatt.o)
                0x000000000000a1b2                GATT_NotifyEvent
 .text.gattRegisterServer
                0x000000000000a208        0x6 C:\stefan\ble_keyboard\ch583\EVT\EXAM\BLE\LIB\libCH58xBLE.a(gatt.o)
                0x000000000000a208                gattRegisterServer
 .text.GATT_UpdateMTU
                0x000000000000a20e       0x5a C:\stefan\ble_keyboard\ch583\EVT\EXAM\BLE\LIB\libCH58xBLE.a(gatt.o)
                0x000000000000a20e                GATT_UpdateMTU
 .text.GATT_bm_alloc
                0x000000000000a268       0xe8 C:\stefan\ble_keyboard\ch583\EVT\EXAM\BLE\LIB\libCH58xBLE.a(gatt.o)
                0x000000000000a268                GATT_bm_alloc
 .text.GATT_ServiceChangedInd
                0x000000000000a350       0x94 C:\stefan\ble_keyboard\ch583\EVT\EXAM\BLE\LIB\libCH58xBLE.a(gatt.o)
                0x000000000000a350                GATT_ServiceChangedInd
 .text.GATT_bm_free
                0x000000000000a3e4       0x1c C:\stefan\ble_keyboard\ch583\EVT\EXAM\BLE\LIB\libCH58xBLE.a(gatt.o)
                0x000000000000a3e4                GATT_bm_free
 .text.GATT_Init
                0x000000000000a400       0x2a C:\stefan\ble_keyboard\ch583\EVT\EXAM\BLE\LIB\libCH58xBLE.a(gatt.o)
                0x000000000000a400                GATT_Init
 .text.GATT_ProcessEvent
                0x000000000000a42a      0x13a C:\stefan\ble_keyboard\ch583\EVT\EXAM\BLE\LIB\libCH58xBLE.a(gatt.o)
                0x000000000000a42a                GATT_ProcessEvent
 .text.gattProcessExchangeMTUReq
                0x000000000000a564        0x4 C:\stefan\ble_keyboard\ch583\EVT\EXAM\BLE\LIB\libCH58xBLE.a(gattservapp.o)
 .text.gattServApp_FindCharCfgItem
                0x000000000000a568       0x24 C:\stefan\ble_keyboard\ch583\EVT\EXAM\BLE\LIB\libCH58xBLE.a(gattservapp.o)
 .text.gattServerHandleTimerCB
                0x000000000000a58c       0x3c C:\stefan\ble_keyboard\ch583\EVT\EXAM\BLE\LIB\libCH58xBLE.a(gattservapp.o)
 .text.GATTServApp_InitCharCfg.part.12
                0x000000000000a5c8       0x20 C:\stefan\ble_keyboard\ch583\EVT\EXAM\BLE\LIB\libCH58xBLE.a(gattservapp.o)
 .text.gattProcessExecuteWriteReq
                0x000000000000a5e8        0x4 C:\stefan\ble_keyboard\ch583\EVT\EXAM\BLE\LIB\libCH58xBLE.a(gattservapp.o)
 .text.GATTServApp_ParamInit
                0x000000000000a5ec       0xd6 C:\stefan\ble_keyboard\ch583\EVT\EXAM\BLE\LIB\libCH58xBLE.a(gattservapp.o)
                0x000000000000a5ec                GATTServApp_ParamInit
 .text.GATTServApp_ReadCharCfg
                0x000000000000a6c2       0x18 C:\stefan\ble_keyboard\ch583\EVT\EXAM\BLE\LIB\libCH58xBLE.a(gattservapp.o)
                0x000000000000a6c2                GATTServApp_ReadCharCfg
 .text.GATTServApp_WriteCharCfg
                0x000000000000a6da       0x3c C:\stefan\ble_keyboard\ch583\EVT\EXAM\BLE\LIB\libCH58xBLE.a(gattservapp.o)
                0x000000000000a6da                GATTServApp_WriteCharCfg
 .text.GATTServApp_ProcessCCCWriteReq
                0x000000000000a716       0x60 C:\stefan\ble_keyboard\ch583\EVT\EXAM\BLE\LIB\libCH58xBLE.a(gattservapp.o)
                0x000000000000a716                GATTServApp_ProcessCCCWriteReq
 .text.gattServApp_WriteAttrCB
                0x000000000000a776       0x34 C:\stefan\ble_keyboard\ch583\EVT\EXAM\BLE\LIB\libCH58xBLE.a(gattservapp.o)
                0x000000000000a776                gattServApp_WriteAttrCB
 .text.GATTServApp_SendCCCUpdatedEvent
                0x000000000000a7aa       0x5e C:\stefan\ble_keyboard\ch583\EVT\EXAM\BLE\LIB\libCH58xBLE.a(gattservapp.o)
                0x000000000000a7aa                GATTServApp_SendCCCUpdatedEvent
 .text.GATTServApp_SendServiceChangedInd
                0x000000000000a808       0x36 C:\stefan\ble_keyboard\ch583\EVT\EXAM\BLE\LIB\libCH58xBLE.a(gattservapp.o)
                0x000000000000a808                GATTServApp_SendServiceChangedInd
 .text.gattServApp_ClearPrepareWriteQ
                0x000000000000a83e       0x50 C:\stefan\ble_keyboard\ch583\EVT\EXAM\BLE\LIB\libCH58xBLE.a(gattservapp.o)
                0x000000000000a83e                gattServApp_ClearPrepareWriteQ
 .text.gattServApp_FindPrepareWriteQ
                0x000000000000a88e       0x30 C:\stefan\ble_keyboard\ch583\EVT\EXAM\BLE\LIB\libCH58xBLE.a(gattservapp.o)
                0x000000000000a88e                gattServApp_FindPrepareWriteQ
 .text.gattServApp_FindServiceCBs
                0x000000000000a8be       0x18 C:\stefan\ble_keyboard\ch583\EVT\EXAM\BLE\LIB\libCH58xBLE.a(gattservapp.o)
                0x000000000000a8be                gattServApp_FindServiceCBs
 .text.gattServApp_FindAuthorizeAttrCB
                0x000000000000a8d6       0x16 C:\stefan\ble_keyboard\ch583\EVT\EXAM\BLE\LIB\libCH58xBLE.a(gattservapp.o)
                0x000000000000a8d6                gattServApp_FindAuthorizeAttrCB
 .text.gattServApp_IsWriteLong
                0x000000000000a8ec       0xea C:\stefan\ble_keyboard\ch583\EVT\EXAM\BLE\LIB\libCH58xBLE.a(gattservapp.o)
                0x000000000000a8ec                gattServApp_IsWriteLong
 .text.gattFindService
                0x000000000000a9d6       0x1c C:\stefan\ble_keyboard\ch583\EVT\EXAM\BLE\LIB\libCH58xBLE.a(gattservapp.o)
                0x000000000000a9d6                gattFindService
 .text.GATT_ServiceNumAttrs
                0x000000000000a9f2       0x18 C:\stefan\ble_keyboard\ch583\EVT\EXAM\BLE\LIB\libCH58xBLE.a(gattservapp.o)
                0x000000000000a9f2                GATT_ServiceNumAttrs
 .text.GATT_ServiceEncKeySize
                0x000000000000aa0a       0x18 C:\stefan\ble_keyboard\ch583\EVT\EXAM\BLE\LIB\libCH58xBLE.a(gattservapp.o)
                0x000000000000aa0a                GATT_ServiceEncKeySize
 .text.GATT_VerifyWritePermissions.part.7
                0x000000000000aa22       0x2e C:\stefan\ble_keyboard\ch583\EVT\EXAM\BLE\LIB\libCH58xBLE.a(gattservapp.o)
 .text.gattResetServerInfo
                0x000000000000aa50       0x1c C:\stefan\ble_keyboard\ch583\EVT\EXAM\BLE\LIB\libCH58xBLE.a(gattservapp.o)
                0x000000000000aa50                gattResetServerInfo
 .text.gattFindServerInfo
                0x000000000000aa6c       0x2c C:\stefan\ble_keyboard\ch583\EVT\EXAM\BLE\LIB\libCH58xBLE.a(gattservapp.o)
                0x000000000000aa6c                gattFindServerInfo
 .text.gattServerHandleConnStatusCB
                0x000000000000aa98       0x98 C:\stefan\ble_keyboard\ch583\EVT\EXAM\BLE\LIB\libCH58xBLE.a(gattservapp.o)
                0x000000000000aa98                gattServerHandleConnStatusCB
 .text.gattServerProcessMsgCB
                0x000000000000ab30      0x1c0 C:\stefan\ble_keyboard\ch583\EVT\EXAM\BLE\LIB\libCH58xBLE.a(gattservapp.o)
                0x000000000000ab30                gattServerProcessMsgCB
 .text.gattServerNotifyTxCB
                0x000000000000acf0       0x28 C:\stefan\ble_keyboard\ch583\EVT\EXAM\BLE\LIB\libCH58xBLE.a(gattservapp.o)
 .text.GATT_FindHandle
                0x000000000000ad18       0x4a C:\stefan\ble_keyboard\ch583\EVT\EXAM\BLE\LIB\libCH58xBLE.a(gattservapp.o)
                0x000000000000ad18                GATT_FindHandle
 .text.GATTServApp_WriteAttr
                0x000000000000ad62       0xa8 C:\stefan\ble_keyboard\ch583\EVT\EXAM\BLE\LIB\libCH58xBLE.a(gattservapp.o)
                0x000000000000ad62                GATTServApp_WriteAttr
 .text.gattServApp_ProcessExecuteWriteReq
                0x000000000000ae0a      0x100 C:\stefan\ble_keyboard\ch583\EVT\EXAM\BLE\LIB\libCH58xBLE.a(gattservapp.o)
                0x000000000000ae0a                gattServApp_ProcessExecuteWriteReq
 .text.GATTServApp_UpdateCharCfg
                0x000000000000af0a       0x1e C:\stefan\ble_keyboard\ch583\EVT\EXAM\BLE\LIB\libCH58xBLE.a(gattservapp.o)
                0x000000000000af0a                GATTServApp_UpdateCharCfg
 .text.gattServApp_ProcessPrepareWriteReq
                0x000000000000af28      0x10e C:\stefan\ble_keyboard\ch583\EVT\EXAM\BLE\LIB\libCH58xBLE.a(gattservapp.o)
                0x000000000000af28                gattServApp_ProcessPrepareWriteReq
 .text.gattServApp_ProcessWriteReq
                0x000000000000b036       0xb0 C:\stefan\ble_keyboard\ch583\EVT\EXAM\BLE\LIB\libCH58xBLE.a(gattservapp.o)
                0x000000000000b036                gattServApp_ProcessWriteReq
 .text.GATT_Indication
                0x000000000000b0e6       0xa4 C:\stefan\ble_keyboard\ch583\EVT\EXAM\BLE\LIB\libCH58xBLE.a(gattservapp.o)
                0x000000000000b0e6                GATT_Indication
 .text.GATT_FindHandleUUID
                0x000000000000b18a       0x94 C:\stefan\ble_keyboard\ch583\EVT\EXAM\BLE\LIB\libCH58xBLE.a(gattservapp.o)
                0x000000000000b18a                GATT_FindHandleUUID
 .text.gattProcessReadByGrpTypeReq
                0x000000000000b21e       0x60 C:\stefan\ble_keyboard\ch583\EVT\EXAM\BLE\LIB\libCH58xBLE.a(gattservapp.o)
 .text.gattProcessReadByTypeReq
                0x000000000000b27e       0x34 C:\stefan\ble_keyboard\ch583\EVT\EXAM\BLE\LIB\libCH58xBLE.a(gattservapp.o)
 .text.gattProcessFindByTypeValueReq
                0x000000000000b2b2       0x34 C:\stefan\ble_keyboard\ch583\EVT\EXAM\BLE\LIB\libCH58xBLE.a(gattservapp.o)
 .text.gattProcessFindInfoReq
                0x000000000000b2e6      0x1aa C:\stefan\ble_keyboard\ch583\EVT\EXAM\BLE\LIB\libCH58xBLE.a(gattservapp.o)
 .text.GATT_Notification
                0x000000000000b490       0x70 C:\stefan\ble_keyboard\ch583\EVT\EXAM\BLE\LIB\libCH58xBLE.a(gattservapp.o)
                0x000000000000b490                GATT_Notification
 .text.GATT_VerifyWritePermissions
                0x000000000000b500       0x6a C:\stefan\ble_keyboard\ch583\EVT\EXAM\BLE\LIB\libCH58xBLE.a(gattservapp.o)
                0x000000000000b500                GATT_VerifyWritePermissions
 .text.gattProcessWriteReq
                0x000000000000b56a       0x36 C:\stefan\ble_keyboard\ch583\EVT\EXAM\BLE\LIB\libCH58xBLE.a(gattservapp.o)
 .text.GATT_VerifyPrepareWritePermissions
                0x000000000000b5a0       0x56 C:\stefan\ble_keyboard\ch583\EVT\EXAM\BLE\LIB\libCH58xBLE.a(gattservapp.o)
                0x000000000000b5a0                GATT_VerifyPrepareWritePermissions
 .text.gattProcessPrepareWriteReq
                0x000000000000b5f6       0x36 C:\stefan\ble_keyboard\ch583\EVT\EXAM\BLE\LIB\libCH58xBLE.a(gattservapp.o)
 .text.GATT_FindNextAttr
                0x000000000000b62c       0xc2 C:\stefan\ble_keyboard\ch583\EVT\EXAM\BLE\LIB\libCH58xBLE.a(gattservapp.o)
                0x000000000000b62c                GATT_FindNextAttr
 .text.GATTServApp_ReadAttr
                0x000000000000b6ee      0x2ea C:\stefan\ble_keyboard\ch583\EVT\EXAM\BLE\LIB\libCH58xBLE.a(gattservapp.o)
                0x000000000000b6ee                GATTServApp_ReadAttr
 .text.gattServApp_ProcessReadMultiReq
                0x000000000000b9d8      0x16e C:\stefan\ble_keyboard\ch583\EVT\EXAM\BLE\LIB\libCH58xBLE.a(gattservapp.o)
                0x000000000000b9d8                gattServApp_ProcessReadMultiReq
 .text.gattServApp_ProcessFindByTypeValueReq
                0x000000000000bb46      0x1a0 C:\stefan\ble_keyboard\ch583\EVT\EXAM\BLE\LIB\libCH58xBLE.a(gattservapp.o)
                0x000000000000bb46                gattServApp_ProcessFindByTypeValueReq
 .text.GATT_VerifyReadPermissions
                0x000000000000bce6       0x68 C:\stefan\ble_keyboard\ch583\EVT\EXAM\BLE\LIB\libCH58xBLE.a(gattservapp.o)
                0x000000000000bce6                GATT_VerifyReadPermissions
 .text.gattProcessReadMultiReq
                0x000000000000bd4e       0xae C:\stefan\ble_keyboard\ch583\EVT\EXAM\BLE\LIB\libCH58xBLE.a(gattservapp.o)
 .text.gattProcessReadReq
                0x000000000000bdfc       0x30 C:\stefan\ble_keyboard\ch583\EVT\EXAM\BLE\LIB\libCH58xBLE.a(gattservapp.o)
 .text.gattServApp_ProcessReadByGrpTypeReq
                0x000000000000be2c      0x21c C:\stefan\ble_keyboard\ch583\EVT\EXAM\BLE\LIB\libCH58xBLE.a(gattservapp.o)
                0x000000000000be2c                gattServApp_ProcessReadByGrpTypeReq
 .text.gattServApp_ProcessReadByTypeReq
                0x000000000000c048      0x1ae C:\stefan\ble_keyboard\ch583\EVT\EXAM\BLE\LIB\libCH58xBLE.a(gattservapp.o)
                0x000000000000c048                gattServApp_ProcessReadByTypeReq
 .text.GATT_RegisterService
                0x000000000000c1f6      0x100 C:\stefan\ble_keyboard\ch583\EVT\EXAM\BLE\LIB\libCH58xBLE.a(gattservapp.o)
                0x000000000000c1f6                GATT_RegisterService
 .text.GATTServApp_RegisterService
                0x000000000000c2f6       0x7c C:\stefan\ble_keyboard\ch583\EVT\EXAM\BLE\LIB\libCH58xBLE.a(gattservapp.o)
                0x000000000000c2f6                GATTServApp_RegisterService
 .text.GATTServApp_AddService
                0x000000000000c372       0x2c C:\stefan\ble_keyboard\ch583\EVT\EXAM\BLE\LIB\libCH58xBLE.a(gattservapp.o)
                0x000000000000c372                GATTServApp_AddService
 .text.GATTServApp_RegisterForMsg
                0x000000000000c39e        0x6 C:\stefan\ble_keyboard\ch583\EVT\EXAM\BLE\LIB\libCH58xBLE.a(gattservapp.o)
                0x000000000000c39e                GATTServApp_RegisterForMsg
 .text.GATTServApp_InitCharCfg
                0x000000000000c3a4       0x28 C:\stefan\ble_keyboard\ch583\EVT\EXAM\BLE\LIB\libCH58xBLE.a(gattservapp.o)
                0x000000000000c3a4                GATTServApp_InitCharCfg
 .text.gattServApp_HandleConnStatusCB
                0x000000000000c3cc       0x74 C:\stefan\ble_keyboard\ch583\EVT\EXAM\BLE\LIB\libCH58xBLE.a(gattservapp.o)
                0x000000000000c3cc                gattServApp_HandleConnStatusCB
 .text.GATT_InitServer
                0x000000000000c440       0xfa C:\stefan\ble_keyboard\ch583\EVT\EXAM\BLE\LIB\libCH58xBLE.a(gattservapp.o)
                0x000000000000c440                GATT_InitServer
 .text.GATTServApp_Init
                0x000000000000c53a       0x34 C:\stefan\ble_keyboard\ch583\EVT\EXAM\BLE\LIB\libCH58xBLE.a(gattservapp.o)
                0x000000000000c53a                GATTServApp_Init
 .text.GATTServApp_ProcessEvent
                0x000000000000c56e      0x36a C:\stefan\ble_keyboard\ch583\EVT\EXAM\BLE\LIB\libCH58xBLE.a(gattservapp.o)
                0x000000000000c56e                GATTServApp_ProcessEvent
 .text.l2capAllocConnChannel
                0x000000000000c8d8       0xe0 C:\stefan\ble_keyboard\ch583\EVT\EXAM\BLE\LIB\libCH58xBLE.a(l2cap.o)
                0x000000000000c8d8                l2capAllocConnChannel
 .text.l2capFindLocalCID
                0x000000000000c9b8       0x2c C:\stefan\ble_keyboard\ch583\EVT\EXAM\BLE\LIB\libCH58xBLE.a(l2cap.o)
                0x000000000000c9b8                l2capFindLocalCID
 .text.l2capFindLocalId
                0x000000000000c9e4       0x30 C:\stefan\ble_keyboard\ch583\EVT\EXAM\BLE\LIB\libCH58xBLE.a(l2cap.o)
                0x000000000000c9e4                l2capFindLocalId
 .text.l2capFindPsm
                0x000000000000ca14       0x30 C:\stefan\ble_keyboard\ch583\EVT\EXAM\BLE\LIB\libCH58xBLE.a(l2cap.o)
                0x000000000000ca14                l2capFindPsm
 .text.l2capFindRemoteCID
                0x000000000000ca44       0x3c C:\stefan\ble_keyboard\ch583\EVT\EXAM\BLE\LIB\libCH58xBLE.a(l2cap.o)
                0x000000000000ca44                l2capFindRemoteCID
 .text.l2capFreeChannel
                0x000000000000ca80       0x4e C:\stefan\ble_keyboard\ch583\EVT\EXAM\BLE\LIB\libCH58xBLE.a(l2cap.o)
                0x000000000000ca80                l2capFreeChannel
 .text.l2capDisconnectChannel
                0x000000000000cace       0x28 C:\stefan\ble_keyboard\ch583\EVT\EXAM\BLE\LIB\libCH58xBLE.a(l2cap.o)
                0x000000000000cace                l2capDisconnectChannel
 .text.l2capHandleTimerCB
                0x000000000000caf6       0x2c C:\stefan\ble_keyboard\ch583\EVT\EXAM\BLE\LIB\libCH58xBLE.a(l2cap.o)
                0x000000000000caf6                l2capHandleTimerCB
 .text.l2capFreePendingPkt
                0x000000000000cb22       0x58 C:\stefan\ble_keyboard\ch583\EVT\EXAM\BLE\LIB\libCH58xBLE.a(l2cap.o)
                0x000000000000cb22                l2capFreePendingPkt
 .text.l2capGetCoChannelInfo
                0x000000000000cb7a       0x86 C:\stefan\ble_keyboard\ch583\EVT\EXAM\BLE\LIB\libCH58xBLE.a(l2cap.o)
                0x000000000000cb7a                l2capGetCoChannelInfo
 .text.l2capNumActiveChannnels
                0x000000000000cc00       0x48 C:\stefan\ble_keyboard\ch583\EVT\EXAM\BLE\LIB\libCH58xBLE.a(l2cap.o)
                0x000000000000cc00                l2capNumActiveChannnels
 .text.l2capStartTimer
                0x000000000000cc48       0x1a C:\stefan\ble_keyboard\ch583\EVT\EXAM\BLE\LIB\libCH58xBLE.a(l2cap.o)
                0x000000000000cc48                l2capStartTimer
 .text.l2capStopTimer
                0x000000000000cc62       0x1e C:\stefan\ble_keyboard\ch583\EVT\EXAM\BLE\LIB\libCH58xBLE.a(l2cap.o)
                0x000000000000cc62                l2capStopTimer
 .text.l2capDisconnectAllChannels
                0x000000000000cc80       0xdc C:\stefan\ble_keyboard\ch583\EVT\EXAM\BLE\LIB\libCH58xBLE.a(l2cap.o)
                0x000000000000cc80                l2capDisconnectAllChannels
 .text.l2capHandleConnStatusCB
                0x000000000000cd5c       0x3c C:\stefan\ble_keyboard\ch583\EVT\EXAM\BLE\LIB\libCH58xBLE.a(l2cap.o)
                0x000000000000cd5c                l2capHandleConnStatusCB
 .text.l2capHandleRxError
                0x000000000000cd98        0x6 C:\stefan\ble_keyboard\ch583\EVT\EXAM\BLE\LIB\libCH58xBLE.a(l2cap.o)
                0x000000000000cd98                l2capHandleRxError
 .text.L2CAP_GetMTU
                0x000000000000cd9e        0x6 C:\stefan\ble_keyboard\ch583\EVT\EXAM\BLE\LIB\libCH58xBLE.a(l2cap.o)
                0x000000000000cd9e                L2CAP_GetMTU
 .text.L2CAP_HostNumCompletedPkts
                0x000000000000cda4       0x28 C:\stefan\ble_keyboard\ch583\EVT\EXAM\BLE\LIB\libCH58xBLE.a(l2cap.o)
                0x000000000000cda4                L2CAP_HostNumCompletedPkts
 .text.L2CAP_ParseConnectReq
                0x000000000000cdcc       0x5e C:\stefan\ble_keyboard\ch583\EVT\EXAM\BLE\LIB\libCH58xBLE.a(l2cap.o)
                0x000000000000cdcc                L2CAP_ParseConnectReq
 .text.L2CAP_ParseFlowCtrlCredit
                0x000000000000ce2a       0x2e C:\stefan\ble_keyboard\ch583\EVT\EXAM\BLE\LIB\libCH58xBLE.a(l2cap.o)
                0x000000000000ce2a                L2CAP_ParseFlowCtrlCredit
 .text.L2CAP_RegisterApp
                0x000000000000ce58       0x30 C:\stefan\ble_keyboard\ch583\EVT\EXAM\BLE\LIB\libCH58xBLE.a(l2cap.o)
                0x000000000000ce58                L2CAP_RegisterApp
 .text.L2CAP_SetBufSize
                0x000000000000ce88       0x1e C:\stefan\ble_keyboard\ch583\EVT\EXAM\BLE\LIB\libCH58xBLE.a(l2cap.o)
                0x000000000000ce88                L2CAP_SetBufSize
 .text.L2CAP_bm_alloc
                0x000000000000cea6       0x2a C:\stefan\ble_keyboard\ch583\EVT\EXAM\BLE\LIB\libCH58xBLE.a(l2cap.o)
                0x000000000000cea6                L2CAP_bm_alloc
 .text.L2CAP_Init
                0x000000000000ced0      0x15e C:\stefan\ble_keyboard\ch583\EVT\EXAM\BLE\LIB\libCH58xBLE.a(l2cap.o)
                0x000000000000ced0                L2CAP_Init
 .text.L2CAP_ProcessEvent
                0x000000000000d02e       0xd4 C:\stefan\ble_keyboard\ch583\EVT\EXAM\BLE\LIB\libCH58xBLE.a(l2cap.o)
                0x000000000000d02e                L2CAP_ProcessEvent
 .text.l2capParseCmdReject
                0x000000000000d102       0x5e C:\stefan\ble_keyboard\ch583\EVT\EXAM\BLE\LIB\libCH58xBLE.a(l2cap_input.o)
                0x000000000000d102                l2capParseCmdReject
 .text.l2capParseDisconnectReq
                0x000000000000d160       0x2e C:\stefan\ble_keyboard\ch583\EVT\EXAM\BLE\LIB\libCH58xBLE.a(l2cap_input.o)
                0x000000000000d160                l2capParseDisconnectReq
 .text.l2capParseDisconnectRsp
                0x000000000000d18e       0x2e C:\stefan\ble_keyboard\ch583\EVT\EXAM\BLE\LIB\libCH58xBLE.a(l2cap_input.o)
                0x000000000000d18e                l2capParseDisconnectRsp
 .text.L2CAP_ParseParamUpdateReq
                0x000000000000d1bc       0x4e C:\stefan\ble_keyboard\ch583\EVT\EXAM\BLE\LIB\libCH58xBLE.a(l2cap_input.o)
                0x000000000000d1bc                L2CAP_ParseParamUpdateReq
 .text.l2capParseParamUpdateRsp
                0x000000000000d20a       0x1e C:\stefan\ble_keyboard\ch583\EVT\EXAM\BLE\LIB\libCH58xBLE.a(l2cap_input.o)
                0x000000000000d20a                l2capParseParamUpdateRsp
 .text.l2capProcessConnectReq
                0x000000000000d228       0xfc C:\stefan\ble_keyboard\ch583\EVT\EXAM\BLE\LIB\libCH58xBLE.a(l2cap_input.o)
                0x000000000000d228                l2capProcessConnectReq
 .text.l2capParseConnectRsp
                0x000000000000d324       0x5e C:\stefan\ble_keyboard\ch583\EVT\EXAM\BLE\LIB\libCH58xBLE.a(l2cap_input.o)
                0x000000000000d324                l2capParseConnectRsp
 .text.l2capParseSignalHdr
                0x000000000000d382       0x22 C:\stefan\ble_keyboard\ch583\EVT\EXAM\BLE\LIB\libCH58xBLE.a(l2cap_input.o)
                0x000000000000d382                l2capParseSignalHdr
 .text.l2capParsePacket
                0x000000000000d3a4       0x8c C:\stefan\ble_keyboard\ch583\EVT\EXAM\BLE\LIB\libCH58xBLE.a(l2cap_input.o)
                0x000000000000d3a4                l2capParsePacket
 .text.l2capProcessReq
                0x000000000000d430      0x15e C:\stefan\ble_keyboard\ch583\EVT\EXAM\BLE\LIB\libCH58xBLE.a(l2cap_input.o)
                0x000000000000d430                l2capProcessReq
 .text.l2capProcessRsp
                0x000000000000d58e      0x150 C:\stefan\ble_keyboard\ch583\EVT\EXAM\BLE\LIB\libCH58xBLE.a(l2cap_input.o)
                0x000000000000d58e                l2capProcessRsp
 .text.l2capProcessRxData
                0x000000000000d6de       0xf8 C:\stefan\ble_keyboard\ch583\EVT\EXAM\BLE\LIB\libCH58xBLE.a(l2cap_input.o)
                0x000000000000d6de                l2capProcessRxData
 .text.l2capNotifyData
                0x000000000000d7d6       0x5e C:\stefan\ble_keyboard\ch583\EVT\EXAM\BLE\LIB\libCH58xBLE.a(l2cap_output.o)
                0x000000000000d7d6                l2capNotifyData
 .text.l2capNotifySignal
                0x000000000000d834       0x7a C:\stefan\ble_keyboard\ch583\EVT\EXAM\BLE\LIB\libCH58xBLE.a(l2cap_output.o)
                0x000000000000d834                l2capNotifySignal
 .text.l2capNotifyCreditEvt
                0x000000000000d8ae       0xa4 C:\stefan\ble_keyboard\ch583\EVT\EXAM\BLE\LIB\libCH58xBLE.a(l2cap_output.o)
                0x000000000000d8ae                l2capNotifyCreditEvt
 .text.l2capNotifyChannelEstEvt
                0x000000000000d952       0x5c C:\stefan\ble_keyboard\ch583\EVT\EXAM\BLE\LIB\libCH58xBLE.a(l2cap_output.o)
                0x000000000000d952                l2capNotifyChannelEstEvt
 .text.l2capNotifyChannelTermEvt
                0x000000000000d9ae       0x3e C:\stefan\ble_keyboard\ch583\EVT\EXAM\BLE\LIB\libCH58xBLE.a(l2cap_output.o)
                0x000000000000d9ae                l2capNotifyChannelTermEvt
 .text.l2capNotifyEvent
                0x000000000000d9ec       0x66 C:\stefan\ble_keyboard\ch583\EVT\EXAM\BLE\LIB\libCH58xBLE.a(l2cap_output.o)
                0x000000000000d9ec                l2capNotifyEvent
 .text.l2capStoreFCPkt
                0x000000000000da52       0x32 C:\stefan\ble_keyboard\ch583\EVT\EXAM\BLE\LIB\libCH58xBLE.a(l2cap_output.o)
                0x000000000000da52                l2capStoreFCPkt
 .text.l2capFreeTxSDU
                0x000000000000da84       0x9e C:\stefan\ble_keyboard\ch583\EVT\EXAM\BLE\LIB\libCH58xBLE.a(l2cap_output.o)
                0x000000000000da84                l2capFreeTxSDU
 .text.l2capReassembleSegment
                0x000000000000db22      0x178 C:\stefan\ble_keyboard\ch583\EVT\EXAM\BLE\LIB\libCH58xBLE.a(l2cap_output.o)
                0x000000000000db22                l2capReassembleSegment
 .text.l2capEncapSendData
                0x000000000000dc9a       0xf0 C:\stefan\ble_keyboard\ch583\EVT\EXAM\BLE\LIB\libCH58xBLE.a(l2cap_output.o)
                0x000000000000dc9a                l2capEncapSendData
 .text.l2capSendFCPkt.part.3
                0x000000000000dd8a       0x70 C:\stefan\ble_keyboard\ch583\EVT\EXAM\BLE\LIB\libCH58xBLE.a(l2cap_output.o)
 .text.l2capSendSegment
                0x000000000000ddfa      0x108 C:\stefan\ble_keyboard\ch583\EVT\EXAM\BLE\LIB\libCH58xBLE.a(l2cap_output.o)
                0x000000000000ddfa                l2capSendSegment
 .text.l2capSendNextSegment
                0x000000000000df02       0xb4 C:\stefan\ble_keyboard\ch583\EVT\EXAM\BLE\LIB\libCH58xBLE.a(l2cap_output.o)
                0x000000000000df02                l2capSendNextSegment
 .text.l2capSendPkt
                0x000000000000dfb6       0x3a C:\stefan\ble_keyboard\ch583\EVT\EXAM\BLE\LIB\libCH58xBLE.a(l2cap_output.o)
                0x000000000000dfb6                l2capSendPkt
 .text.L2CAP_SendData
                0x000000000000dff0       0x82 C:\stefan\ble_keyboard\ch583\EVT\EXAM\BLE\LIB\libCH58xBLE.a(l2cap_output.o)
                0x000000000000dff0                L2CAP_SendData
 .text.l2capSendCmd
                0x000000000000e072       0x8a C:\stefan\ble_keyboard\ch583\EVT\EXAM\BLE\LIB\libCH58xBLE.a(l2cap_output.o)
                0x000000000000e072                l2capSendCmd
 .text.l2capSendReq
                0x000000000000e0fc       0xc8 C:\stefan\ble_keyboard\ch583\EVT\EXAM\BLE\LIB\libCH58xBLE.a(l2cap_output.o)
                0x000000000000e0fc                l2capSendReq
 .text.l2capBuildDisconnectReq
                0x000000000000e1c4       0x28 C:\stefan\ble_keyboard\ch583\EVT\EXAM\BLE\LIB\libCH58xBLE.a(l2cap_sdu.o)
 .text.l2capBuildParamUpdateReq
                0x000000000000e1ec       0x4c C:\stefan\ble_keyboard\ch583\EVT\EXAM\BLE\LIB\libCH58xBLE.a(l2cap_sdu.o)
 .text.l2capBuildParamUpdateRsp
                0x000000000000e238       0x16 C:\stefan\ble_keyboard\ch583\EVT\EXAM\BLE\LIB\libCH58xBLE.a(l2cap_sdu.o)
 .text.l2capBuildConnectRsp
                0x000000000000e24e       0x5e C:\stefan\ble_keyboard\ch583\EVT\EXAM\BLE\LIB\libCH58xBLE.a(l2cap_sdu.o)
 .text.l2capBuildCmdReject
                0x000000000000e2ac       0x62 C:\stefan\ble_keyboard\ch583\EVT\EXAM\BLE\LIB\libCH58xBLE.a(l2cap_sdu.o)
                0x000000000000e2ac                l2capBuildCmdReject
 .text.l2capBuildDisconnectRsp
                0x000000000000e30e       0x28 C:\stefan\ble_keyboard\ch583\EVT\EXAM\BLE\LIB\libCH58xBLE.a(l2cap_sdu.o)
                0x000000000000e30e                l2capBuildDisconnectRsp
 .text.l2capSendConnectRsp
                0x000000000000e336       0xaa C:\stefan\ble_keyboard\ch583\EVT\EXAM\BLE\LIB\libCH58xBLE.a(l2cap_sdu.o)
                0x000000000000e336                l2capSendConnectRsp
 .text.L2CAP_CmdReject
                0x000000000000e3e0       0x12 C:\stefan\ble_keyboard\ch583\EVT\EXAM\BLE\LIB\libCH58xBLE.a(l2cap_sdu.o)
                0x000000000000e3e0                L2CAP_CmdReject
 .text.L2CAP_DisconnectReq
                0x000000000000e3f2       0x2a C:\stefan\ble_keyboard\ch583\EVT\EXAM\BLE\LIB\libCH58xBLE.a(l2cap_sdu.o)
                0x000000000000e3f2                L2CAP_DisconnectReq
 .text.L2CAP_ConnParamUpdateReq
                0x000000000000e41c       0x16 C:\stefan\ble_keyboard\ch583\EVT\EXAM\BLE\LIB\libCH58xBLE.a(l2cap_sdu.o)
                0x000000000000e41c                L2CAP_ConnParamUpdateReq
 .text.L2CAP_ConnParamUpdateRsp
                0x000000000000e432       0x12 C:\stefan\ble_keyboard\ch583\EVT\EXAM\BLE\LIB\libCH58xBLE.a(l2cap_sdu.o)
                0x000000000000e432                L2CAP_ConnParamUpdateRsp
 .text.reportStatusChange
                0x000000000000e444       0x3e C:\stefan\ble_keyboard\ch583\EVT\EXAM\BLE\LIB\libCH58xBLE.a(linkdb.o)
 .text.linkDB_Init
                0x000000000000e482       0xa8 C:\stefan\ble_keyboard\ch583\EVT\EXAM\BLE\LIB\libCH58xBLE.a(linkdb.o)
                0x000000000000e482                linkDB_Init
 .text.linkDB_Find
                0x000000000000e52a       0x34 C:\stefan\ble_keyboard\ch583\EVT\EXAM\BLE\LIB\libCH58xBLE.a(linkdb.o)
                0x000000000000e52a                linkDB_Find
 .text.linkDB_Authen
                0x000000000000e55e       0x5c C:\stefan\ble_keyboard\ch583\EVT\EXAM\BLE\LIB\libCH58xBLE.a(linkdb.o)
                0x000000000000e55e                linkDB_Authen
 .text.linkDB_FindByAddr
                0x000000000000e5ba       0x82 C:\stefan\ble_keyboard\ch583\EVT\EXAM\BLE\LIB\libCH58xBLE.a(linkdb.o)
                0x000000000000e5ba                linkDB_FindByAddr
 .text.linkDB_FindFirst
                0x000000000000e63c       0x40 C:\stefan\ble_keyboard\ch583\EVT\EXAM\BLE\LIB\libCH58xBLE.a(linkdb.o)
                0x000000000000e63c                linkDB_FindFirst
 .text.linkDB_MTU
                0x000000000000e67c       0x18 C:\stefan\ble_keyboard\ch583\EVT\EXAM\BLE\LIB\libCH58xBLE.a(linkdb.o)
                0x000000000000e67c                linkDB_MTU
 .text.linkDB_NumActive
                0x000000000000e694       0x36 C:\stefan\ble_keyboard\ch583\EVT\EXAM\BLE\LIB\libCH58xBLE.a(linkdb.o)
                0x000000000000e694                linkDB_NumActive
 .text.linkDB_NumConns
                0x000000000000e6ca        0xa C:\stefan\ble_keyboard\ch583\EVT\EXAM\BLE\LIB\libCH58xBLE.a(linkdb.o)
                0x000000000000e6ca                linkDB_NumConns
 .text.linkDB_Register
                0x000000000000e6d4       0x28 C:\stefan\ble_keyboard\ch583\EVT\EXAM\BLE\LIB\libCH58xBLE.a(linkdb.o)
                0x000000000000e6d4                linkDB_Register
 .text.linkDB_Remove
                0x000000000000e6fc       0x4c C:\stefan\ble_keyboard\ch583\EVT\EXAM\BLE\LIB\libCH58xBLE.a(linkdb.o)
                0x000000000000e6fc                linkDB_Remove
 .text.linkDB_Role
                0x000000000000e748       0x18 C:\stefan\ble_keyboard\ch583\EVT\EXAM\BLE\LIB\libCH58xBLE.a(linkdb.o)
                0x000000000000e748                linkDB_Role
 .text.linkDB_State
                0x000000000000e760       0x30 C:\stefan\ble_keyboard\ch583\EVT\EXAM\BLE\LIB\libCH58xBLE.a(linkdb.o)
                0x000000000000e760                linkDB_State
 .text.linkDB_UpdateMTU
                0x000000000000e790       0x28 C:\stefan\ble_keyboard\ch583\EVT\EXAM\BLE\LIB\libCH58xBLE.a(linkdb.o)
                0x000000000000e790                linkDB_UpdateMTU
 .text.linkDB_PerformFunc
                0x000000000000e7b8       0x5a C:\stefan\ble_keyboard\ch583\EVT\EXAM\BLE\LIB\libCH58xBLE.a(linkdb.o)
                0x000000000000e7b8                linkDB_PerformFunc
 .text.linkDB_PeripheralLinkNum
                0x000000000000e812       0x46 C:\stefan\ble_keyboard\ch583\EVT\EXAM\BLE\LIB\libCH58xBLE.a(linkdb.o)
                0x000000000000e812                linkDB_PeripheralLinkNum
 .text.linkDB_GetSMEvtID
                0x000000000000e858       0x60 C:\stefan\ble_keyboard\ch583\EVT\EXAM\BLE\LIB\libCH58xBLE.a(linkdb.o)
                0x000000000000e858                linkDB_GetSMEvtID
 .text.linkDB_Add
                0x000000000000e8b8       0xb2 C:\stefan\ble_keyboard\ch583\EVT\EXAM\BLE\LIB\libCH58xBLE.a(linkdb.o)
                0x000000000000e8b8                linkDB_Add
 .text.linkDB_GetHandleFromSMEvtID
                0x000000000000e96a       0x3a C:\stefan\ble_keyboard\ch583\EVT\EXAM\BLE\LIB\libCH58xBLE.a(linkdb.o)
                0x000000000000e96a                linkDB_GetHandleFromSMEvtID
 .text.linkDB_GetPairingParam
                0x000000000000e9a4       0x76 C:\stefan\ble_keyboard\ch583\EVT\EXAM\BLE\LIB\libCH58xBLE.a(linkdb.o)
                0x000000000000e9a4                linkDB_GetPairingParam
 .text.linkDB_NeedSendKey
                0x000000000000ea1a       0x4c C:\stefan\ble_keyboard\ch583\EVT\EXAM\BLE\LIB\libCH58xBLE.a(linkdb.o)
                0x000000000000ea1a                linkDB_NeedSendKey
 .text.smStartRspTimer
                0x000000000000ea66       0x3a C:\stefan\ble_keyboard\ch583\EVT\EXAM\BLE\LIB\libCH58xBLE.a(sm.o)
 .text.smStartEncryption
                0x000000000000eaa0       0xa0 C:\stefan\ble_keyboard\ch583\EVT\EXAM\BLE\LIB\libCH58xBLE.a(sm.o)
 .text.smFreePairingParams
                0x000000000000eb40       0x7e C:\stefan\ble_keyboard\ch583\EVT\EXAM\BLE\LIB\libCH58xBLE.a(sm.o)
                0x000000000000eb40                smFreePairingParams
 .text.smEndPairing
                0x000000000000ebbe       0x60 C:\stefan\ble_keyboard\ch583\EVT\EXAM\BLE\LIB\libCH58xBLE.a(sm.o)
                0x000000000000ebbe                smEndPairing
 .text.smLinkCheck
                0x000000000000ec1e       0x34 C:\stefan\ble_keyboard\ch583\EVT\EXAM\BLE\LIB\libCH58xBLE.a(sm.o)
                0x000000000000ec1e                smLinkCheck
 .text.smNextPairingState
                0x000000000000ec52       0x60 C:\stefan\ble_keyboard\ch583\EVT\EXAM\BLE\LIB\libCH58xBLE.a(sm.o)
                0x000000000000ec52                smNextPairingState
 .text.smProcessEncryptChange
                0x000000000000ecb2       0xf8 C:\stefan\ble_keyboard\ch583\EVT\EXAM\BLE\LIB\libCH58xBLE.a(sm.o)
                0x000000000000ecb2                smProcessEncryptChange
 .text.smSendSMMsg
                0x000000000000edaa       0x5c C:\stefan\ble_keyboard\ch583\EVT\EXAM\BLE\LIB\libCH58xBLE.a(sm.o)
                0x000000000000edaa                smSendSMMsg
 .text.smSendFailAndEnd
                0x000000000000ee06       0x38 C:\stefan\ble_keyboard\ch583\EVT\EXAM\BLE\LIB\libCH58xBLE.a(sm.o)
                0x000000000000ee06                smSendFailAndEnd
 .text.smProcessPairingReq
                0x000000000000ee3e       0x40 C:\stefan\ble_keyboard\ch583\EVT\EXAM\BLE\LIB\libCH58xBLE.a(sm.o)
                0x000000000000ee3e                smProcessPairingReq
 .text.smSetPairingReqRsp
                0x000000000000ee7e       0x3c C:\stefan\ble_keyboard\ch583\EVT\EXAM\BLE\LIB\libCH58xBLE.a(sm.o)
                0x000000000000ee7e                smSetPairingReqRsp
 .text.SM_StartEncryption
                0x000000000000eeba       0x1a C:\stefan\ble_keyboard\ch583\EVT\EXAM\BLE\LIB\libCH58xBLE.a(sm.o)
                0x000000000000eeba                SM_StartEncryption
 .text.sm_dhkey
                0x000000000000eed4       0x3e C:\stefan\ble_keyboard\ch583\EVT\EXAM\BLE\LIB\libCH58xBLE.a(sm.o)
                0x000000000000eed4                sm_dhkey
 .text.sm_c1    0x000000000000ef12       0xb4 C:\stefan\ble_keyboard\ch583\EVT\EXAM\BLE\LIB\libCH58xBLE.a(sm.o)
                0x000000000000ef12                sm_c1
 .text.smDetermineKeySize
                0x000000000000efc6       0x20 C:\stefan\ble_keyboard\ch583\EVT\EXAM\BLE\LIB\libCH58xBLE.a(sm.o)
                0x000000000000efc6                smDetermineKeySize
 .text.smpParsePairingReq
                0x000000000000efe6      0x118 C:\stefan\ble_keyboard\ch583\EVT\EXAM\BLE\LIB\libCH58xBLE.a(sm.o)
                0x000000000000efe6                smpParsePairingReq
 .text.smpParseEncInfo
                0x000000000000f0fe       0x2a C:\stefan\ble_keyboard\ch583\EVT\EXAM\BLE\LIB\libCH58xBLE.a(sm.o)
                0x000000000000f0fe                smpParseEncInfo
 .text.smpParseIdentityAddrInfo
                0x000000000000f128       0x34 C:\stefan\ble_keyboard\ch583\EVT\EXAM\BLE\LIB\libCH58xBLE.a(sm.o)
                0x000000000000f128                smpParseIdentityAddrInfo
 .text.smpParseIdentityInfo
                0x000000000000f15c       0x2a C:\stefan\ble_keyboard\ch583\EVT\EXAM\BLE\LIB\libCH58xBLE.a(sm.o)
                0x000000000000f15c                smpParseIdentityInfo
 .text.smpParseMasterID
                0x000000000000f186       0x3c C:\stefan\ble_keyboard\ch583\EVT\EXAM\BLE\LIB\libCH58xBLE.a(sm.o)
                0x000000000000f186                smpParseMasterID
 .text.smpParsePairingConfirm
                0x000000000000f1c2       0x2a C:\stefan\ble_keyboard\ch583\EVT\EXAM\BLE\LIB\libCH58xBLE.a(sm.o)
                0x000000000000f1c2                smpParsePairingConfirm
 .text.smpParsePairingFailed
                0x000000000000f1ec       0x1c C:\stefan\ble_keyboard\ch583\EVT\EXAM\BLE\LIB\libCH58xBLE.a(sm.o)
                0x000000000000f1ec                smpParsePairingFailed
 .text.smpParsePairingRandom
                0x000000000000f208       0x2a C:\stefan\ble_keyboard\ch583\EVT\EXAM\BLE\LIB\libCH58xBLE.a(sm.o)
                0x000000000000f208                smpParsePairingRandom
 .text.smpParseSigningInfo
                0x000000000000f232       0x2a C:\stefan\ble_keyboard\ch583\EVT\EXAM\BLE\LIB\libCH58xBLE.a(sm.o)
                0x000000000000f232                smpParseSigningInfo
 .text.smpParsePairingPublicKey
                0x000000000000f25c       0x2c C:\stefan\ble_keyboard\ch583\EVT\EXAM\BLE\LIB\libCH58xBLE.a(sm.o)
                0x000000000000f25c                smpParsePairingPublicKey
 .text.smpParsePairingDHKeyCheck
                0x000000000000f288       0x2a C:\stefan\ble_keyboard\ch583\EVT\EXAM\BLE\LIB\libCH58xBLE.a(sm.o)
                0x000000000000f288                smpParsePairingDHKeyCheck
 .text.smProcessDataMsg
                0x000000000000f2b2      0x104 C:\stefan\ble_keyboard\ch583\EVT\EXAM\BLE\LIB\libCH58xBLE.a(sm.o)
                0x000000000000f2b2                smProcessDataMsg
 .text.smProcessTMOSMsg
                0x000000000000f3b6      0x170 C:\stefan\ble_keyboard\ch583\EVT\EXAM\BLE\LIB\libCH58xBLE.a(sm.o)
                0x000000000000f3b6                smProcessTMOSMsg
 .text.SM_CalcRandomAddr
                0x000000000000f526       0x54 C:\stefan\ble_keyboard\ch583\EVT\EXAM\BLE\LIB\libCH58xBLE.a(sm.o)
                0x000000000000f526                SM_CalcRandomAddr
 .text.SM_GenerateAuthenSig
                0x000000000000f57a       0xe6 C:\stefan\ble_keyboard\ch583\EVT\EXAM\BLE\LIB\libCH58xBLE.a(sm.o)
                0x000000000000f57a                SM_GenerateAuthenSig
 .text.SM_PasskeyUpdate
                0x000000000000f660       0xe8 C:\stefan\ble_keyboard\ch583\EVT\EXAM\BLE\LIB\libCH58xBLE.a(sm.o)
                0x000000000000f660                SM_PasskeyUpdate
 .text.SM_ResolveRandomAddrs
                0x000000000000f748       0x5e C:\stefan\ble_keyboard\ch583\EVT\EXAM\BLE\LIB\libCH58xBLE.a(sm.o)
                0x000000000000f748                SM_ResolveRandomAddrs
 .text.SM_StartPairing
                0x000000000000f7a6       0xc2 C:\stefan\ble_keyboard\ch583\EVT\EXAM\BLE\LIB\libCH58xBLE.a(sm.o)
                0x000000000000f7a6                SM_StartPairing
 .text.SM_VerifyAuthenSig
                0x000000000000f868      0x150 C:\stefan\ble_keyboard\ch583\EVT\EXAM\BLE\LIB\libCH58xBLE.a(sm.o)
                0x000000000000f868                SM_VerifyAuthenSig
 .text.SM_ProcessEvent
                0x000000000000f9b8       0xb4 C:\stefan\ble_keyboard\ch583\EVT\EXAM\BLE\LIB\libCH58xBLE.a(sm.o)
                0x000000000000f9b8                SM_ProcessEvent
 .text.SM_ParamInit
                0x000000000000fa6c       0x66 C:\stefan\ble_keyboard\ch583\EVT\EXAM\BLE\LIB\libCH58xBLE.a(sm.o)
                0x000000000000fa6c                SM_ParamInit
 .text.SM_InitiatorInit
                0x000000000000fad2       0x22 C:\stefan\ble_keyboard\ch583\EVT\EXAM\BLE\LIB\libCH58xBLE.a(sm.o)
                0x000000000000fad2                SM_InitiatorInit
 .text.SM_ResponderInit
                0x000000000000faf4       0x22 C:\stefan\ble_keyboard\ch583\EVT\EXAM\BLE\LIB\libCH58xBLE.a(sm.o)
                0x000000000000faf4                SM_ResponderInit
 .text.SM_Init  0x000000000000fb16       0x2a C:\stefan\ble_keyboard\ch583\EVT\EXAM\BLE\LIB\libCH58xBLE.a(sm.o)
                0x000000000000fb16                SM_Init
 .text.smpInitiatorProcessPairingRsp
                0x000000000000fb40      0x278 C:\stefan\ble_keyboard\ch583\EVT\EXAM\BLE\LIB\libCH58xBLE.a(sm_initiator.o)
                0x000000000000fb40                smpInitiatorProcessPairingRsp
 .text.smInitiatorSendNextKeyInfo
                0x000000000000fdb8      0x26e C:\stefan\ble_keyboard\ch583\EVT\EXAM\BLE\LIB\libCH58xBLE.a(sm_initiator.o)
                0x000000000000fdb8                smInitiatorSendNextKeyInfo
 .text.setupInitiatorKeys
                0x0000000000010026       0x88 C:\stefan\ble_keyboard\ch583\EVT\EXAM\BLE\LIB\libCH58xBLE.a(sm_initiator.o)
 .text.smpInitiatorProcessIncoming
                0x00000000000100ae      0x418 C:\stefan\ble_keyboard\ch583\EVT\EXAM\BLE\LIB\libCH58xBLE.a(sm_initiator.o)
                0x00000000000100ae                smpInitiatorProcessIncoming
 .text.smpBuildPairingReqRsp
                0x00000000000104c6       0xc6 C:\stefan\ble_keyboard\ch583\EVT\EXAM\BLE\LIB\libCH58xBLE.a(sm_pdu.o)
 .text.smpBuildPairingReq
                0x000000000001058c        0xa C:\stefan\ble_keyboard\ch583\EVT\EXAM\BLE\LIB\libCH58xBLE.a(sm_pdu.o)
                0x000000000001058c                smpBuildPairingReq
 .text.smpBuildPairingRsp
                0x0000000000010596        0xa C:\stefan\ble_keyboard\ch583\EVT\EXAM\BLE\LIB\libCH58xBLE.a(sm_pdu.o)
                0x0000000000010596                smpBuildPairingRsp
 .text.smpBuildPairingConfirm
                0x00000000000105a0       0x30 C:\stefan\ble_keyboard\ch583\EVT\EXAM\BLE\LIB\libCH58xBLE.a(sm_pdu.o)
                0x00000000000105a0                smpBuildPairingConfirm
 .text.smpBuildPairingRandom
                0x00000000000105d0       0x30 C:\stefan\ble_keyboard\ch583\EVT\EXAM\BLE\LIB\libCH58xBLE.a(sm_pdu.o)
                0x00000000000105d0                smpBuildPairingRandom
 .text.smpBuildEncInfo