Archive member included to satisfy reference by file (symbol)

C:\stefan\ble_keyboard\ch583\EVT\EXAM\SRC\StdPeriphDriver\libISP583.a(ISP583.o)
                              ./StdPeriphDriver/CH58x_flash.o (FLASH_EEPROM_CMD)
C:\stefan\ble_keyboard\ch583\EVT\EXAM\BLE\LIB\libCH58xBLE.a(message.o)
                              ./Profile/hiddev.o (tmos_msg_deallocate)
C:\stefan\ble_keyboard\ch583\EVT\EXAM\BLE\LIB\libCH58xBLE.a(tmos.o)
                              ./Profile/battservice.o (tmos_memcpy)
C:\stefan\ble_keyboard\ch583\EVT\EXAM\BLE\LIB\libCH58xBLE.a(tmos_hw.o)
                              C:\stefan\ble_keyboard\ch583\EVT\EXAM\BLE\LIB\libCH58xBLE.a(tmos.o) (bleClock_t)
C:\stefan\ble_keyboard\ch583\EVT\EXAM\BLE\LIB\libCH58xBLE.a(tmos_snv.o)
                              C:\stefan\ble_keyboard\ch583\EVT\EXAM\BLE\LIB\libCH58xBLE.a(tmos.o) (tmos_snv_init)
C:\stefan\ble_keyboard\ch583\EVT\EXAM\BLE\LIB\libCH58xBLE.a(gap.o)
                              ./Profile/hiddev.o (GAP_SetParamValue)
C:\stefan\ble_keyboard\ch583\EVT\EXAM\BLE\LIB\libCH58xBLE.a(gap_central.o)
                              C:\stefan\ble_keyboard\ch583\EVT\EXAM\BLE\LIB\libCH58xBLE.a(gap.o) (gapProcessPeriodicAdvertisingSyncEstablishedEvt)
C:\stefan\ble_keyboard\ch583\EVT\EXAM\BLE\LIB\libCH58xBLE.a(gap_peripheral.o)
                              ./APP/hidkbd.o (GAP_ConfigDeviceAddr)
C:\stefan\ble_keyboard\ch583\EVT\EXAM\BLE\LIB\libCH58xBLE.a(gapgattserver.o)
                              ./APP/hidkbd.o (GGS_SetParameter)
C:\stefan\ble_keyboard\ch583\EVT\EXAM\BLE\LIB\libCH58xBLE.a(gatt.o)
                              ./Profile/battservice.o (GATT_bm_alloc)
C:\stefan\ble_keyboard\ch583\EVT\EXAM\BLE\LIB\libCH58xBLE.a(gatt_uuid.o)
                              ./Profile/battservice.o (reportRefUUID)
C:\stefan\ble_keyboard\ch583\EVT\EXAM\BLE\LIB\libCH58xBLE.a(gattclientapp.o)
                              C:\stefan\ble_keyboard\ch583\EVT\EXAM\BLE\LIB\libCH58xBLE.a(gatt.o) (gattGetClientStatus)
C:\stefan\ble_keyboard\ch583\EVT\EXAM\BLE\LIB\libCH58xBLE.a(gattservapp.o)
                              ./Profile/battservice.o (GATTServApp_ReadCharCfg)
C:\stefan\ble_keyboard\ch583\EVT\EXAM\BLE\LIB\libCH58xBLE.a(l2cap.o)
                              C:\stefan\ble_keyboard\ch583\EVT\EXAM\BLE\LIB\libCH58xBLE.a(gatt.o) (L2CAP_GetMTU)
C:\stefan\ble_keyboard\ch583\EVT\EXAM\BLE\LIB\libCH58xBLE.a(l2cap_input.o)
                              C:\stefan\ble_keyboard\ch583\EVT\EXAM\BLE\LIB\libCH58xBLE.a(l2cap.o) (l2capProcessRxData)
C:\stefan\ble_keyboard\ch583\EVT\EXAM\BLE\LIB\libCH58xBLE.a(l2cap_output.o)
                              C:\stefan\ble_keyboard\ch583\EVT\EXAM\BLE\LIB\libCH58xBLE.a(l2cap_input.o) (l2capNotifyData)
C:\stefan\ble_keyboard\ch583\EVT\EXAM\BLE\LIB\libCH58xBLE.a(l2cap_sdu.o)
                              C:\stefan\ble_keyboard\ch583\EVT\EXAM\BLE\LIB\libCH58xBLE.a(l2cap_input.o) (l2capBuildDisconnectRsp)
C:\stefan\ble_keyboard\ch583\EVT\EXAM\BLE\LIB\libCH58xBLE.a(linkdb.o)
                              C:\stefan\ble_keyboard\ch583\EVT\EXAM\BLE\LIB\libCH58xBLE.a(l2cap.o) (linkDB_Init)
C:\stefan\ble_keyboard\ch583\EVT\EXAM\BLE\LIB\libCH58xBLE.a(sm.o)
                              C:\stefan\ble_keyboard\ch583\EVT\EXAM\BLE\LIB\libCH58xBLE.a(gap.o) (smFreePairingParams)
C:\stefan\ble_keyboard\ch583\EVT\EXAM\BLE\LIB\libCH58xBLE.a(sm_initiator.o)
                              C:\stefan\ble_keyboard\ch583\EVT\EXAM\BLE\LIB\libCH58xBLE.a(sm.o) (smInitiatorSendNextKeyInfo)
C:\stefan\ble_keyboard\ch583\EVT\EXAM\BLE\LIB\libCH58xBLE.a(sm_pdu.o)
                              C:\stefan\ble_keyboard\ch583\EVT\EXAM\BLE\LIB\libCH58xBLE.a(sm.o) (smpBuildPairingReq)
C:\stefan\ble_keyboard\ch583\EVT\EXAM\BLE\LIB\libCH58xBLE.a(sm_responding.o)
                              C:\stefan\ble_keyboard\ch583\EVT\EXAM\BLE\LIB\libCH58xBLE.a(sm.o) (smResponderSendNextKeyInfo)
C:\stefan\ble_keyboard\ch583\EVT\EXAM\BLE\LIB\libCH58xBLE.a(sm_toolbox.o)
                              C:\stefan\ble_keyboard\ch583\EVT\EXAM\BLE\LIB\libCH58xBLE.a(sm.o) (sm_ah)
C:\stefan\ble_keyboard\ch583\EVT\EXAM\BLE\LIB\libCH58xBLE.a(host_input.o)
                              C:\stefan\ble_keyboard\ch583\EVT\EXAM\BLE\LIB\libCH58xBLE.a(gap.o) (gBleHostPara)
C:\stefan\ble_keyboard\ch583\EVT\EXAM\BLE\LIB\libCH58xBLE.a(host_output.o)
                              C:\stefan\ble_keyboard\ch583\EVT\EXAM\BLE\LIB\libCH58xBLE.a(gap.o) (HCI_DisconnectCmd)
C:\stefan\ble_keyboard\ch583\EVT\EXAM\BLE\LIB\libCH58xBLE.a(ll_master.o)
                              C:\stefan\ble_keyboard\ch583\EVT\EXAM\BLE\LIB\libCH58xBLE.a(gap_central.o) (LL_SetDataSendPriority)
C:\stefan\ble_keyboard\ch583\EVT\EXAM\BLE\LIB\libCH58xBLE.a(ll_pdu.o)
                              C:\stefan\ble_keyboard\ch583\EVT\EXAM\BLE\LIB\libCH58xBLE.a(ll_master.o) (LL_ConnectionUpdateInd)
C:\stefan\ble_keyboard\ch583\EVT\EXAM\BLE\LIB\libCH58xBLE.a(ll_scan.o)
[...]
Memory Configuration

Name             Origin             Length             Attributes
FLASH            0x0000000000000000 0x0000000000070000 xr
RAM              0x0000000020000000 0x0000000000008000 xrw
*default*        0x0000000000000000 0xffffffffffffffff

Linker script and memory map

LOAD ./StdPeriphDriver/CH58x_adc.o
LOAD ./StdPeriphDriver/CH58x_clk.o
LOAD ./StdPeriphDriver/CH58x_flash.o
LOAD ./StdPeriphDriver/CH58x_gpio.o
LOAD ./StdPeriphDriver/CH58x_i2c.o
LOAD ./StdPeriphDriver/CH58x_pwm.o
LOAD ./StdPeriphDriver/CH58x_pwr.o
LOAD ./StdPeriphDriver/CH58x_spi0.o
LOAD ./StdPeriphDriver/CH58x_spi1.o
LOAD ./StdPeriphDriver/CH58x_sys.o
LOAD ./StdPeriphDriver/CH58x_timer0.o
LOAD ./StdPeriphDriver/CH58x_timer1.o
LOAD ./StdPeriphDriver/CH58x_timer2.o
LOAD ./StdPeriphDriver/CH58x_timer3.o
LOAD ./StdPeriphDriver/CH58x_uart0.o
LOAD ./StdPeriphDriver/CH58x_uart1.o
LOAD ./StdPeriphDriver/CH58x_uart2.o
LOAD ./StdPeriphDriver/CH58x_uart3.o
LOAD ./StdPeriphDriver/CH58x_usb2dev.o
LOAD ./StdPeriphDriver/CH58x_usb2hostBase.o
LOAD ./StdPeriphDriver/CH58x_usb2hostClass.o
LOAD ./StdPeriphDriver/CH58x_usbdev.o
LOAD ./StdPeriphDriver/CH58x_usbhostBase.o
LOAD ./StdPeriphDriver/CH58x_usbhostClass.o
LOAD ./Startup/startup_CH583.o
LOAD ./RVMSIS/core_riscv.o
LOAD ./Profile/battservice.o
LOAD ./Profile/devinfoservice.o
LOAD ./Profile/hiddev.o
LOAD ./Profile/hidkbdservice.o
LOAD ./Profile/scanparamservice.o
LOAD ./HAL/MCU.o
LOAD ./HAL/RTC.o
LOAD ./HAL/SLEEP.o
LOAD ./APP/hidkbd.o
LOAD ./APP/hidkbd_main.o
LOAD C:\stefan\ble_keyboard\ch583\EVT\EXAM\SRC\StdPeriphDriver\libISP583.a
LOAD C:\stefan\ble_keyboard\ch583\EVT\EXAM\BLE\LIB\libCH58xBLE.a
LOAD c:/mounriver/mrs_community/toolchain/risc-v embedded gcc/bin/../lib/gcc/riscv-none-embed/8.2.0/rv32imac/ilp32\libgcc.a
LOAD c:/mounriver/mrs_community/toolchain/risc-v embedded gcc/bin/../lib/gcc/riscv-none-embed/8.2.0/../../../../riscv-none-embed/lib/rv32imac/ilp32\libg_nano.a
LOAD c:/mounriver/mrs_community/toolchain/risc-v embedded gcc/bin/../lib/gcc/riscv-none-embed/8.2.0/../../../../riscv-none-embed/lib/rv32imac/ilp32\libc_nano.a
LOAD c:/mounriver/mrs_community/toolchain/risc-v embedded gcc/bin/../lib/gcc/riscv-none-embed/8.2.0/rv32imac/ilp32\libgcc.a
START GROUP
LOAD c:/mounriver/mrs_community/toolchain/risc-v embedded gcc/bin/../lib/gcc/riscv-none-embed/8.2.0/rv32imac/ilp32\libgcc.a
LOAD c:/mounriver/mrs_community/toolchain/risc-v embedded gcc/bin/../lib/gcc/riscv-none-embed/8.2.0/../../../../riscv-none-embed/lib/rv32imac/ilp32\libc_nano.a
LOAD c:/mounriver/mrs_community/toolchain/risc-v embedded gcc/bin/../lib/gcc/riscv-none-embed/8.2.0/../../../../riscv-none-embed/lib/rv32imac/ilp32\libnosys.a
END GROUP
START GROUP
LOAD c:/mounriver/mrs_community/toolchain/risc-v embedded gcc/bin/../lib/gcc/riscv-none-embed/8.2.0/rv32imac/ilp32\libgcc.a
LOAD c:/mounriver/mrs_community/toolchain/risc-v embedded gcc/bin/../lib/gcc/riscv-none-embed/8.2.0/../../../../riscv-none-embed/lib/rv32imac/ilp32\libc_nano.a
LOAD c:/mounriver/mrs_community/toolchain/risc-v embedded gcc/bin/../lib/gcc/riscv-none-embed/8.2.0/../../../../riscv-none-embed/lib/rv32imac/ilp32\libnosys.a
END GROUP
                0x0000000000000200                __stack_size = 0x200
                [!provide]                        PROVIDE (_stack_size = __stack_size)

.init           0x0000000000000000        0x4
                0x0000000000000000                _sinit = .
                0x0000000000000000                . = ALIGN (0x4)
 *(SORT_NONE(.init))
 .init          0x0000000000000000        0x4 ./Startup/startup_CH583.o
                0x0000000000000000                _start
                0x0000000000000004                . = ALIGN (0x4)
                0x0000000000000004                _einit = .

.highcodelalign
                0x0000000000000004        0x0
                0x0000000000000004                . = ALIGN (0x4)
                0x0000000000000004                PROVIDE (_highcode_lma = .)

.highcode       0x0000000020000000     0x22c4 load address 0x0000000000000004
                0x0000000020000000                . = ALIGN (0x4)
                0x0000000020000000                PROVIDE (_highcode_vma_start = .)
 *(.vector)
 .vector        0x0000000020000000       0x90 ./Startup/startup_CH583.o
 *(SORT_NONE(.vector_handler))
 .vector_handler
                0x0000000020000090        0x2 ./Startup/startup_CH583.o
                0x0000000020000090                GPIOA_IRQHandler
                0x0000000020000090                SysTick_Handler
                0x0000000020000090                NMI_Handler
                0x0000000020000090                UART1_IRQHandler
                0x0000000020000090                UART0_IRQHandler
                0x0000000020000090                BB_IRQHandler
                0x0000000020000090                Break_Point_Handler
                0x0000000020000090                Ecall_M_Mode_Handler
                0x0000000020000090                UART2_IRQHandler
                0x0000000020000090                PWMX_IRQHandler
                0x0000000020000090                ADC_IRQHandler
                0x0000000020000090                TMR2_IRQHandler
                0x0000000020000090                USB_IRQHandler
                0x0000000020000090                I2C_IRQHandler
                0x0000000020000090                USB2_IRQHandler
                0x0000000020000090                LLE_IRQHandler
                0x0000000020000090                WDOG_BAT_IRQHandler
                0x0000000020000090                Ecall_U_Mode_Handler
                0x0000000020000090                TMR3_IRQHandler
                0x0000000020000090                SW_Handler
                0x0000000020000090                SPI0_IRQHandler
                0x0000000020000090                UART3_IRQHandler
                0x0000000020000090                TMR1_IRQHandler
 *(.highcode)
 .highcode      0x0000000020000092       0x18 ./StdPeriphDriver/CH58x_clk.o
                0x0000000020000092                RTC_GetCycle32k
 .highcode      0x00000000200000aa      0x4ec ./StdPeriphDriver/CH58x_sys.o
                0x00000000200000aa                SetSysClock
                0x0000000020000430                SYS_ResetExecute
                0x00000000200004a2                HardFault_Handler
                0x0000000020000560                mDelayuS
                0x000000002000056e                mDelaymS
 .highcode      0x0000000020000596       0x16 ./HAL/RTC.o
                0x0000000020000596                RTC_IRQHandler
 .highcode      0x00000000200005ac      0x222 ./APP/hidkbd.o
                0x00000000200005ac                TMR0_IRQHandler
                0x0000000020000742                GPIOB_IRQHandler
 .highcode      0x00000000200007ce        0x8 ./APP/hidkbd_main.o
                0x00000000200007ce                Main_Circulation
 .highcode      0x00000000200007d6      0x426 C:\stefan\ble_keyboard\ch583\EVT\EXAM\SRC\StdPeriphDriver\libISP583.a(ISP583.o)
                0x00000000200007d6                FLASH_ROM_BEG
                0x00000000200007e8                FLASH_ROM_END
                0x00000000200007f6                FLASH_ROM_IN
                0x0000000020000804                FLASH_ROM_OUT
                0x0000000020000812                FLASH_ROM_ADDR
                0x000000002000085a                FLASH_ROM_WAIT
                0x0000000020000892                FLASH_EEPROM_CMD
 .highcode      0x0000000020000bfc      0x430 C:\stefan\ble_keyboard\ch583\EVT\EXAM\BLE\LIB\libCH58xBLE.a(tmos.o)
                0x0000000020000bfc                tmos_memcpy
                0x0000000020000c1c                tmos_memcpy_word
                0x0000000020000c34                tmos_memset
                0x0000000020000c46                tmos_strlen
                0x0000000020000c5a                tmos_memdup
                0x0000000020000c8c                tmos_memcmp
                0x0000000020000cba                tmos_revmemcpy
                0x0000000020000cd6                tmos_isbufset
                0x0000000020000cf8                tmos_proces_system_time
                0x0000000020000e3c                TMOS_SystemProcess
 .highcode      0x000000002000102c       0x50 C:\stefan\ble_keyboard\ch583\EVT\EXAM\BLE\LIB\libCH58xBLE.a(tmos_hw.o)
                0x0000000020001076                TMOS_TimerIRQHandler
 .highcode      0x000000002000107c       0x4e C:\stefan\ble_keyboard\ch583\EVT\EXAM\BLE\LIB\libCH58xBLE.a(ll_whitelist.o)
                0x000000002000107c                LL_WhitelistLookup
 .highcode      0x00000000200010ca      0x1b6 C:\stefan\ble_keyboard\ch583\EVT\EXAM\BLE\LIB\libCH58xBLE.a(aes.o)
                0x00000000200010ca                AES_DevAESEnc
 .highcode      0x0000000020001280      0x15a C:\stefan\ble_keyboard\ch583\EVT\EXAM\BLE\LIB\libCH58xBLE.a(bb.o)
                0x0000000020001280                BB_IRQLibHandler
                0x0000000020001390                BB_IRQLibFunction
 .highcode      0x00000000200013da      0x38c C:\stefan\ble_keyboard\ch583\EVT\EXAM\BLE\LIB\libCH58xBLE.a(ip.o)
                0x00000000200013da                ll_rx_wait_finish
                0x0000000020001418                ble_ll_chkcrc
                0x00000000200014ba                ll_tx_wait_finish
                0x00000000200015c2                BLE_CheckHoppingMap
 .highcode      0x0000000020001766      0x23c C:\stefan\ble_keyboard\ch583\EVT\EXAM\BLE\LIB\libCH58xBLE.a(lle.o)
                0x0000000020001766                LLE_IRQLibHandler
                0x0000000020001958                LLE_IRQLibFunction
 .highcode      0x00000000200019a2       0x3a C:\stefan\ble_keyboard\ch583\EVT\EXAM\BLE\LIB\libCH58xBLE.a(rfend.o)
                0x00000000200019a2                RFEND_WaitTune
 .highcode      0x00000000200019dc      0x1ba C:\stefan\ble_keyboard\ch583\EVT\EXAM\BLE\LIB\libCH58xBLE.a(memory.o)
                0x00000000200019dc                tmos_memory_allocate
                0x0000000020001aae                tmos_memory_free
 .highcode      0x0000000020001b96      0x2e6 C:\stefan\ble_keyboard\ch583\EVT\EXAM\BLE\LIB\libCH58xBLE.a(ll_connect.o)
                0x0000000020001b96                ll_connect_send_data
                0x0000000020001cc2                ll_connect_recv_data
                0x0000000020001da2                ll_connect_event_continue
                0x0000000020001e6c                ll_wait_connect_event
 .highcode      0x0000000020001e7c      0x310 C:\stefan\ble_keyboard\ch583\EVT\EXAM\BLE\LIB\libCH58xBLE.a(ll_hop.o)
                0x0000000020001e7c                LL_HopGetChannel
                0x0000000020001f22                LL_HopGetChannel2
 .highcode      0x000000002000218c      0x138 C:\stefan\ble_keyboard\ch583\EVT\EXAM\BLE\LIB\libCH58xBLE.a(ll_resolvinglist.o)
                0x000000002000218c                ll_resolvinglist_checkRPA
                0x00000000200021f8                LL_ResolvinglistPeerIdentifyAddressGetIrk
                0x000000002000224c                LL_ResolvinglistPeerRpaAddressGetIrk
                0x0000000020002288                LL_ResolvinglistLocalRpaAddressGetIrk
 *(.highcode.*)
                0x00000000200022c4                . = ALIGN (0x4)
 *fill*         0x00000000200022c4        0x0 
                0x00000000200022c4                PROVIDE (_highcode_vma_end = .)

.text           0x00000000000022c8    0x24090
                0x00000000000022c8                . = ALIGN (0x4)
 *(SORT_NONE(.handle_reset))
 .handle_reset  0x00000000000022c8       0xae ./Startup/startup_CH583.o
                0x00000000000022c8                handle_reset
 *(.text)
 .text          0x0000000000002376       0xa8 c:/mounriver/mrs_community/toolchain/risc-v embedded gcc/bin/../lib/gcc/riscv-none-embed/8.2.0/../../../../riscv-none-embed/lib/rv32imac/ilp32\libg_nano.a(lib_a-memset.o)
                0x0000000000002376                memset
 *(.text.*)
 .text.ADC_DataCalib_Rough
                0x000000000000241e       0x8e ./StdPeriphDriver/CH58x_adc.o
                0x000000000000241e                ADC_DataCalib_Rough
 .text.ADC_ExtSingleChSampInit
                0x00000000000024ac       0x24 ./StdPeriphDriver/CH58x_adc.o
                0x00000000000024ac                ADC_ExtSingleChSampInit
 .text.ADC_InterTSSampInit
                0x00000000000024d0       0x28 ./StdPeriphDriver/CH58x_adc.o
                0x00000000000024d0                ADC_InterTSSampInit
 .text.ADC_ExcutSingleConver
                0x00000000000024f8       0x20 ./StdPeriphDriver/CH58x_adc.o
                0x00000000000024f8                ADC_ExcutSingleConver
 .text.LSECFG_Current
                0x0000000000002518       0x68 ./StdPeriphDriver/CH58x_clk.o
                0x0000000000002518                LSECFG_Current
 .text.RTC_InitTime
                0x0000000000002580      0x204 ./StdPeriphDriver/CH58x_clk.o
                0x0000000000002580                RTC_InitTime
 .text.Calibration_LSI
                0x0000000000002784      0x8de ./StdPeriphDriver/CH58x_clk.o
                0x0000000000002784                Calibration_LSI
 .text.GPIOA_ModeCfg
                0x0000000000003062       0xa6 ./StdPeriphDriver/CH58x_gpio.o
                0x0000000000003062                GPIOA_ModeCfg
 .text.GPIOB_ModeCfg
                0x0000000000003108       0xa6 ./StdPeriphDriver/CH58x_gpio.o
                0x0000000000003108                GPIOB_ModeCfg
 .text.GPIOB_ITModeCfg
                0x00000000000031ae       0x8a ./StdPeriphDriver/CH58x_gpio.o
                0x00000000000031ae                GPIOB_ITModeCfg
 .text.GetSysClock
                0x0000000000003238       0x42 ./StdPeriphDriver/CH58x_sys.o
                0x0000000000003238                GetSysClock
 .text.SYS_DisableAllIrq
                0x000000000000327a       0x1c ./StdPeriphDriver/CH58x_sys.o
                0x000000000000327a                SYS_DisableAllIrq
 .text.SYS_RecoverIrq
                0x0000000000003296       0x14 ./StdPeriphDriver/CH58x_sys.o
                0x0000000000003296                SYS_RecoverIrq
 .text.SYS_GetSysTickCnt
                0x00000000000032aa        0xa ./StdPeriphDriver/CH58x_sys.o
                0x00000000000032aa                SYS_GetSysTickCnt
 .text._write   0x00000000000032b4       0x28 ./StdPeriphDriver/CH58x_sys.o
                0x00000000000032b4                _write
 .text._sbrk    0x00000000000032dc       0x34 ./StdPeriphDriver/CH58x_sys.o
                0x00000000000032dc                _sbrk
 .text.TMR0_TimerInit
                0x0000000000003310       0x14 ./StdPeriphDriver/CH58x_timer0.o
                0x0000000000003310                TMR0_TimerInit
 .text.UART1_BaudRateCfg
                0x0000000000003324       0x30 ./StdPeriphDriver/CH58x_uart1.o
                0x0000000000003324                UART1_BaudRateCfg
 .text.UART1_DefInit
                0x0000000000003354       0x32 ./StdPeriphDriver/CH58x_uart1.o
                0x0000000000003354                UART1_DefInit
 .text.battMeasure
                0x0000000000003386       0xe0 ./Profile/battservice.o
 .text.battWriteAttrCB
                0x0000000000003466       0x5e ./Profile/battservice.o
 .text.battReadAttrCB
                0x00000000000034c4       0x72 ./Profile/battservice.o
 .text.battNotifyCB
                0x0000000000003536       0x72 ./Profile/battservice.o
 .text.Batt_AddService
                0x00000000000035a8       0x2c ./Profile/battservice.o
                0x00000000000035a8                Batt_AddService
 .text.Batt_Register
                0x00000000000035d4        0x6 ./Profile/battservice.o
                0x00000000000035d4                Batt_Register
 .text.Batt_SetParameter
                0x00000000000035da       0x36 ./Profile/battservice.o
                0x00000000000035da                Batt_SetParameter
 .text.Batt_GetParameter
                0x0000000000003610       0x66 ./Profile/battservice.o
                0x0000000000003610                Batt_GetParameter
 .text.Batt_MeasLevel
                0x0000000000003676       0x26 ./Profile/battservice.o
                0x0000000000003676                Batt_MeasLevel
 .text.Batt_HandleConnStatusCB
                0x000000000000369c       0x3e ./Profile/battservice.o
                0x000000000000369c                Batt_HandleConnStatusCB
 .text.devInfo_ReadAttrCB
                0x00000000000036da      0x196 ./Profile/devinfoservice.o
 .text.DevInfo_AddService
                0x0000000000003870       0x18 ./Profile/devinfoservice.o
                0x0000000000003870                DevInfo_AddService
 .text.hidDevScanParamCB
                0x0000000000003888        0x2 ./Profile/hiddev.o
 .text.hidDevRptByHandle
                0x000000000000388a       0x30 ./Profile/hiddev.o
 .text.hidDevParamUpdateCB
                0x00000000000038ba       0x12 ./Profile/hiddev.o
 .text.hidDevInitialAdvertising
                0x00000000000038cc       0x3c ./Profile/hiddev.o
 .text.hidDevBattCB
                0x0000000000003908       0x28 ./Profile/hiddev.o
 .text.hidDevPairStateCB
                0x0000000000003930       0x28 ./Profile/hiddev.o
 .text.hidDevPasscodeCB
                0x0000000000003958       0x34 ./Profile/hiddev.o
 .text.HidDev_ProcessEvent
                0x000000000000398c       0xee ./Profile/hiddev.o
                0x000000000000398c                HidDev_ProcessEvent
 .text.hidDevGapStateCB
                0x0000000000003a7a      0x124 ./Profile/hiddev.o
 .text.HidDev_Init
                0x0000000000003b9e       0x66 ./Profile/hiddev.o
                0x0000000000003b9e                HidDev_Init
 .text.HidDev_Register
                0x0000000000003c04        0xa ./Profile/hiddev.o
                0x0000000000003c04                HidDev_Register
 .text.HidDev_RegisterReports
                0x0000000000003c0e        0xa ./Profile/hiddev.o
                0x0000000000003c0e                HidDev_RegisterReports
 .text.HidDev_Report
                0x0000000000003c18      0x12c ./Profile/hiddev.o
                0x0000000000003c18                HidDev_Report
 .text.HidDev_ReadAttrCB
                0x0000000000003d44      0x104 ./Profile/hiddev.o
                0x0000000000003d44                HidDev_ReadAttrCB
 .text.HidDev_WriteAttrCB
                0x0000000000003e48      0x146 ./Profile/hiddev.o
                0x0000000000003e48                HidDev_WriteAttrCB
 .text.Hid_AddService
                0x0000000000003f8e      0x108 ./Profile/hidkbdservice.o
                0x0000000000003f8e                Hid_AddService
 .text.Hid_SetParameter
                0x0000000000004096       0x5a ./Profile/hidkbdservice.o
                0x0000000000004096                Hid_SetParameter
 .text.Hid_GetParameter
                0x00000000000040f0       0x42 ./Profile/hidkbdservice.o
                0x00000000000040f0                Hid_GetParameter
 .text.scanParamReadAttrCB
                0x0000000000004132        0x4 ./Profile/scanparamservice.o
 .text.scanParamWriteAttrCB
                0x0000000000004136       0x66 ./Profile/scanparamservice.o
 .text.ScanParam_AddService
                0x000000000000419c       0x2c ./Profile/scanparamservice.o
                0x000000000000419c                ScanParam_AddService
 .text.ScanParam_Register
                0x00000000000041c8        0x6 ./Profile/scanparamservice.o
                0x00000000000041c8                ScanParam_Register
 .text.ScanParam_RefreshNotify
                0x00000000000041ce       0x5c ./Profile/scanparamservice.o
                0x00000000000041ce                ScanParam_RefreshNotify
 .text.ScanParam_HandleConnStatusCB
                0x000000000000422a       0x3e ./Profile/scanparamservice.o
                0x000000000000422a                ScanParam_HandleConnStatusCB
 .text.Lib_Calibration_LSI
                0x0000000000004268        0x6 ./HAL/MCU.o
                0x0000000000004268                Lib_Calibration_LSI
 .text.Lib_Read_Flash
                0x000000000000426e       0x1c ./HAL/MCU.o
                0x000000000000426e                Lib_Read_Flash
 .text.Lib_Write_Flash
                0x000000000000428a       0x40 ./HAL/MCU.o
                0x000000000000428a                Lib_Write_Flash
 .text.HAL_GetInterTempValue
                0x00000000000042ca       0x72 ./HAL/MCU.o
                0x00000000000042ca                HAL_GetInterTempValue
 .text.HAL_ProcessEvent
                0x000000000000433c       0x7e ./HAL/MCU.o
                0x000000000000433c                HAL_ProcessEvent
 .text.CH58X_BLEInit
                0x00000000000043ba      0x132 ./HAL/MCU.o
                0x00000000000043ba                CH58X_BLEInit
 .text.HAL_Init
                0x00000000000044ec       0x30 ./HAL/MCU.o
                0x00000000000044ec                HAL_Init
 .text.HAL_TimeInit
                0x000000000000451c       0xe0 ./HAL/RTC.o
                0x000000000000451c                HAL_TimeInit
 .text.hidEmuEvtCB
                0x00000000000045fc        0x2 ./APP/hidkbd.o
 .text.hidEmuStateCB
                0x00000000000045fe       0xfc ./APP/hidkbd.o
 .text.hidEmuSendKbdReport
                0x00000000000046fa       0x24 ./APP/hidkbd.o
 .text.hidEmuRptCB
                0x000000000000471e       0x70 ./APP/hidkbd.o
 .text.get_state_charging_led
                0x000000000000478e      0x120 ./APP/hidkbd.o
                0x000000000000478e                get_state_charging_led
 .text.HidEmu_ProcessEvent
                0x00000000000048ae      0x126 ./APP/hidkbd.o
                0x00000000000048ae                HidEmu_ProcessEvent
 .text.HidEmu_Init
                0x00000000000049d4       0xf6 ./APP/hidkbd.o
                0x00000000000049d4                HidEmu_Init
 .text.startup.main
                0x0000000000004aca      0x20e ./APP/hidkbd_main.o
                0x0000000000004aca                main
 .text.tmos_msg_enqueue
                0x0000000000004cd8       0x1e C:\stefan\ble_keyboard\ch583\EVT\EXAM\BLE\LIB\libCH58xBLE.a(message.o)
                0x0000000000004cd8                tmos_msg_enqueue
 .text.tmos_msg_deallocate
                0x0000000000004cf6       0x2c C:\stefan\ble_keyboard\ch583\EVT\EXAM\BLE\LIB\libCH58xBLE.a(message.o)
                0x0000000000004cf6                tmos_msg_deallocate
 .text.tmos_msg_allocate
                0x0000000000004d22       0x46 C:\stefan\ble_keyboard\ch583\EVT\EXAM\BLE\LIB\libCH58xBLE.a(message.o)
                0x0000000000004d22                tmos_msg_allocate
 .text.tmos_msg_receive
                0x0000000000004d68       0x70 C:\stefan\ble_keyboard\ch583\EVT\EXAM\BLE\LIB\libCH58xBLE.a(message.o)
                0x0000000000004d68                tmos_msg_receive
 .text.tmos_msg_send
                0x0000000000004dd8       0x60 C:\stefan\ble_keyboard\ch583\EVT\EXAM\BLE\LIB\libCH58xBLE.a(message.o)
                0x0000000000004dd8                tmos_msg_send
 .text.tmos_msg_init
                0x0000000000004e38        0xa C:\stefan\ble_keyboard\ch583\EVT\EXAM\BLE\LIB\libCH58xBLE.a(message.o)
                0x0000000000004e38                tmos_msg_init
 .text.tmosFindTask
                0x0000000000004e42       0x24 C:\stefan\ble_keyboard\ch583\EVT\EXAM\BLE\LIB\libCH58xBLE.a(tmos.o)
 .text.TMOS_CB_PeriodicProcessEvent
                0x0000000000004e66       0x86 C:\stefan\ble_keyboard\ch583\EVT\EXAM\BLE\LIB\libCH58xBLE.a(tmos.o)
                0x0000000000004e66                TMOS_CB_PeriodicProcessEvent
 .text.TMOS_CB_ProcessEvent
                0x0000000000004eec       0x80 C:\stefan\ble_keyboard\ch583\EVT\EXAM\BLE\LIB\libCH58xBLE.a(tmos.o)
                0x0000000000004eec                TMOS_CB_ProcessEvent
 .text.tmos_rand
                0x0000000000004f6c       0x52 C:\stefan\ble_keyboard\ch583\EVT\EXAM\BLE\LIB\libCH58xBLE.a(tmos.o)
                0x0000000000004f6c                tmos_rand
 .text.tmos_start_periodic_callback_task
                0x0000000000004fbe       0xea C:\stefan\ble_keyboard\ch583\EVT\EXAM\BLE\LIB\libCH58xBLE.a(tmos.o)
                0x0000000000004fbe                tmos_start_periodic_callback_task
 .text.tmos_set_event
                0x00000000000050a8       0x2e C:\stefan\ble_keyboard\ch583\EVT\EXAM\BLE\LIB\libCH58xBLE.a(tmos.o)
                0x00000000000050a8                tmos_set_event
 .text.tmos_clear_event
                0x00000000000050d6       0x32 C:\stefan\ble_keyboard\ch583\EVT\EXAM\BLE\LIB\libCH58xBLE.a(tmos.o)
                0x00000000000050d6                tmos_clear_event
 .text.tmos_update_callback_timer
                0x0000000000005108       0xc2 C:\stefan\ble_keyboard\ch583\EVT\EXAM\BLE\LIB\libCH58xBLE.a(tmos.o)
                0x0000000000005108                tmos_update_callback_timer
 .text.tmos_update_periodic_callback_timer
                0x00000000000051ca       0x5e C:\stefan\ble_keyboard\ch583\EVT\EXAM\BLE\LIB\libCH58xBLE.a(tmos.o)
                0x00000000000051ca                tmos_update_periodic_callback_timer
 .text.tmos_start_task
                0x0000000000005228      0x134 C:\stefan\ble_keyboard\ch583\EVT\EXAM\BLE\LIB\libCH58xBLE.a(tmos.o)
                0x0000000000005228                tmos_start_task
 .text.tmos_start_callback_task
                0x000000000000535c       0x9a C:\stefan\ble_keyboard\ch583\EVT\EXAM\BLE\LIB\libCH58xBLE.a(tmos.o)
                0x000000000000535c                tmos_start_callback_task
 .text.tmos_start_reload_task
                0x00000000000053f6       0x56 C:\stefan\ble_keyboard\ch583\EVT\EXAM\BLE\LIB\libCH58xBLE.a(tmos.o)
                0x00000000000053f6                tmos_start_reload_task
 .text.tmos_stop_task
                0x000000000000544c       0x50 C:\stefan\ble_keyboard\ch583\EVT\EXAM\BLE\LIB\libCH58xBLE.a(tmos.o)
                0x000000000000544c                tmos_stop_task
 .text.tmos_stop_callback_task
                0x000000000000549c       0x5a C:\stefan\ble_keyboard\ch583\EVT\EXAM\BLE\LIB\libCH58xBLE.a(tmos.o)
                0x000000000000549c                tmos_stop_callback_task
 .text.tmos_get_task_timer
                0x00000000000054f6       0x62 C:\stefan\ble_keyboard\ch583\EVT\EXAM\BLE\LIB\libCH58xBLE.a(tmos.o)
                0x00000000000054f6                tmos_get_task_timer
 .text.tmos_proces_sleep
                0x0000000000005558       0xd0 C:\stefan\ble_keyboard\ch583\EVT\EXAM\BLE\LIB\libCH58xBLE.a(tmos.o)
                0x0000000000005558                tmos_proces_sleep
 .text.TMOS_TimerRegister
                0x0000000000005628       0x1e C:\stefan\ble_keyboard\ch583\EVT\EXAM\BLE\LIB\libCH58xBLE.a(tmos.o)
                0x0000000000005628                TMOS_TimerRegister
 .text.TMOS_ProcessRegister
                0x0000000000005646       0x16 C:\stefan\ble_keyboard\ch583\EVT\EXAM\BLE\LIB\libCH58xBLE.a(tmos.o)
                0x0000000000005646                TMOS_ProcessRegister
 .text.TMOS_Init
                0x000000000000565c      0x12e C:\stefan\ble_keyboard\ch583\EVT\EXAM\BLE\LIB\libCH58xBLE.a(tmos.o)
                0x000000000000565c                TMOS_Init
 .text.TMOS_ProcessEventRegister
                0x000000000000578a       0x3c C:\stefan\ble_keyboard\ch583\EVT\EXAM\BLE\LIB\libCH58xBLE.a(tmos.o)
                0x000000000000578a                TMOS_ProcessEventRegister
 .text.BLE_LibInit
                0x00000000000057c6      0x17c C:\stefan\ble_keyboard\ch583\EVT\EXAM\BLE\LIB\libCH58xBLE.a(tmos.o)
                0x00000000000057c6                BLE_LibInit
 .text.clockGetTickValve
                0x0000000000005942       0x7e C:\stefan\ble_keyboard\ch583\EVT\EXAM\BLE\LIB\libCH58xBLE.a(tmos_hw.o)
 .text.ll_get_sca_divisor
                0x00000000000059c0       0x40 C:\stefan\ble_keyboard\ch583\EVT\EXAM\BLE\LIB\libCH58xBLE.a(tmos_hw.o)
                0x00000000000059c0                ll_get_sca_divisor
 .text.ll_get_sca_own
                0x0000000000005a00       0x46 C:\stefan\ble_keyboard\ch583\EVT\EXAM\BLE\LIB\libCH58xBLE.a(tmos_hw.o)
                0x0000000000005a00                ll_get_sca_own
 .text.ble_ll_common_rand8
                0x0000000000005a46       0x24 C:\stefan\ble_keyboard\ch583\EVT\EXAM\BLE\LIB\libCH58xBLE.a(tmos_hw.o)
                0x0000000000005a46                ble_ll_common_rand8
 .text.ble_ll_common_rand16
                0x0000000000005a6a       0x24 C:\stefan\ble_keyboard\ch583\EVT\EXAM\BLE\LIB\libCH58xBLE.a(tmos_hw.o)
                0x0000000000005a6a                ble_ll_common_rand16
 .text.ble_ll_common_rand32
                0x0000000000005a8e       0x20 C:\stefan\ble_keyboard\ch583\EVT\EXAM\BLE\LIB\libCH58xBLE.a(tmos_hw.o)
                0x0000000000005a8e                ble_ll_common_rand32
 .text.TMOS_TempSample
                0x0000000000005aae       0x62 C:\stefan\ble_keyboard\ch583\EVT\EXAM\BLE\LIB\libCH58xBLE.a(tmos_hw.o)
                0x0000000000005aae                TMOS_TempSample
 .text.TMOS_TimerInit
                0x0000000000005b10      0x152 C:\stefan\ble_keyboard\ch583\EVT\EXAM\BLE\LIB\libCH58xBLE.a(tmos_hw.o)
                0x0000000000005b10                TMOS_TimerInit
 .text.tmos_snv_init
                0x0000000000005c62       0xc0 C:\stefan\ble_keyboard\ch583\EVT\EXAM\BLE\LIB\libCH58xBLE.a(tmos_snv.o)
                0x0000000000005c62                tmos_snv_init
 .text.tmos_snv_read
                0x0000000000005d22      0x292 C:\stefan\ble_keyboard\ch583\EVT\EXAM\BLE\LIB\libCH58xBLE.a(tmos_snv.o)
                0x0000000000005d22                tmos_snv_read
 .text.tmos_snv_notify
                0x0000000000005fb4       0x5a C:\stefan\ble_keyboard\ch583\EVT\EXAM\BLE\LIB\libCH58xBLE.a(tmos_snv.o)
                0x0000000000005fb4                tmos_snv_notify
 .text.tmos_snv_write
                0x000000000000600e      0x2ce C:\stefan\ble_keyboard\ch583\EVT\EXAM\BLE\LIB\libCH58xBLE.a(tmos_snv.o)
                0x000000000000600e                tmos_snv_write
 .text.tmos_snv_compact
                0x00000000000062dc        0x4 C:\stefan\ble_keyboard\ch583\EVT\EXAM\BLE\LIB\libCH58xBLE.a(tmos_snv.o)
                0x00000000000062dc                tmos_snv_compact
 .text.disconnectNext
                0x00000000000062e0       0x22 C:\stefan\ble_keyboard\ch583\EVT\EXAM\BLE\LIB\libCH58xBLE.a(gap.o)
 .text.GAP_ParamInit
                0x0000000000006302      0x16c C:\stefan\ble_keyboard\ch583\EVT\EXAM\BLE\LIB\libCH58xBLE.a(gap.o)
                0x0000000000006302                GAP_ParamInit
 .text.sendTerminateEvent
                0x000000000000646e       0x58 C:\stefan\ble_keyboard\ch583\EVT\EXAM\BLE\LIB\libCH58xBLE.a(gap.o)
                0x000000000000646e                sendTerminateEvent
 .text.gapRegisterCentral
                0x00000000000064c6        0x6 C:\stefan\ble_keyboard\ch583\EVT\EXAM\BLE\LIB\libCH58xBLE.a(gap.o)
                0x00000000000064c6                gapRegisterCentral
 .text.gapRegisterCentralConn
                0x00000000000064cc        0x6 C:\stefan\ble_keyboard\ch583\EVT\EXAM\BLE\LIB\libCH58xBLE.a(gap.o)
                0x00000000000064cc                gapRegisterCentralConn
 .text.gapRegisterPeripheral
                0x00000000000064d2        0x6 C:\stefan\ble_keyboard\ch583\EVT\EXAM\BLE\LIB\libCH58xBLE.a(gap.o)
                0x00000000000064d2                gapRegisterPeripheral
 .text.gapRegisterPeripheralConn
                0x00000000000064d8        0x6 C:\stefan\ble_keyboard\ch583\EVT\EXAM\BLE\LIB\libCH58xBLE.a(gap.o)
                0x00000000000064d8                gapRegisterPeripheralConn
 .text.smGenerateRandBuf
                0x00000000000064de       0x56 C:\stefan\ble_keyboard\ch583\EVT\EXAM\BLE\LIB\libCH58xBLE.a(gap.o)
                0x00000000000064de                smGenerateRandBuf
 .text.gapL2capConnParamUpdateReq
                0x0000000000006534       0x36 C:\stefan\ble_keyboard\ch583\EVT\EXAM\BLE\LIB\libCH58xBLE.a(gap.o)
                0x0000000000006534                gapL2capConnParamUpdateReq
 .text.gapValidADType
                0x000000000000656a       0x16 C:\stefan\ble_keyboard\ch583\EVT\EXAM\BLE\LIB\libCH58xBLE.a(gap.o)
                0x000000000000656a                gapValidADType
 .text.gapFindADType
                0x0000000000006580       0x92 C:\stefan\ble_keyboard\ch583\EVT\EXAM\BLE\LIB\libCH58xBLE.a(gap.o)
                0x0000000000006580                gapFindADType
 .text.GAP_SecParamsInit
                0x0000000000006612       0xaa C:\stefan\ble_keyboard\ch583\EVT\EXAM\BLE\LIB\libCH58xBLE.a(gap.o)
                0x0000000000006612                GAP_SecParamsInit
 .text.GAP_ParamsInit
                0x00000000000066bc       0x50 C:\stefan\ble_keyboard\ch583\EVT\EXAM\BLE\LIB\libCH58xBLE.a(gap.o)
                0x00000000000066bc                GAP_ParamsInit
 .text.gapAddAddrAdj
                0x000000000000670c       0x48 C:\stefan\ble_keyboard\ch583\EVT\EXAM\BLE\LIB\libCH58xBLE.a(gap.o)
                0x000000000000670c                gapAddAddrAdj
 .text.gapDetermineAddrType
                0x0000000000006754       0x28 C:\stefan\ble_keyboard\ch583\EVT\EXAM\BLE\LIB\libCH58xBLE.a(gap.o)
                0x0000000000006754                gapDetermineAddrType
 .text.gapFreeAuthLink
                0x000000000000677c       0x4a C:\stefan\ble_keyboard\ch583\EVT\EXAM\BLE\LIB\libCH58xBLE.a(gap.o)
                0x000000000000677c                gapFreeAuthLink
 .text.gapGetDevAddress
                0x00000000000067c6       0x24 C:\stefan\ble_keyboard\ch583\EVT\EXAM\BLE\LIB\libCH58xBLE.a(gap.o)
                0x00000000000067c6                gapGetDevAddress
 .text.gapGetDevAddressMode
                0x00000000000067ea        0xa C:\stefan\ble_keyboard\ch583\EVT\EXAM\BLE\LIB\libCH58xBLE.a(gap.o)
                0x00000000000067ea                gapGetDevAddressMode
 .text.gapGetIRK
                0x00000000000067f4        0xc C:\stefan\ble_keyboard\ch583\EVT\EXAM\BLE\LIB\libCH58xBLE.a(gap.o)
                0x00000000000067f4                gapGetIRK
 .text.gapGetSRK
                0x0000000000006800        0xc C:\stefan\ble_keyboard\ch583\EVT\EXAM\BLE\LIB\libCH58xBLE.a(gap.o)
                0x0000000000006800                gapGetSRK
 .text.gapGetSignCounter
                0x000000000000680c        0xe C:\stefan\ble_keyboard\ch583\EVT\EXAM\BLE\LIB\libCH58xBLE.a(gap.o)
                0x000000000000680c                gapGetSignCounter
 .text.gapIncSignCounter
                0x000000000000681a       0x28 C:\stefan\ble_keyboard\ch583\EVT\EXAM\BLE\LIB\libCH58xBLE.a(gap.o)
                0x000000000000681a                gapIncSignCounter
 .text.gapProcessConnEvt
                0x0000000000006842       0x48 C:\stefan\ble_keyboard\ch583\EVT\EXAM\BLE\LIB\libCH58xBLE.a(gap.o)
                0x0000000000006842                gapProcessConnEvt
 .text.gapProcessDisconnectCompleteEvt
                0x000000000000688a       0xa8 C:\stefan\ble_keyboard\ch583\EVT\EXAM\BLE\LIB\libCH58xBLE.a(gap.o)
                0x000000000000688a                gapProcessDisconnectCompleteEvt
 .text.sendAuthEvent
                0x0000000000006932      0x11e C:\stefan\ble_keyboard\ch583\EVT\EXAM\BLE\LIB\libCH58xBLE.a(gap.o)
                0x0000000000006932                sendAuthEvent
 .text.gapSendBondCompleteEvent
                0x0000000000006a50       0x74 C:\stefan\ble_keyboard\ch583\EVT\EXAM\BLE\LIB\libCH58xBLE.a(gap.o)
                0x0000000000006a50                gapSendBondCompleteEvent
 .text.gapSendPairingReqEvent
                0x0000000000006ac4       0x96 C:\stefan\ble_keyboard\ch583\EVT\EXAM\BLE\LIB\libCH58xBLE.a(gap.o)
                0x0000000000006ac4                gapSendPairingReqEvent
 .text.gapSendSlaveSecurityReqEvent
                0x0000000000006b5a       0x68 C:\stefan\ble_keyboard\ch583\EVT\EXAM\BLE\LIB\libCH58xBLE.a(gap.o)
                0x0000000000006b5a                gapSendSlaveSecurityReqEvent
 .text.gapSendDeviceInitDoneEvent
                0x0000000000006bc2       0x88 C:\stefan\ble_keyboard\ch583\EVT\EXAM\BLE\LIB\libCH58xBLE.a(gap.o)
                0x0000000000006bc2                gapSendDeviceInitDoneEvent
 .text.gapSendLinkUpdateEvent
                0x0000000000006c4a       0xb2 C:\stefan\ble_keyboard\ch583\EVT\EXAM\BLE\LIB\libCH58xBLE.a(gap.o)
                0x0000000000006c4a                gapSendLinkUpdateEvent
 .text.gapSendPhyUpdateEvent
                0x0000000000006cfc       0x58 C:\stefan\ble_keyboard\ch583\EVT\EXAM\BLE\LIB\libCH58xBLE.a(gap.o)
                0x0000000000006cfc                gapSendPhyUpdateEvent
 .text.gapSendEstLinkEvent
                0x0000000000006d54       0xbc C:\stefan\ble_keyboard\ch583\EVT\EXAM\BLE\LIB\libCH58xBLE.a(gap.o)
                0x0000000000006d54                gapSendEstLinkEvent
 .text.gapProcessNewAddr
                0x0000000000006e10       0x3e C:\stefan\ble_keyboard\ch583\EVT\EXAM\BLE\LIB\libCH58xBLE.a(gap.o)
                0x0000000000006e10                gapProcessNewAddr
 .text.gapProcessRandomAddrComplete
                0x0000000000006e4e       0xb6 C:\stefan\ble_keyboard\ch583\EVT\EXAM\BLE\LIB\libCH58xBLE.a(gap.o)
                0x0000000000006e4e                gapProcessRandomAddrComplete
 .text.GAP_Authenticate
                0x0000000000006f04       0xde C:\stefan\ble_keyboard\ch583\EVT\EXAM\BLE\LIB\libCH58xBLE.a(gap.o)
                0x0000000000006f04                GAP_Authenticate
 .text.GAP_Bond
                0x0000000000006fe2       0xaa C:\stefan\ble_keyboard\ch583\EVT\EXAM\BLE\LIB\libCH58xBLE.a(gap.o)
                0x0000000000006fe2                GAP_Bond
 .text.GAP_GetParamValue
                0x000000000000708c       0x20 C:\stefan\ble_keyboard\ch583\EVT\EXAM\BLE\LIB\libCH58xBLE.a(gap.o)
                0x000000000000708c                GAP_GetParamValue
 .text.GAP_PasscodeUpdate
                0x00000000000070ac       0x54 C:\stefan\ble_keyboard\ch583\EVT\EXAM\BLE\LIB\libCH58xBLE.a(gap.o)
                0x00000000000070ac                GAP_PasscodeUpdate
 .text.GAP_RegisterForMsgs
                0x0000000000007100        0xa C:\stefan\ble_keyboard\ch583\EVT\EXAM\BLE\LIB\libCH58xBLE.a(gap.o)
                0x0000000000007100                GAP_RegisterForMsgs
 .text.GAP_ResolvePrivateAddr
                0x000000000000710a        0x4 C:\stefan\ble_keyboard\ch583\EVT\EXAM\BLE\LIB\libCH58xBLE.a(gap.o)
                0x000000000000710a                GAP_ResolvePrivateAddr
 .text.gapPairingCompleteCB
                0x000000000000710e      0x18c C:\stefan\ble_keyboard\ch583\EVT\EXAM\BLE\LIB\libCH58xBLE.a(gap.o)
                0x000000000000710e                gapPairingCompleteCB
 .text.gapPasskeyNeededCB
                0x000000000000729a       0x8e C:\stefan\ble_keyboard\ch583\EVT\EXAM\BLE\LIB\libCH58xBLE.a(gap.o)
                0x000000000000729a                gapPasskeyNeededCB
 .text.gapOobNeededCB
                0x0000000000007328       0xa6 C:\stefan\ble_keyboard\ch583\EVT\EXAM\BLE\LIB\libCH58xBLE.a(gap.o)
                0x0000000000007328                gapOobNeededCB
 .text.gapFreeEstLink
                0x00000000000073ce       0x20 C:\stefan\ble_keyboard\ch583\EVT\EXAM\BLE\LIB\libCH58xBLE.a(gap.o)
                0x00000000000073ce                gapFreeEstLink
 .text.gapUpdateConnSignCounter
                0x00000000000073ee       0x7a C:\stefan\ble_keyboard\ch583\EVT\EXAM\BLE\LIB\libCH58xBLE.a(gap.o)
                0x00000000000073ee                gapUpdateConnSignCounter
 .text.GAP_SendSlaveSecurityRequest
                0x0000000000007468       0x4a C:\stefan\ble_keyboard\ch583\EVT\EXAM\BLE\LIB\libCH58xBLE.a(gap.o)
                0x0000000000007468                GAP_SendSlaveSecurityRequest
 .text.GAP_Signable
                0x00000000000074b2       0x6a C:\stefan\ble_keyboard\ch583\EVT\EXAM\BLE\LIB\libCH58xBLE.a(gap.o)
                0x00000000000074b2                GAP_Signable
 .text.GAP_TerminateAuth
                0x000000000000751c       0x2a C:\stefan\ble_keyboard\ch583\EVT\EXAM\BLE\LIB\libCH58xBLE.a(gap.o)
                0x000000000000751c                GAP_TerminateAuth
 .text.GAP_NumActiveConnections
                0x0000000000007546        0x4 C:\stefan\ble_keyboard\ch583\EVT\EXAM\BLE\LIB\libCH58xBLE.a(gap.o)
                0x0000000000007546                GAP_NumActiveConnections
 .text.GAP_TerminateLinkReq
                0x000000000000754a       0x8e C:\stefan\ble_keyboard\ch583\EVT\EXAM\BLE\LIB\libCH58xBLE.a(gap.o)
                0x000000000000754a                GAP_TerminateLinkReq
 .text.GAP_SetParamValue
                0x00000000000075d8       0x6c C:\stefan\ble_keyboard\ch583\EVT\EXAM\BLE\LIB\libCH58xBLE.a(gap.o)
                0x00000000000075d8                GAP_SetParamValue
 .text.GAP_Init
                0x0000000000007644       0x48 C:\stefan\ble_keyboard\ch583\EVT\EXAM\BLE\LIB\libCH58xBLE.a(gap.o)
                0x0000000000007644                GAP_Init
 .text.GAP_ProcessEvent
                0x000000000000768c      0x66a C:\stefan\ble_keyboard\ch583\EVT\EXAM\BLE\LIB\libCH58xBLE.a(gap.o)
                0x000000000000768c                GAP_ProcessEvent
 .text.gapSendScanEnable
                0x0000000000007cf6       0x3a C:\stefan\ble_keyboard\ch583\EVT\EXAM\BLE\LIB\libCH58xBLE.a(gap_central.o)
 .text.gapCentProcessConnEvt
                0x0000000000007d30      0x168 C:\stefan\ble_keyboard\ch583\EVT\EXAM\BLE\LIB\libCH58xBLE.a(gap_central.o)
                0x0000000000007d30                gapCentProcessConnEvt
 .text.gapProcessScanningPeriodicAdvEvt
                0x0000000000007e98       0xa0 C:\stefan\ble_keyboard\ch583\EVT\EXAM\BLE\LIB\libCH58xBLE.a(gap_central.o)
                0x0000000000007e98                gapProcessScanningPeriodicAdvEvt
 .text.gapCancelLinkReq
                0x0000000000007f38       0x38 C:\stefan\ble_keyboard\ch583\EVT\EXAM\BLE\LIB\libCH58xBLE.a(gap_central.o)
                0x0000000000007f38                gapCancelLinkReq
 .text.gapProcessAdvertDevInfo
                0x0000000000007f70      0x242 C:\stefan\ble_keyboard\ch583\EVT\EXAM\BLE\LIB\libCH58xBLE.a(gap_central.o)
                0x0000000000007f70                gapProcessAdvertDevInfo
 .text.gapProcessExtAdvertDevInfo
                0x00000000000081b2      0x260 C:\stefan\ble_keyboard\ch583\EVT\EXAM\BLE\LIB\libCH58xBLE.a(gap_central.o)
                0x00000000000081b2                gapProcessExtAdvertDevInfo
 .text.gapProcessPeriodicAdvertisingSyncEstablishedEvt
                0x0000000000008412       0xae C:\stefan\ble_keyboard\ch583\EVT\EXAM\BLE\LIB\libCH58xBLE.a(gap_central.o)
                0x0000000000008412                gapProcessPeriodicAdvertisingSyncEstablishedEvt
 .text.gapProcessPeriodicAdvertisingSyncLostEvt
                0x00000000000084c0       0x56 C:\stefan\ble_keyboard\ch583\EVT\EXAM\BLE\LIB\libCH58xBLE.a(gap_central.o)
                0x00000000000084c0                gapProcessPeriodicAdvertisingSyncLostEvt
 .text.gapFreeScanRecs
                0x0000000000008516       0xa6 C:\stefan\ble_keyboard\ch583\EVT\EXAM\BLE\LIB\libCH58xBLE.a(gap_central.o)
                0x0000000000008516                gapFreeScanRecs
 .text.gapSendDevDiscEvent
                0x00000000000085bc      0x124 C:\stefan\ble_keyboard\ch583\EVT\EXAM\BLE\LIB\libCH58xBLE.a(gap_central.o)
                0x00000000000085bc                gapSendDevDiscEvent
 .text.gapSetScanParamStatus
                0x00000000000086e0       0x56 C:\stefan\ble_keyboard\ch583\EVT\EXAM\BLE\LIB\libCH58xBLE.a(gap_central.o)
 .text.gapCentProcessHCICmdEvt
                0x0000000000008736       0x3c C:\stefan\ble_keyboard\ch583\EVT\EXAM\BLE\LIB\libCH58xBLE.a(gap_central.o)
                0x0000000000008736                gapCentProcessHCICmdEvt
 .text.gapProcessScanningEvt
                0x0000000000008772      0x110 C:\stefan\ble_keyboard\ch583\EVT\EXAM\BLE\LIB\libCH58xBLE.a(gap_central.o)
                0x0000000000008772                gapProcessScanningEvt
 .text.gapProcessScanningDirectEvt
                0x0000000000008882       0xfe C:\stefan\ble_keyboard\ch583\EVT\EXAM\BLE\LIB\libCH58xBLE.a(gap_central.o)
                0x0000000000008882                gapProcessScanningDirectEvt
 .text.gapProcessScanningExtAdvEvt
                0x0000000000008980      0x2c4 C:\stefan\ble_keyboard\ch583\EVT\EXAM\BLE\LIB\libCH58xBLE.a(gap_central.o)
                0x0000000000008980                gapProcessScanningExtAdvEvt
 .text.GAP_CentConnRegister
                0x0000000000008c44       0x1a C:\stefan\ble_keyboard\ch583\EVT\EXAM\BLE\LIB\libCH58xBLE.a(gap_central.o)
                0x0000000000008c44                GAP_CentConnRegister
 .text.GAP_CentralParamInit
                0x0000000000008c5e       0x6e C:\stefan\ble_keyboard\ch583\EVT\EXAM\BLE\LIB\libCH58xBLE.a(gap_central.o)
                0x0000000000008c5e                GAP_CentralParamInit
 .text.GAP_CentDevMgrInit
                0x0000000000008ccc       0x9c C:\stefan\ble_keyboard\ch583\EVT\EXAM\BLE\LIB\libCH58xBLE.a(gap_central.o)
                0x0000000000008ccc                GAP_CentDevMgrInit
 .text.gapFreeAdvertState
                0x0000000000008d68       0x20 C:\stefan\ble_keyboard\ch583\EVT\EXAM\BLE\LIB\libCH58xBLE.a(gap_peripheral.o)
 .text.gapSetPeriodicAdvParams
                0x0000000000008d88       0x30 C:\stefan\ble_keyboard\ch583\EVT\EXAM\BLE\LIB\libCH58xBLE.a(gap_peripheral.o)
 .text.gapSetConnectionlessCTEParams
                0x0000000000008db8       0x54 C:\stefan\ble_keyboard\ch583\EVT\EXAM\BLE\LIB\libCH58xBLE.a(gap_peripheral.o)
 .text.gapSetAdvParams
                0x0000000000008e0c      0x126 C:\stefan\ble_keyboard\ch583\EVT\EXAM\BLE\LIB\libCH58xBLE.a(gap_peripheral.o)
 .text.gapPeriProcessConnEvt
                0x0000000000008f32       0xd0 C:\stefan\ble_keyboard\ch583\EVT\EXAM\BLE\LIB\libCH58xBLE.a(gap_peripheral.o)
 .text.gapWriteAdvDataStatus
                0x0000000000009002       0x8a C:\stefan\ble_keyboard\ch583\EVT\EXAM\BLE\LIB\libCH58xBLE.a(gap_peripheral.o)
 .text.GAP_MakeDiscoverable
                0x000000000000908c      0x174 C:\stefan\ble_keyboard\ch583\EVT\EXAM\BLE\LIB\libCH58xBLE.a(gap_peripheral.o)
                0x000000000000908c                GAP_MakeDiscoverable
 .text.GAP_EndDiscoverable
                0x0000000000009200       0x66 C:\stefan\ble_keyboard\ch583\EVT\EXAM\BLE\LIB\libCH58xBLE.a(gap_peripheral.o)
                0x0000000000009200                GAP_EndDiscoverable
 .text.gapProcessAdvertisingEvt
                0x0000000000009266      0x118 C:\stefan\ble_keyboard\ch583\EVT\EXAM\BLE\LIB\libCH58xBLE.a(gap_peripheral.o)
 .text.GAP_MakePeriodic
                0x000000000000937e       0x26 C:\stefan\ble_keyboard\ch583\EVT\EXAM\BLE\LIB\libCH58xBLE.a(gap_peripheral.o)
                0x000000000000937e                GAP_MakePeriodic
 .text.GAP_EndPeriodic
                0x00000000000093a4        0xc C:\stefan\ble_keyboard\ch583\EVT\EXAM\BLE\LIB\libCH58xBLE.a(gap_peripheral.o)
                0x00000000000093a4                GAP_EndPeriodic
 .text.GAP_MakeConnecttionlessCTE
                0x00000000000093b0       0x1a C:\stefan\ble_keyboard\ch583\EVT\EXAM\BLE\LIB\libCH58xBLE.a(gap_peripheral.o)
                0x00000000000093b0                GAP_MakeConnecttionlessCTE
 .text.GAP_EndConnecttionlessCTE
                0x00000000000093ca        0xc C:\stefan\ble_keyboard\ch583\EVT\EXAM\BLE\LIB\libCH58xBLE.a(gap_peripheral.o)
                0x00000000000093ca                GAP_EndConnecttionlessCTE
 .text.GAP_SetAdvertisingAdvData
                0x00000000000093d6      0x102 C:\stefan\ble_keyboard\ch583\EVT\EXAM\BLE\LIB\libCH58xBLE.a(gap_peripheral.o)
                0x00000000000093d6                GAP_SetAdvertisingAdvData
 .text.GAP_SetAdvertisingRspData
                0x00000000000094d8      0x102 C:\stefan\ble_keyboard\ch583\EVT\EXAM\BLE\LIB\libCH58xBLE.a(gap_peripheral.o)
                0x00000000000094d8                GAP_SetAdvertisingRspData
 .text.GAP_SetPeriodicAdvertisingData
                0x00000000000095da       0xc6 C:\stefan\ble_keyboard\ch583\EVT\EXAM\BLE\LIB\libCH58xBLE.a(gap_peripheral.o)
                0x00000000000095da                GAP_SetPeriodicAdvertisingData
 .text.GAP_GetAdvertisingAdvData
                0x00000000000096a0       0x26 C:\stefan\ble_keyboard\ch583\EVT\EXAM\BLE\LIB\libCH58xBLE.a(gap_peripheral.o)
                0x00000000000096a0                GAP_GetAdvertisingAdvData
 .text.GAP_GetAdvertisingRspData
                0x00000000000096c6       0x34 C:\stefan\ble_keyboard\ch583\EVT\EXAM\BLE\LIB\libCH58xBLE.a(gap_peripheral.o)
                0x00000000000096c6                GAP_GetAdvertisingRspData
 .text.GAP_GetPeriodicAdvertisingData
                0x00000000000096fa       0x34 C:\stefan\ble_keyboard\ch583\EVT\EXAM\BLE\LIB\libCH58xBLE.a(gap_peripheral.o)
                0x00000000000096fa                GAP_GetPeriodicAdvertisingData
 .text.GAP_ConfigDeviceAddr
                0x000000000000972e      0x124 C:\stefan\ble_keyboard\ch583\EVT\EXAM\BLE\LIB\libCH58xBLE.a(gap_peripheral.o)
                0x000000000000972e                GAP_ConfigDeviceAddr
 .text.GAP_PeriConnRegister
                0x0000000000009852       0x2e C:\stefan\ble_keyboard\ch583\EVT\EXAM\BLE\LIB\libCH58xBLE.a(gap_peripheral.o)
                0x0000000000009852                GAP_PeriConnRegister
 .text.GAP_PeripheralParamInit
                0x0000000000009880       0x6c C:\stefan\ble_keyboard\ch583\EVT\EXAM\BLE\LIB\libCH58xBLE.a(gap_peripheral.o)
                0x0000000000009880                GAP_PeripheralParamInit
 .text.gapSendMakeDiscEvent
                0x00000000000098ec       0x50 C:\stefan\ble_keyboard\ch583\EVT\EXAM\BLE\LIB\libCH58xBLE.a(gap_peripheral.o)
                0x00000000000098ec                gapSendMakeDiscEvent
 .text.gapWriteAdvEnableStatus
                0x000000000000993c      0x110 C:\stefan\ble_keyboard\ch583\EVT\EXAM\BLE\LIB\libCH58xBLE.a(gap_peripheral.o)
 .text.gapSendMakePeriodicEvent
                0x0000000000009a4c       0x3a C:\stefan\ble_keyboard\ch583\EVT\EXAM\BLE\LIB\libCH58xBLE.a(gap_peripheral.o)
                0x0000000000009a4c                gapSendMakePeriodicEvent
 .text.gapSendMakeConnectionlessCTEEvent
                0x0000000000009a86       0x3a C:\stefan\ble_keyboard\ch583\EVT\EXAM\BLE\LIB\libCH58xBLE.a(gap_peripheral.o)
                0x0000000000009a86                gapSendMakeConnectionlessCTEEvent
 .text.gapPeriProcessHCICmdCompleteEvt
                0x0000000000009ac0      0x22e C:\stefan\ble_keyboard\ch583\EVT\EXAM\BLE\LIB\libCH58xBLE.a(gap_peripheral.o)
 .text.GAP_PeriDevMgrInit
                0x0000000000009cee       0x2e C:\stefan\ble_keyboard\ch583\EVT\EXAM\BLE\LIB\libCH58xBLE.a(gap_peripheral.o)
                0x0000000000009cee                GAP_PeriDevMgrInit
 .text.ggs_SetAttrWPermit
                0x0000000000009d1c       0x68 C:\stefan\ble_keyboard\ch583\EVT\EXAM\BLE\LIB\libCH58xBLE.a(gapgattserver.o)
 .text.ggs_ReadAttrCB
                0x0000000000009d84      0x156 C:\stefan\ble_keyboard\ch583\EVT\EXAM\BLE\LIB\libCH58xBLE.a(gapgattserver.o)
 .text.ggs_WriteAttrCB
                0x0000000000009eda      0x162 C:\stefan\ble_keyboard\ch583\EVT\EXAM\BLE\LIB\libCH58xBLE.a(gapgattserver.o)
 .text.GGS_ParamInit
                0x000000000000a03c      0x15c C:\stefan\ble_keyboard\ch583\EVT\EXAM\BLE\LIB\libCH58xBLE.a(gapgattserver.o)
                0x000000000000a03c                GGS_ParamInit
 .text.GGS_SetParameter
                0x000000000000a198      0x116 C:\stefan\ble_keyboard\ch583\EVT\EXAM\BLE\LIB\libCH58xBLE.a(gapgattserver.o)
                0x000000000000a198                GGS_SetParameter
 .text.GGS_AddService
                0x000000000000a2ae       0x2c C:\stefan\ble_keyboard\ch583\EVT\EXAM\BLE\LIB\libCH58xBLE.a(gapgattserver.o)
                0x000000000000a2ae                GGS_AddService
 .text.GAP_DeviceInit
                0x000000000000a2da       0xd8 C:\stefan\ble_keyboard\ch583\EVT\EXAM\BLE\LIB\libCH58xBLE.a(gapgattserver.o)
                0x000000000000a2da                GAP_DeviceInit
 .text.gattGetPayload
                0x000000000000a3b2       0x7e C:\stefan\ble_keyboard\ch583\EVT\EXAM\BLE\LIB\libCH58xBLE.a(gatt.o)
                0x000000000000a3b2                gattGetPayload
 .text.gattNotifyEvent
                0x000000000000a430       0x84 C:\stefan\ble_keyboard\ch583\EVT\EXAM\BLE\LIB\libCH58xBLE.a(gatt.o)
                0x000000000000a430                gattNotifyEvent
 .text.gattSendFlowCtrlEvt
                0x000000000000a4b4       0x52 C:\stefan\ble_keyboard\ch583\EVT\EXAM\BLE\LIB\libCH58xBLE.a(gatt.o)
                0x000000000000a4b4                gattSendFlowCtrlEvt
 .text.gattStartTimer
                0x000000000000a506        0xc C:\stefan\ble_keyboard\ch583\EVT\EXAM\BLE\LIB\libCH58xBLE.a(gatt.o)
                0x000000000000a506                gattStartTimer
 .text.gattStopTimer
                0x000000000000a512       0x32 C:\stefan\ble_keyboard\ch583\EVT\EXAM\BLE\LIB\libCH58xBLE.a(gatt.o)
                0x000000000000a512                gattStopTimer
 .text.GATT_AppCompletedMsg
                0x000000000000a544       0x30 C:\stefan\ble_keyboard\ch583\EVT\EXAM\BLE\LIB\libCH58xBLE.a(gatt.o)
                0x000000000000a544                GATT_AppCompletedMsg
 .text.GATT_NotifyEvent
                0x000000000000a574       0x56 C:\stefan\ble_keyboard\ch583\EVT\EXAM\BLE\LIB\libCH58xBLE.a(gatt.o)
                0x000000000000a574                GATT_NotifyEvent
 .text.gattRegisterServer
                0x000000000000a5ca        0x6 C:\stefan\ble_keyboard\ch583\EVT\EXAM\BLE\LIB\libCH58xBLE.a(gatt.o)
                0x000000000000a5ca                gattRegisterServer
 .text.GATT_UpdateMTU
                0x000000000000a5d0       0x5a C:\stefan\ble_keyboard\ch583\EVT\EXAM\BLE\LIB\libCH58xBLE.a(gatt.o)
                0x000000000000a5d0                GATT_UpdateMTU
 .text.GATT_bm_alloc
                0x000000000000a62a       0xe8 C:\stefan\ble_keyboard\ch583\EVT\EXAM\BLE\LIB\libCH58xBLE.a(gatt.o)
                0x000000000000a62a                GATT_bm_alloc
 .text.GATT_ServiceChangedInd
                0x000000000000a712       0x94 C:\stefan\ble_keyboard\ch583\EVT\EXAM\BLE\LIB\libCH58xBLE.a(gatt.o)
                0x000000000000a712                GATT_ServiceChangedInd
 .text.GATT_bm_free
                0x000000000000a7a6       0x1c C:\stefan\ble_keyboard\ch583\EVT\EXAM\BLE\LIB\libCH58xBLE.a(gatt.o)
                0x000000000000a7a6                GATT_bm_free
 .text.GATT_Init
                0x000000000000a7c2       0x2a C:\stefan\ble_keyboard\ch583\EVT\EXAM\BLE\LIB\libCH58xBLE.a(gatt.o)
                0x000000000000a7c2                GATT_Init
 .text.GATT_ProcessEvent
                0x000000000000a7ec      0x13a C:\stefan\ble_keyboard\ch583\EVT\EXAM\BLE\LIB\libCH58xBLE.a(gatt.o)
                0x000000000000a7ec                GATT_ProcessEvent
 .text.gattProcessExchangeMTUReq
                0x000000000000a926        0x4 C:\stefan\ble_keyboard\ch583\EVT\EXAM\BLE\LIB\libCH58xBLE.a(gattservapp.o)
 .text.gattServApp_FindCharCfgItem
                0x000000000000a92a       0x24 C:\stefan\ble_keyboard\ch583\EVT\EXAM\BLE\LIB\libCH58xBLE.a(gattservapp.o)
 .text.gattServerHandleTimerCB
                0x000000000000a94e       0x3c C:\stefan\ble_keyboard\ch583\EVT\EXAM\BLE\LIB\libCH58xBLE.a(gattservapp.o)
 .text.GATTServApp_InitCharCfg.part.12
                0x000000000000a98a       0x20 C:\stefan\ble_keyboard\ch583\EVT\EXAM\BLE\LIB\libCH58xBLE.a(gattservapp.o)
 .text.gattProcessExecuteWriteReq
                0x000000000000a9aa        0x4 C:\stefan\ble_keyboard\ch583\EVT\EXAM\BLE\LIB\libCH58xBLE.a(gattservapp.o)
 .text.GATTServApp_ParamInit
                0x000000000000a9ae       0xd6 C:\stefan\ble_keyboard\ch583\EVT\EXAM\BLE\LIB\libCH58xBLE.a(gattservapp.o)
                0x000000000000a9ae                GATTServApp_ParamInit
 .text.GATTServApp_ReadCharCfg
                0x000000000000aa84       0x18 C:\stefan\ble_keyboard\ch583\EVT\EXAM\BLE\LIB\libCH58xBLE.a(gattservapp.o)
                0x000000000000aa84                GATTServApp_ReadCharCfg
 .text.GATTServApp_WriteCharCfg
                0x000000000000aa9c       0x3c C:\stefan\ble_keyboard\ch583\EVT\EXAM\BLE\LIB\libCH58xBLE.a(gattservapp.o)
                0x000000000000aa9c                GATTServApp_WriteCharCfg
 .text.GATTServApp_ProcessCCCWriteReq
                0x000000000000aad8       0x60 C:\stefan\ble_keyboard\ch583\EVT\EXAM\BLE\LIB\libCH58xBLE.a(gattservapp.o)
                0x000000000000aad8                GATTServApp_ProcessCCCWriteReq
 .text.gattServApp_WriteAttrCB
                0x000000000000ab38       0x34 C:\stefan\ble_keyboard\ch583\EVT\EXAM\BLE\LIB\libCH58xBLE.a(gattservapp.o)
                0x000000000000ab38                gattServApp_WriteAttrCB
 .text.GATTServApp_SendCCCUpdatedEvent
                0x000000000000ab6c       0x5e C:\stefan\ble_keyboard\ch583\EVT\EXAM\BLE\LIB\libCH58xBLE.a(gattservapp.o)
                0x000000000000ab6c                GATTServApp_SendCCCUpdatedEvent
 .text.GATTServApp_SendServiceChangedInd
                0x000000000000abca       0x36 C:\stefan\ble_keyboard\ch583\EVT\EXAM\BLE\LIB\libCH58xBLE.a(gattservapp.o)
                0x000000000000abca                GATTServApp_SendServiceChangedInd
 .text.gattServApp_ClearPrepareWriteQ
                0x000000000000ac00       0x50 C:\stefan\ble_keyboard\ch583\EVT\EXAM\BLE\LIB\libCH58xBLE.a(gattservapp.o)
                0x000000000000ac00                gattServApp_ClearPrepareWriteQ
 .text.gattServApp_FindPrepareWriteQ
                0x000000000000ac50       0x30 C:\stefan\ble_keyboard\ch583\EVT\EXAM\BLE\LIB\libCH58xBLE.a(gattservapp.o)
                0x000000000000ac50                gattServApp_FindPrepareWriteQ
 .text.gattServApp_FindServiceCBs
                0x000000000000ac80       0x18 C:\stefan\ble_keyboard\ch583\EVT\EXAM\BLE\LIB\libCH58xBLE.a(gattservapp.o)
                0x000000000000ac80                gattServApp_FindServiceCBs
 .text.gattServApp_FindAuthorizeAttrCB
                0x000000000000ac98       0x16 C:\stefan\ble_keyboard\ch583\EVT\EXAM\BLE\LIB\libCH58xBLE.a(gattservapp.o)
                0x000000000000ac98                gattServApp_FindAuthorizeAttrCB
 .text.gattServApp_IsWriteLong
                0x000000000000acae       0xea C:\stefan\ble_keyboard\ch583\EVT\EXAM\BLE\LIB\libCH58xBLE.a(gattservapp.o)
                0x000000000000acae                gattServApp_IsWriteLong
 .text.gattFindService
                0x000000000000ad98       0x1c C:\stefan\ble_keyboard\ch583\EVT\EXAM\BLE\LIB\libCH58xBLE.a(gattservapp.o)
                0x000000000000ad98                gattFindService
 .text.GATT_ServiceNumAttrs
                0x000000000000adb4       0x18 C:\stefan\ble_keyboard\ch583\EVT\EXAM\BLE\LIB\libCH58xBLE.a(gattservapp.o)
                0x000000000000adb4                GATT_ServiceNumAttrs
 .text.GATT_ServiceEncKeySize
                0x000000000000adcc       0x18 C:\stefan\ble_keyboard\ch583\EVT\EXAM\BLE\LIB\libCH58xBLE.a(gattservapp.o)
                0x000000000000adcc                GATT_ServiceEncKeySize
 .text.GATT_VerifyWritePermissions.part.7
                0x000000000000ade4       0x2e C:\stefan\ble_keyboard\ch583\EVT\EXAM\BLE\LIB\libCH58xBLE.a(gattservapp.o)
 .text.gattResetServerInfo
                0x000000000000ae12       0x1c C:\stefan\ble_keyboard\ch583\EVT\EXAM\BLE\LIB\libCH58xBLE.a(gattservapp.o)
                0x000000000000ae12                gattResetServerInfo
 .text.gattFindServerInfo
                0x000000000000ae2e       0x2c C:\stefan\ble_keyboard\ch583\EVT\EXAM\BLE\LIB\libCH58xBLE.a(gattservapp.o)
                0x000000000000ae2e                gattFindServerInfo
 .text.gattServerHandleConnStatusCB
                0x000000000000ae5a       0x98 C:\stefan\ble_keyboard\ch583\EVT\EXAM\BLE\LIB\libCH58xBLE.a(gattservapp.o)
                0x000000000000ae5a                gattServerHandleConnStatusCB
 .text.gattServerProcessMsgCB
                0x000000000000aef2      0x1c0 C:\stefan\ble_keyboard\ch583\EVT\EXAM\BLE\LIB\libCH58xBLE.a(gattservapp.o)
                0x000000000000aef2                gattServerProcessMsgCB
 .text.gattServerNotifyTxCB
                0x000000000000b0b2       0x28 C:\stefan\ble_keyboard\ch583\EVT\EXAM\BLE\LIB\libCH58xBLE.a(gattservapp.o)
 .text.GATT_FindHandle
                0x000000000000b0da       0x4a C:\stefan\ble_keyboard\ch583\EVT\EXAM\BLE\LIB\libCH58xBLE.a(gattservapp.o)
                0x000000000000b0da                GATT_FindHandle
 .text.GATTServApp_WriteAttr
                0x000000000000b124       0xa8 C:\stefan\ble_keyboard\ch583\EVT\EXAM\BLE\LIB\libCH58xBLE.a(gattservapp.o)
                0x000000000000b124                GATTServApp_WriteAttr
 .text.gattServApp_ProcessExecuteWriteReq
                0x000000000000b1cc      0x100 C:\stefan\ble_keyboard\ch583\EVT\EXAM\BLE\LIB\libCH58xBLE.a(gattservapp.o)
                0x000000000000b1cc                gattServApp_ProcessExecuteWriteReq
 .text.GATTServApp_UpdateCharCfg
                0x000000000000b2cc       0x1e C:\stefan\ble_keyboard\ch583\EVT\EXAM\BLE\LIB\libCH58xBLE.a(gattservapp.o)
                0x000000000000b2cc                GATTServApp_UpdateCharCfg
 .text.gattServApp_ProcessPrepareWriteReq
                0x000000000000b2ea      0x10e C:\stefan\ble_keyboard\ch583\EVT\EXAM\BLE\LIB\libCH58xBLE.a(gattservapp.o)
                0x000000000000b2ea                gattServApp_ProcessPrepareWriteReq
 .text.gattServApp_ProcessWriteReq
                0x000000000000b3f8       0xb0 C:\stefan\ble_keyboard\ch583\EVT\EXAM\BLE\LIB\libCH58xBLE.a(gattservapp.o)
                0x000000000000b3f8                gattServApp_ProcessWriteReq
 .text.GATT_Indication
                0x000000000000b4a8       0xa4 C:\stefan\ble_keyboard\ch583\EVT\EXAM\BLE\LIB\libCH58xBLE.a(gattservapp.o)
                0x000000000000b4a8                GATT_Indication
 .text.GATT_FindHandleUUID
                0x000000000000b54c       0x94 C:\stefan\ble_keyboard\ch583\EVT\EXAM\BLE\LIB\libCH58xBLE.a(gattservapp.o)
                0x000000000000b54c                GATT_FindHandleUUID
 .text.gattProcessReadByGrpTypeReq
                0x000000000000b5e0       0x60 C:\stefan\ble_keyboard\ch583\EVT\EXAM\BLE\LIB\libCH58xBLE.a(gattservapp.o)
 .text.gattProcessReadByTypeReq
                0x000000000000b640       0x34 C:\stefan\ble_keyboard\ch583\EVT\EXAM\BLE\LIB\libCH58xBLE.a(gattservapp.o)
 .text.gattProcessFindByTypeValueReq
                0x000000000000b674       0x34 C:\stefan\ble_keyboard\ch583\EVT\EXAM\BLE\LIB\libCH58xBLE.a(gattservapp.o)
 .text.gattProcessFindInfoReq
                0x000000000000b6a8      0x1aa C:\stefan\ble_keyboard\ch583\EVT\EXAM\BLE\LIB\libCH58xBLE.a(gattservapp.o)
 .text.GATT_Notification
                0x000000000000b852       0x70 C:\stefan\ble_keyboard\ch583\EVT\EXAM\BLE\LIB\libCH58xBLE.a(gattservapp.o)
                0x000000000000b852                GATT_Notification
 .text.GATT_VerifyWritePermissions
                0x000000000000b8c2       0x6a C:\stefan\ble_keyboard\ch583\EVT\EXAM\BLE\LIB\libCH58xBLE.a(gattservapp.o)
                0x000000000000b8c2                GATT_VerifyWritePermissions
 .text.gattProcessWriteReq
                0x000000000000b92c       0x36 C:\stefan\ble_keyboard\ch583\EVT\EXAM\BLE\LIB\libCH58xBLE.a(gattservapp.o)
 .text.GATT_VerifyPrepareWritePermissions
                0x000000000000b962       0x56 C:\stefan\ble_keyboard\ch583\EVT\EXAM\BLE\LIB\libCH58xBLE.a(gattservapp.o)
                0x000000000000b962                GATT_VerifyPrepareWritePermissions
 .text.gattProcessPrepareWriteReq
                0x000000000000b9b8       0x36 C:\stefan\ble_keyboard\ch583\EVT\EXAM\BLE\LIB\libCH58xBLE.a(gattservapp.o)
 .text.GATT_FindNextAttr
                0x000000000000b9ee       0xc2 C:\stefan\ble_keyboard\ch583\EVT\EXAM\BLE\LIB\libCH58xBLE.a(gattservapp.o)
                0x000000000000b9ee                GATT_FindNextAttr
 .text.GATTServApp_ReadAttr
                0x000000000000bab0      0x2ea C:\stefan\ble_keyboard\ch583\EVT\EXAM\BLE\LIB\libCH58xBLE.a(gattservapp.o)
                0x000000000000bab0                GATTServApp_ReadAttr
 .text.gattServApp_ProcessReadMultiReq
                0x000000000000bd9a      0x16e C:\stefan\ble_keyboard\ch583\EVT\EXAM\BLE\LIB\libCH58xBLE.a(gattservapp.o)
                0x000000000000bd9a                gattServApp_ProcessReadMultiReq
 .text.gattServApp_ProcessFindByTypeValueReq
                0x000000000000bf08      0x1a0 C:\stefan\ble_keyboard\ch583\EVT\EXAM\BLE\LIB\libCH58xBLE.a(gattservapp.o)
                0x000000000000bf08                gattServApp_ProcessFindByTypeValueReq
 .text.GATT_VerifyReadPermissions
                0x000000000000c0a8       0x68 C:\stefan\ble_keyboard\ch583\EVT\EXAM\BLE\LIB\libCH58xBLE.a(gattservapp.o)
                0x000000000000c0a8                GATT_VerifyReadPermissions
 .text.gattProcessReadMultiReq
                0x000000000000c110       0xae C:\stefan\ble_keyboard\ch583\EVT\EXAM\BLE\LIB\libCH58xBLE.a(gattservapp.o)
 .text.gattProcessReadReq
                0x000000000000c1be       0x30 C:\stefan\ble_keyboard\ch583\EVT\EXAM\BLE\LIB\libCH58xBLE.a(gattservapp.o)
 .text.gattServApp_ProcessReadByGrpTypeReq
                0x000000000000c1ee      0x21c C:\stefan\ble_keyboard\ch583\EVT\EXAM\BLE\LIB\libCH58xBLE.a(gattservapp.o)
                0x000000000000c1ee                gattServApp_ProcessReadByGrpTypeReq
 .text.gattServApp_ProcessReadByTypeReq
                0x000000000000c40a      0x1ae C:\stefan\ble_keyboard\ch583\EVT\EXAM\BLE\LIB\libCH58xBLE.a(gattservapp.o)
                0x000000000000c40a                gattServApp_ProcessReadByTypeReq
 .text.GATT_RegisterService
                0x000000000000c5b8      0x100 C:\stefan\ble_keyboard\ch583\EVT\EXAM\BLE\LIB\libCH58xBLE.a(gattservapp.o)
                0x000000000000c5b8                GATT_RegisterService
 .text.GATTServApp_RegisterService
                0x000000000000c6b8       0x7c C:\stefan\ble_keyboard\ch583\EVT\EXAM\BLE\LIB\libCH58xBLE.a(gattservapp.o)
                0x000000000000c6b8                GATTServApp_RegisterService
 .text.GATTServApp_AddService
                0x000000000000c734       0x2c C:\stefan\ble_keyboard\ch583\EVT\EXAM\BLE\LIB\libCH58xBLE.a(gattservapp.o)
                0x000000000000c734                GATTServApp_AddService
 .text.GATTServApp_RegisterForMsg
                0x000000000000c760        0x6 C:\stefan\ble_keyboard\ch583\EVT\EXAM\BLE\LIB\libCH58xBLE.a(gattservapp.o)
                0x000000000000c760                GATTServApp_RegisterForMsg
 .text.GATTServApp_InitCharCfg
                0x000000000000c766       0x28 C:\stefan\ble_keyboard\ch583\EVT\EXAM\BLE\LIB\libCH58xBLE.a(gattservapp.o)
                0x000000000000c766                GATTServApp_InitCharCfg
 .text.gattServApp_HandleConnStatusCB
                0x000000000000c78e       0x74 C:\stefan\ble_keyboard\ch583\EVT\EXAM\BLE\LIB\libCH58xBLE.a(gattservapp.o)
                0x000000000000c78e                gattServApp_HandleConnStatusCB
 .text.GATT_InitServer
                0x000000000000c802       0xfa C:\stefan\ble_keyboard\ch583\EVT\EXAM\BLE\LIB\libCH58xBLE.a(gattservapp.o)
                0x000000000000c802                GATT_InitServer
 .text.GATTServApp_Init
                0x000000000000c8fc       0x34 C:\stefan\ble_keyboard\ch583\EVT\EXAM\BLE\LIB\libCH58xBLE.a(gattservapp.o)
                0x000000000000c8fc                GATTServApp_Init
 .text.GATTServApp_ProcessEvent
                0x000000000000c930      0x36a C:\stefan\ble_keyboard\ch583\EVT\EXAM\BLE\LIB\libCH58xBLE.a(gattservapp.o)
                0x000000000000c930                GATTServApp_ProcessEvent
 .text.l2capAllocConnChannel
                0x000000000000cc9a       0xe0 C:\stefan\ble_keyboard\ch583\EVT\EXAM\BLE\LIB\libCH58xBLE.a(l2cap.o)
                0x000000000000cc9a                l2capAllocConnChannel
 .text.l2capFindLocalCID
                0x000000000000cd7a       0x2c C:\stefan\ble_keyboard\ch583\EVT\EXAM\BLE\LIB\libCH58xBLE.a(l2cap.o)
                0x000000000000cd7a                l2capFindLocalCID
 .text.l2capFindLocalId
                0x000000000000cda6       0x30 C:\stefan\ble_keyboard\ch583\EVT\EXAM\BLE\LIB\libCH58xBLE.a(l2cap.o)
                0x000000000000cda6                l2capFindLocalId
 .text.l2capFindPsm
                0x000000000000cdd6       0x30 C:\stefan\ble_keyboard\ch583\EVT\EXAM\BLE\LIB\libCH58xBLE.a(l2cap.o)
                0x000000000000cdd6                l2capFindPsm
 .text.l2capFindRemoteCID
                0x000000000000ce06       0x3c C:\stefan\ble_keyboard\ch583\EVT\EXAM\BLE\LIB\libCH58xBLE.a(l2cap.o)
                0x000000000000ce06                l2capFindRemoteCID
 .text.l2capFreeChannel
                0x000000000000ce42       0x4e C:\stefan\ble_keyboard\ch583\EVT\EXAM\BLE\LIB\libCH58xBLE.a(l2cap.o)
                0x000000000000ce42                l2capFreeChannel
 .text.l2capDisconnectChannel
                0x000000000000ce90       0x28 C:\stefan\ble_keyboard\ch583\EVT\EXAM\BLE\LIB\libCH58xBLE.a(l2cap.o)
                0x000000000000ce90                l2capDisconnectChannel
 .text.l2capHandleTimerCB
                0x000000000000ceb8       0x2c C:\stefan\ble_keyboard\ch583\EVT\EXAM\BLE\LIB\libCH58xBLE.a(l2cap.o)
                0x000000000000ceb8                l2capHandleTimerCB
 .text.l2capFreePendingPkt
                0x000000000000cee4       0x58 C:\stefan\ble_keyboard\ch583\EVT\EXAM\BLE\LIB\libCH58xBLE.a(l2cap.o)
                0x000000000000cee4                l2capFreePendingPkt
 .text.l2capGetCoChannelInfo
                0x000000000000cf3c       0x86 C:\stefan\ble_keyboard\ch583\EVT\EXAM\BLE\LIB\libCH58xBLE.a(l2cap.o)
                0x000000000000cf3c                l2capGetCoChannelInfo
 .text.l2capNumActiveChannnels
                0x000000000000cfc2       0x48 C:\stefan\ble_keyboard\ch583\EVT\EXAM\BLE\LIB\libCH58xBLE.a(l2cap.o)
                0x000000000000cfc2                l2capNumActiveChannnels
 .text.l2capStartTimer
                0x000000000000d00a       0x1a C:\stefan\ble_keyboard\ch583\EVT\EXAM\BLE\LIB\libCH58xBLE.a(l2cap.o)
                0x000000000000d00a                l2capStartTimer
 .text.l2capStopTimer
                0x000000000000d024       0x1e C:\stefan\ble_keyboard\ch583\EVT\EXAM\BLE\LIB\libCH58xBLE.a(l2cap.o)
                0x000000000000d024                l2capStopTimer
 .text.l2capDisconnectAllChannels
                0x000000000000d042       0xdc C:\stefan\ble_keyboard\ch583\EVT\EXAM\BLE\LIB\libCH58xBLE.a(l2cap.o)
                0x000000000000d042                l2capDisconnectAllChannels
 .text.l2capHandleConnStatusCB
                0x000000000000d11e       0x3c C:\stefan\ble_keyboard\ch583\EVT\EXAM\BLE\LIB\libCH58xBLE.a(l2cap.o)
                0x000000000000d11e                l2capHandleConnStatusCB
 .text.l2capHandleRxError
                0x000000000000d15a        0x6 C:\stefan\ble_keyboard\ch583\EVT\EXAM\BLE\LIB\libCH58xBLE.a(l2cap.o)
                0x000000000000d15a                l2capHandleRxError
 .text.L2CAP_GetMTU
                0x000000000000d160        0x6 C:\stefan\ble_keyboard\ch583\EVT\EXAM\BLE\LIB\libCH58xBLE.a(l2cap.o)
                0x000000000000d160                L2CAP_GetMTU
 .text.L2CAP_HostNumCompletedPkts
                0x000000000000d166       0x28 C:\stefan\ble_keyboard\ch583\EVT\EXAM\BLE\LIB\libCH58xBLE.a(l2cap.o)
                0x000000000000d166                L2CAP_HostNumCompletedPkts
 .text.L2CAP_ParseConnectReq
                0x000000000000d18e       0x5e C:\stefan\ble_keyboard\ch583\EVT\EXAM\BLE\LIB\libCH58xBLE.a(l2cap.o)
                0x000000000000d18e                L2CAP_ParseConnectReq
 .text.L2CAP_ParseFlowCtrlCredit
                0x000000000000d1ec       0x2e C:\stefan\ble_keyboard\ch583\EVT\EXAM\BLE\LIB\libCH58xBLE.a(l2cap.o)
                0x000000000000d1ec                L2CAP_ParseFlowCtrlCredit
 .text.L2CAP_RegisterApp
                0x000000000000d21a       0x30 C:\stefan\ble_keyboard\ch583\EVT\EXAM\BLE\LIB\libCH58xBLE.a(l2cap.o)
                0x000000000000d21a                L2CAP_RegisterApp
 .text.L2CAP_SetBufSize
                0x000000000000d24a       0x1e C:\stefan\ble_keyboard\ch583\EVT\EXAM\BLE\LIB\libCH58xBLE.a(l2cap.o)
                0x000000000000d24a                L2CAP_SetBufSize
 .text.L2CAP_bm_alloc
                0x000000000000d268       0x2a C:\stefan\ble_keyboard\ch583\EVT\EXAM\BLE\LIB\libCH58xBLE.a(l2cap.o)
                0x000000000000d268                L2CAP_bm_alloc
 .text.L2CAP_Init
                0x000000000000d292      0x15e C:\stefan\ble_keyboard\ch583\EVT\EXAM\BLE\LIB\libCH58xBLE.a(l2cap.o)
                0x000000000000d292                L2CAP_Init
 .text.L2CAP_ProcessEvent
                0x000000000000d3f0       0xd4 C:\stefan\ble_keyboard\ch583\EVT\EXAM\BLE\LIB\libCH58xBLE.a(l2cap.o)
                0x000000000000d3f0                L2CAP_ProcessEvent
 .text.l2capParseCmdReject
                0x000000000000d4c4       0x5e C:\stefan\ble_keyboard\ch583\EVT\EXAM\BLE\LIB\libCH58xBLE.a(l2cap_input.o)
                0x000000000000d4c4                l2capParseCmdReject
 .text.l2capParseDisconnectReq
                0x000000000000d522       0x2e C:\stefan\ble_keyboard\ch583\EVT\EXAM\BLE\LIB\libCH58xBLE.a(l2cap_input.o)
                0x000000000000d522                l2capParseDisconnectReq
 .text.l2capParseDisconnectRsp
                0x000000000000d550       0x2e C:\stefan\ble_keyboard\ch583\EVT\EXAM\BLE\LIB\libCH58xBLE.a(l2cap_input.o)
                0x000000000000d550                l2capParseDisconnectRsp
 .text.L2CAP_ParseParamUpdateReq
                0x000000000000d57e       0x4e C:\stefan\ble_keyboard\ch583\EVT\EXAM\BLE\LIB\libCH58xBLE.a(l2cap_input.o)
                0x000000000000d57e                L2CAP_ParseParamUpdateReq
 .text.l2capParseParamUpdateRsp
                0x000000000000d5cc       0x1e C:\stefan\ble_keyboard\ch583\EVT\EXAM\BLE\LIB\libCH58xBLE.a(l2cap_input.o)
                0x000000000000d5cc                l2capParseParamUpdateRsp
 .text.l2capProcessConnectReq
                0x000000000000d5ea       0xfc C:\stefan\ble_keyboard\ch583\EVT\EXAM\BLE\LIB\libCH58xBLE.a(l2cap_input.o)
                0x000000000000d5ea                l2capProcessConnectReq
 .text.l2capParseConnectRsp
                0x000000000000d6e6       0x5e C:\stefan\ble_keyboard\ch583\EVT\EXAM\BLE\LIB\libCH58xBLE.a(l2cap_input.o)
                0x000000000000d6e6                l2capParseConnectRsp
 .text.l2capParseSignalHdr
                0x000000000000d744       0x22 C:\stefan\ble_keyboard\ch583\EVT\EXAM\BLE\LIB\libCH58xBLE.a(l2cap_input.o)
                0x000000000000d744                l2capParseSignalHdr
 .text.l2capParsePacket
                0x000000000000d766       0x8c C:\stefan\ble_keyboard\ch583\EVT\EXAM\BLE\LIB\libCH58xBLE.a(l2cap_input.o)
                0x000000000000d766                l2capParsePacket
 .text.l2capProcessReq
                0x000000000000d7f2      0x15e C:\stefan\ble_keyboard\ch583\EVT\EXAM\BLE\LIB\libCH58xBLE.a(l2cap_input.o)
                0x000000000000d7f2                l2capProcessReq
 .text.l2capProcessRsp
                0x000000000000d950      0x150 C:\stefan\ble_keyboard\ch583\EVT\EXAM\BLE\LIB\libCH58xBLE.a(l2cap_input.o)
                0x000000000000d950                l2capProcessRsp
 .text.l2capProcessRxData
                0x000000000000daa0       0xf8 C:\stefan\ble_keyboard\ch583\EVT\EXAM\BLE\LIB\libCH58xBLE.a(l2cap_input.o)
                0x000000000000daa0                l2capProcessRxData
 .text.l2capNotifyData
                0x000000000000db98       0x5e C:\stefan\ble_keyboard\ch583\EVT\EXAM\BLE\LIB\libCH58xBLE.a(l2cap_output.o)
                0x000000000000db98                l2capNotifyData
 .text.l2capNotifySignal
                0x000000000000dbf6       0x7a C:\stefan\ble_keyboard\ch583\EVT\EXAM\BLE\LIB\libCH58xBLE.a(l2cap_output.o)
                0x000000000000dbf6                l2capNotifySignal
 .text.l2capNotifyCreditEvt
                0x000000000000dc70       0xa4 C:\stefan\ble_keyboard\ch583\EVT\EXAM\BLE\LIB\libCH58xBLE.a(l2cap_output.o)
                0x000000000000dc70                l2capNotifyCreditEvt
 .text.l2capNotifyChannelEstEvt
                0x000000000000dd14       0x5c C:\stefan\ble_keyboard\ch583\EVT\EXAM\BLE\LIB\libCH58xBLE.a(l2cap_output.o)
                0x000000000000dd14                l2capNotifyChannelEstEvt
 .text.l2capNotifyChannelTermEvt
                0x000000000000dd70       0x3e C:\stefan\ble_keyboard\ch583\EVT\EXAM\BLE\LIB\libCH58xBLE.a(l2cap_output.o)
                0x000000000000dd70                l2capNotifyChannelTermEvt
 .text.l2capNotifyEvent
                0x000000000000ddae       0x66 C:\stefan\ble_keyboard\ch583\EVT\EXAM\BLE\LIB\libCH58xBLE.a(l2cap_output.o)
                0x000000000000ddae                l2capNotifyEvent
 .text.l2capStoreFCPkt
                0x000000000000de14       0x32 C:\stefan\ble_keyboard\ch583\EVT\EXAM\BLE\LIB\libCH58xBLE.a(l2cap_output.o)
                0x000000000000de14                l2capStoreFCPkt
 .text.l2capFreeTxSDU
                0x000000000000de46       0x9e C:\stefan\ble_keyboard\ch583\EVT\EXAM\BLE\LIB\libCH58xBLE.a(l2cap_output.o)
                0x000000000000de46                l2capFreeTxSDU
 .text.l2capReassembleSegment
                0x000000000000dee4      0x178 C:\stefan\ble_keyboard\ch583\EVT\EXAM\BLE\LIB\libCH58xBLE.a(l2cap_output.o)
                0x000000000000dee4                l2capReassembleSegment
 .text.l2capEncapSendData
                0x000000000000e05c       0xf0 C:\stefan\ble_keyboard\ch583\EVT\EXAM\BLE\LIB\libCH58xBLE.a(l2cap_output.o)
                0x000000000000e05c                l2capEncapSendData
 .text.l2capSendFCPkt.part.3
                0x000000000000e14c       0x70 C:\stefan\ble_keyboard\ch583\EVT\EXAM\BLE\LIB\libCH58xBLE.a(l2cap_output.o)
 .text.l2capSendSegment
                0x000000000000e1bc      0x108 C:\stefan\ble_keyboard\ch583\EVT\EXAM\BLE\LIB\libCH58xBLE.a(l2cap_output.o)
                0x000000000000e1bc                l2capSendSegment
 .text.l2capSendNextSegment
                0x000000000000e2c4       0xb4 C:\stefan\ble_keyboard\ch583\EVT\EXAM\BLE\LIB\libCH58xBLE.a(l2cap_output.o)
                0x000000000000e2c4                l2capSendNextSegment
 .text.l2capSendPkt
                0x000000000000e378       0x3a C:\stefan\ble_keyboard\ch583\EVT\EXAM\BLE\LIB\libCH58xBLE.a(l2cap_output.o)
                0x000000000000e378                l2capSendPkt
 .text.L2CAP_SendData
                0x000000000000e3b2       0x82 C:\stefan\ble_keyboard\ch583\EVT\EXAM\BLE\LIB\libCH58xBLE.a(l2cap_output.o)
                0x000000000000e3b2                L2CAP_SendData
 .text.l2capSendCmd
                0x000000000000e434       0x8a C:\stefan\ble_keyboard\ch583\EVT\EXAM\BLE\LIB\libCH58xBLE.a(l2cap_output.o)
                0x000000000000e434                l2capSendCmd
 .text.l2capSendReq
                0x000000000000e4be       0xc8 C:\stefan\ble_keyboard\ch583\EVT\EXAM\BLE\LIB\libCH58xBLE.a(l2cap_output.o)
                0x000000000000e4be                l2capSendReq
 .text.l2capBuildDisconnectReq
                0x000000000000e586       0x28 C:\stefan\ble_keyboard\ch583\EVT\EXAM\BLE\LIB\libCH58xBLE.a(l2cap_sdu.o)
 .text.l2capBuildParamUpdateReq
                0x000000000000e5ae       0x4c C:\stefan\ble_keyboard\ch583\EVT\EXAM\BLE\LIB\libCH58xBLE.a(l2cap_sdu.o)
 .text.l2capBuildParamUpdateRsp
                0x000000000000e5fa       0x16 C:\stefan\ble_keyboard\ch583\EVT\EXAM\BLE\LIB\libCH58xBLE.a(l2cap_sdu.o)
 .text.l2capBuildConnectRsp
                0x000000000000e610       0x5e C:\stefan\ble_keyboard\ch583\EVT\EXAM\BLE\LIB\libCH58xBLE.a(l2cap_sdu.o)
 .text.l2capBuildCmdReject
                0x000000000000e66e       0x62 C:\stefan\ble_keyboard\ch583\EVT\EXAM\BLE\LIB\libCH58xBLE.a(l2cap_sdu.o)
                0x000000000000e66e                l2capBuildCmdReject
 .text.l2capBuildDisconnectRsp
                0x000000000000e6d0       0x28 C:\stefan\ble_keyboard\ch583\EVT\EXAM\BLE\LIB\libCH58xBLE.a(l2cap_sdu.o)
                0x000000000000e6d0                l2capBuildDisconnectRsp
 .text.l2capSendConnectRsp
                0x000000000000e6f8       0xaa C:\stefan\ble_keyboard\ch583\EVT\EXAM\BLE\LIB\libCH58xBLE.a(l2cap_sdu.o)
                0x000000000000e6f8                l2capSendConnectRsp
 .text.L2CAP_CmdReject
                0x000000000000e7a2       0x12 C:\stefan\ble_keyboard\ch583\EVT\EXAM\BLE\LIB\libCH58xBLE.a(l2cap_sdu.o)
                0x000000000000e7a2                L2CAP_CmdReject
 .text.L2CAP_DisconnectReq
                0x000000000000e7b4       0x2a C:\stefan\ble_keyboard\ch583\EVT\EXAM\BLE\LIB\libCH58xBLE.a(l2cap_sdu.o)
                0x000000000000e7b4                L2CAP_DisconnectReq
 .text.L2CAP_ConnParamUpdateReq
                0x000000000000e7de       0x16 C:\stefan\ble_keyboard\ch583\EVT\EXAM\BLE\LIB\libCH58xBLE.a(l2cap_sdu.o)
                0x000000000000e7de                L2CAP_ConnParamUpdateReq
 .text.L2CAP_ConnParamUpdateRsp
                0x000000000000e7f4       0x12 C:\stefan\ble_keyboard\ch583\EVT\EXAM\BLE\LIB\libCH58xBLE.a(l2cap_sdu.o)
                0x000000000000e7f4                L2CAP_ConnParamUpdateRsp
 .text.reportStatusChange
                0x000000000000e806       0x3e C:\stefan\ble_keyboard\ch583\EVT\EXAM\BLE\LIB\libCH58xBLE.a(linkdb.o)
 .text.linkDB_Init
                0x000000000000e844       0xa8 C:\stefan\ble_keyboard\ch583\EVT\EXAM\BLE\LIB\libCH58xBLE.a(linkdb.o)
                0x000000000000e844                linkDB_Init
 .text.linkDB_Find
                0x000000000000e8ec       0x34 C:\stefan\ble_keyboard\ch583\EVT\EXAM\BLE\LIB\libCH58xBLE.a(linkdb.o)
                0x000000000000e8ec                linkDB_Find
 .text.linkDB_Authen
                0x000000000000e920       0x5c C:\stefan\ble_keyboard\ch583\EVT\EXAM\BLE\LIB\libCH58xBLE.a(linkdb.o)
                0x000000000000e920                linkDB_Authen
 .text.linkDB_FindByAddr
                0x000000000000e97c       0x82 C:\stefan\ble_keyboard\ch583\EVT\EXAM\BLE\LIB\libCH58xBLE.a(linkdb.o)
                0x000000000000e97c                linkDB_FindByAddr
 .text.linkDB_FindFirst
                0x000000000000e9fe       0x40 C:\stefan\ble_keyboard\ch583\EVT\EXAM\BLE\LIB\libCH58xBLE.a(linkdb.o)
                0x000000000000e9fe                linkDB_FindFirst
 .text.linkDB_MTU
                0x000000000000ea3e       0x18 C:\stefan\ble_keyboard\ch583\EVT\EXAM\BLE\LIB\libCH58xBLE.a(linkdb.o)
                0x000000000000ea3e                linkDB_MTU
 .text.linkDB_NumActive
                0x000000000000ea56       0x36 C:\stefan\ble_keyboard\ch583\EVT\EXAM\BLE\LIB\libCH58xBLE.a(linkdb.o)
                0x000000000000ea56                linkDB_NumActive
 .text.linkDB_NumConns
                0x000000000000ea8c        0xa C:\stefan\ble_keyboard\ch583\EVT\EXAM\BLE\LIB\libCH58xBLE.a(linkdb.o)
                0x000000000000ea8c                linkDB_NumConns
 .text.linkDB_Register
                0x000000000000ea96       0x28 C:\stefan\ble_keyboard\ch583\EVT\EXAM\BLE\LIB\libCH58xBLE.a(linkdb.o)
                0x000000000000ea96                linkDB_Register
 .text.linkDB_Remove
                0x000000000000eabe       0x4c C:\stefan\ble_keyboard\ch583\EVT\EXAM\BLE\LIB\libCH58xBLE.a(linkdb.o)
                0x000000000000eabe                linkDB_Remove
 .text.linkDB_Role
                0x000000000000eb0a       0x18 C:\stefan\ble_keyboard\ch583\EVT\EXAM\BLE\LIB\libCH58xBLE.a(linkdb.o)
                0x000000000000eb0a                linkDB_Role
 .text.linkDB_State
                0x000000000000eb22       0x30 C:\stefan\ble_keyboard\ch583\EVT\EXAM\BLE\LIB\libCH58xBLE.a(linkdb.o)
                0x000000000000eb22                linkDB_State
 .text.linkDB_UpdateMTU
                0x000000000000eb52       0x28 C:\stefan\ble_keyboard\ch583\EVT\EXAM\BLE\LIB\libCH58xBLE.a(linkdb.o)
                0x000000000000eb52                linkDB_UpdateMTU
 .text.linkDB_PerformFunc
                0x000000000000eb7a       0x5a C:\stefan\ble_keyboard\ch583\EVT\EXAM\BLE\LIB\libCH58xBLE.a(linkdb.o)
                0x000000000000eb7a                linkDB_PerformFunc
 .text.linkDB_PeripheralLinkNum
                0x000000000000ebd4       0x46 C:\stefan\ble_keyboard\ch583\EVT\EXAM\BLE\LIB\libCH58xBLE.a(linkdb.o)
                0x000000000000ebd4                linkDB_PeripheralLinkNum
 .text.linkDB_GetSMEvtID
                0x000000000000ec1a       0x60 C:\stefan\ble_keyboard\ch583\EVT\EXAM\BLE\LIB\libCH58xBLE.a(linkdb.o)
                0x000000000000ec1a                linkDB_GetSMEvtID
 .text.linkDB_Add
                0x000000000000ec7a       0xb2 C:\stefan\ble_keyboard\ch583\EVT\EXAM\BLE\LIB\libCH58xBLE.a(linkdb.o)
                0x000000000000ec7a                linkDB_Add
 .text.linkDB_GetHandleFromSMEvtID
                0x000000000000ed2c       0x3a C:\stefan\ble_keyboard\ch583\EVT\EXAM\BLE\LIB\libCH58xBLE.a(linkdb.o)
                0x000000000000ed2c                linkDB_GetHandleFromSMEvtID
 .text.linkDB_GetPairingParam
                0x000000000000ed66       0x76 C:\stefan\ble_keyboard\ch583\EVT\EXAM\BLE\LIB\libCH58xBLE.a(linkdb.o)
                0x000000000000ed66                linkDB_GetPairingParam
 .text.linkDB_NeedSendKey
                0x000000000000eddc       0x4c C:\stefan\ble_keyboard\ch583\EVT\EXAM\BLE\LIB\libCH58xBLE.a(linkdb.o)
                0x000000000000eddc                linkDB_NeedSendKey
 .text.smStartRspTimer
                0x000000000000ee28       0x3a C:\stefan\ble_keyboard\ch583\EVT\EXAM\BLE\LIB\libCH58xBLE.a(sm.o)
 .text.smStartEncryption
                0x000000000000ee62       0xa0 C:\stefan\ble_keyboard\ch583\EVT\EXAM\BLE\LIB\libCH58xBLE.a(sm.o)
 .text.smFreePairingParams
                0x000000000000ef02       0x7e C:\stefan\ble_keyboard\ch583\EVT\EXAM\BLE\LIB\libCH58xBLE.a(sm.o)
                0x000000000000ef02                smFreePairingParams
 .text.smEndPairing
                0x000000000000ef80       0x60 C:\stefan\ble_keyboard\ch583\EVT\EXAM\BLE\LIB\libCH58xBLE.a(sm.o)
                0x000000000000ef80                smEndPairing
 .text.smLinkCheck
                0x000000000000efe0       0x34 C:\stefan\ble_keyboard\ch583\EVT\EXAM\BLE\LIB\libCH58xBLE.a(sm.o)
                0x000000000000efe0                smLinkCheck
 .text.smNextPairingState
                0x000000000000f014       0x60 C:\stefan\ble_keyboard\ch583\EVT\EXAM\BLE\LIB\libCH58xBLE.a(sm.o)
                0x000000000000f014                smNextPairingState
 .text.smProcessEncryptChange
                0x000000000000f074       0xf8 C:\stefan\ble_keyboard\ch583\EVT\EXAM\BLE\LIB\libCH58xBLE.a(sm.o)
                0x000000000000f074                smProcessEncryptChange
 .text.smSendSMMsg
                0x000000000000f16c       0x5c C:\stefan\ble_keyboard\ch583\EVT\EXAM\BLE\LIB\libCH58xBLE.a(sm.o)
                0x000000000000f16c                smSendSMMsg
 .text.smSendFailAndEnd
                0x000000000000f1c8       0x38 C:\stefan\ble_keyboard\ch583\EVT\EXAM\BLE\LIB\libCH58xBLE.a(sm.o)
                0x000000000000f1c8                smSendFailAndEnd
 .text.smProcessPairingReq
                0x000000000000f200       0x40 C:\stefan\ble_keyboard\ch583\EVT\EXAM\BLE\LIB\libCH58xBLE.a(sm.o)
                0x000000000000f200                smProcessPairingReq
 .text.smSetPairingReqRsp
                0x000000000000f240       0x3c C:\stefan\ble_keyboard\ch583\EVT\EXAM\BLE\LIB\libCH58xBLE.a(sm.o)
                0x000000000000f240                smSetPairingReqRsp
 .text.SM_StartEncryption
                0x000000000000f27c       0x1a C:\stefan\ble_keyboard\ch583\EVT\EXAM\BLE\LIB\libCH58xBLE.a(sm.o)
                0x000000000000f27c                SM_StartEncryption
 .text.sm_dhkey
                0x000000000000f296       0x3e C:\stefan\ble_keyboard\ch583\EVT\EXAM\BLE\LIB\libCH58xBLE.a(sm.o)
                0x000000000000f296                sm_dhkey
 .text.sm_c1    0x000000000000f2d4       0xb4 C:\stefan\ble_keyboard\ch583\EVT\EXAM\BLE\LIB\libCH58xBLE.a(sm.o)
                0x000000000000f2d4                sm_c1
 .text.smDetermineKeySize
                0x000000000000f388       0x20 C:\stefan\ble_keyboard\ch583\EVT\EXAM\BLE\LIB\libCH58xBLE.a(sm.o)
                0x000000000000f388                smDetermineKeySize
 .text.smpParsePairingReq
                0x000000000000f3a8      0x118 C:\stefan\ble_keyboard\ch583\EVT\EXAM\BLE\LIB\libCH58xBLE.a(sm.o)
                0x000000000000f3a8                smpParsePairingReq
 .text.smpParseEncInfo
                0x000000000000f4c0       0x2a C:\stefan\ble_keyboard\ch583\EVT\EXAM\BLE\LIB\libCH58xBLE.a(sm.o)
                0x000000000000f4c0                smpParseEncInfo
 .text.smpParseIdentityAddrInfo
                0x000000000000f4ea       0x34 C:\stefan\ble_keyboard\ch583\EVT\EXAM\BLE\LIB\libCH58xBLE.a(sm.o)
                0x000000000000f4ea                smpParseIdentityAddrInfo
 .text.smpParseIdentityInfo
                0x000000000000f51e       0x2a C:\stefan\ble_keyboard\ch583\EVT\EXAM\BLE\LIB\libCH58xBLE.a(sm.o)
                0x000000000000f51e                smpParseIdentityInfo
 .text.smpParseMasterID
                0x000000000000f548       0x3c C:\stefan\ble_keyboard\ch583\EVT\EXAM\BLE\LIB\libCH58xBLE.a(sm.o)
                0x000000000000f548                smpParseMasterID
 .text.smpParsePairingConfirm
                0x000000000000f584       0x2a C:\stefan\ble_keyboard\ch583\EVT\EXAM\BLE\LIB\libCH58xBLE.a(sm.o)
                0x000000000000f584                smpParsePairingConfirm
 .text.smpParsePairingFailed
                0x000000000000f5ae       0x1c C:\stefan\ble_keyboard\ch583\EVT\EXAM\BLE\LIB\libCH58xBLE.a(sm.o)
                0x000000000000f5ae                smpParsePairingFailed
 .text.smpParsePairingRandom
                0x000000000000f5ca       0x2a C:\stefan\ble_keyboard\ch583\EVT\EXAM\BLE\LIB\libCH58xBLE.a(sm.o)
                0x000000000000f5ca                smpParsePairingRandom
 .text.smpParseSigningInfo
                0x000000000000f5f4       0x2a C:\stefan\ble_keyboard\ch583\EVT\EXAM\BLE\LIB\libCH58xBLE.a(sm.o)
                0x000000000000f5f4                smpParseSigningInfo
 .text.smpParsePairingPublicKey
                0x000000000000f61e       0x2c C:\stefan\ble_keyboard\ch583\EVT\EXAM\BLE\LIB\libCH58xBLE.a(sm.o)
                0x000000000000f61e                smpParsePairingPublicKey
 .text.smpParsePairingDHKeyCheck
                0x000000000000f64a       0x2a C:\stefan\ble_keyboard\ch583\EVT\EXAM\BLE\LIB\libCH58xBLE.a(sm.o)
                0x000000000000f64a                smpParsePairingDHKeyCheck
 .text.smProcessDataMsg
                0x000000000000f674      0x104 C:\stefan\ble_keyboard\ch583\EVT\EXAM\BLE\LIB\libCH58xBLE.a(sm.o)
                0x000000000000f674                smProcessDataMsg
 .text.smProcessTMOSMsg
                0x000000000000f778      0x170 C:\stefan\ble_keyboard\ch583\EVT\EXAM\BLE\LIB\libCH58xBLE.a(sm.o)
                0x000000000000f778                smProcessTMOSMsg
 .text.SM_CalcRandomAddr
                0x000000000000f8e8       0x54 C:\stefan\ble_keyboard\ch583\EVT\EXAM\BLE\LIB\libCH58xBLE.a(sm.o)
                0x000000000000f8e8                SM_CalcRandomAddr
 .text.SM_GenerateAuthenSig
                0x000000000000f93c       0xe6 C:\stefan\ble_keyboard\ch583\EVT\EXAM\BLE\LIB\libCH58xBLE.a(sm.o)
                0x000000000000f93c                SM_GenerateAuthenSig
 .text.SM_PasskeyUpdate
                0x000000000000fa22       0xe8 C:\stefan\ble_keyboard\ch583\EVT\EXAM\BLE\LIB\libCH58xBLE.a(sm.o)
                0x000000000000fa22                SM_PasskeyUpdate
 .text.SM_ResolveRandomAddrs
                0x000000000000fb0a       0x5e C:\stefan\ble_keyboard\ch583\EVT\EXAM\BLE\LIB\libCH58xBLE.a(sm.o)
                0x000000000000fb0a                SM_ResolveRandomAddrs
 .text.SM_StartPairing
                0x000000000000fb68       0xc2 C:\stefan\ble_keyboard\ch583\EVT\EXAM\BLE\LIB\libCH58xBLE.a(sm.o)
                0x000000000000fb68                SM_StartPairing
 .text.SM_VerifyAuthenSig
                0x000000000000fc2a      0x150 C:\stefan\ble_keyboard\ch583\EVT\EXAM\BLE\LIB\libCH58xBLE.a(sm.o)
                0x000000000000fc2a                SM_VerifyAuthenSig
 .text.SM_ProcessEvent
                0x000000000000fd7a       0xb4 C:\stefan\ble_keyboard\ch583\EVT\EXAM\BLE\LIB\libCH58xBLE.a(sm.o)
                0x000000000000fd7a                SM_ProcessEvent
 .text.SM_ParamInit
                0x000000000000fe2e       0x66 C:\stefan\ble_keyboard\ch583\EVT\EXAM\BLE\LIB\libCH58xBLE.a(sm.o)
                0x000000000000fe2e                SM_ParamInit
 .text.SM_InitiatorInit
                0x000000000000fe94       0x22 C:\stefan\ble_keyboard\ch583\EVT\EXAM\BLE\LIB\libCH58xBLE.a(sm.o)
                0x000000000000fe94                SM_InitiatorInit
 .text.SM_ResponderInit
                0x000000000000feb6       0x22 C:\stefan\ble_keyboard\ch583\EVT\EXAM\BLE\LIB\libCH58xBLE.a(sm.o)
                0x000000000000feb6                SM_ResponderInit
 .text.SM_Init  0x000000000000fed8       0x2a C:\stefan\ble_keyboard\ch583\EVT\EXAM\BLE\LIB\libCH58xBLE.a(sm.o)
                0x000000000000fed8                SM_Init
 .text.smpInitiatorProcessPairingRsp
                0x000000000000ff02      0x278 C:\stefan\ble_keyboard\ch583\EVT\EXAM\BLE\LIB\libCH58xBLE.a(sm_initiator.o)
                0x000000000000ff02                smpInitiatorProcessPairingRsp
 .text.smInitiatorSendNextKeyInfo
                0x000000000001017a      0x26e C:\stefan\ble_keyboard\ch583\EVT\EXAM\BLE\LIB\libCH58xBLE.a(sm_initiator.o)
                0x000000000001017a                smInitiatorSendNextKeyInfo
 .text.setupInitiatorKeys
                0x00000000000103e8       0x88 C:\stefan\ble_keyboard\ch583\EVT\EXAM\BLE\LIB\libCH58xBLE.a(sm_initiator.o)
 .text.smpInitiatorProcessIncoming
                0x0000000000010470      0x418 C:\stefan\ble_keyboard\ch583\EVT\EXAM\BLE\LIB\libCH58xBLE.a(sm_initiator.o)
                0x0000000000010470                smpInitiatorProcessIncoming
 .text.smpBuildPairingReqRsp
                0x0000000000010888       0xc6 C:\stefan\ble_keyboard\ch583\EVT\EXAM\BLE\LIB\libCH58xBLE.a(sm_pdu.o)
 .text.smpBuildPairingReq
                0x000000000001094e        0xa C:\stefan\ble_keyboard\ch583\EVT\EXAM\BLE\LIB\libCH58xBLE.a(sm_pdu.o)
                0x000000000001094e                smpBuildPairingReq